
 Start Length Name Class
 0001:00401000 00017E38AH _TEXT                  CODE
 0002:00580000 00024D4ACH _DATA                  DATA
 0003:007CD4AC 00000A154H _BSS                   BSS
 0004:00000000 00000009CH _TLS                   TLS


Detailed map of segments
 0001:00000504 00000171 C=CODE    S=_TEXT    G=(none)   M=C:\WORK\ERRORI\INFORM\OBJ\TEST.OBJ ACBP=A9
 0001:00000678 00000205 C=CODE    S=_TEXT    G=(none)   M=C:\WORK\ERRORI\INFORM\OBJ\TBANDA.OBJ ACBP=A9
 0001:00000880 00000262 C=CODE    S=_TEXT    G=(none)   M=C:\WORK\ERRORI\INFORM\OBJ\TSOPORTE.OBJ ACBP=A9
 0001:00000AE4 00000A47 C=CODE    S=_TEXT    G=(none)   M=C:\WORK\ERRORI\INFORM\OBJ\LISTPROPEX.OBJ ACBP=A9
 0001:0000152C 00000163 C=CODE    S=_TEXT    G=(none)   M=C:\WORK\BCC7\LIB\C0W32.OBJ ACBP=A9
 0001:00001690 00000028 C=CODE    S=_TEXT    G=(none)   M=C:\WORK\BCC7\LIB\CW32.LIB|delaop ACBP=A9
 0001:000016B8 0000002E C=CODE    S=_TEXT    G=(none)   M=C:\WORK\BCC7\LIB\CW32.LIB|delop ACBP=A9
 0001:000016E8 0000009D C=CODE    S=_TEXT    G=(none)   M=C:\WORK\BCC7\LIB\CW32.LIB|exceptio ACBP=A9
 0001:00001785 0000009B C=CODE    S=_TEXT    G=(none)   M=C:\WORK\BCC7\LIB\CW32.LIB|gccex ACBP=A9
 0001:00001820 000011DC C=CODE    S=_TEXT    G=(none)   M=C:\WORK\BCC7\LIB\CW32.LIB|inst ACBP=A9
 0001:000029FC 0000245C C=CODE    S=_TEXT    G=(none)   M=C:\WORK\BCC7\LIB\CW32.LIB|ios ACBP=A9
 0001:00004E30 00004A2E C=CODE    S=_TEXT    G=(none)   M=C:\WORK\BCC7\LIB\CW32.LIB|iostream ACBP=A9
 0001:00009838 000002EF C=CODE    S=_TEXT    G=(none)   M=C:\WORK\BCC7\LIB\CW32.LIB|dwlocale ACBP=A9
 0001:00009B00 00002106 C=CODE    S=_TEXT    G=(none)   M=C:\WORK\BCC7\LIB\CW32.LIB|locale0 ACBP=A9
 0001:0000BC06 00000019 C=CODE    S=_TEXT    G=(none)   M=C:\WORK\BCC7\LIB\CW32.LIB|new ACBP=A9
 0001:0000BC08 00000074 C=CODE    S=_TEXT    G=(none)   M=C:\WORK\BCC7\LIB\CW32.LIB|newaop ACBP=A9
 0001:0000BC30 0000011E C=CODE    S=_TEXT    G=(none)   M=C:\WORK\BCC7\LIB\CW32.LIB|newop ACBP=A9
 0001:0000BD2B 00001DC2 C=CODE    S=_TEXT    G=(none)   M=C:\WORK\BCC7\LIB\CW32.LIB|string ACBP=A9
 0001:0000DAC8 000043B1 C=CODE    S=_TEXT    G=(none)   M=C:\WORK\BCC7\LIB\CW32.LIB|wiostrea ACBP=A9
 0001:00011E51 000000D4 C=CODE    S=_TEXT    G=(none)   M=C:\WORK\BCC7\LIB\CW32.LIB|xlocinfo ACBP=A9
 0001:00011F28 00000110 C=CODE    S=_TEXT    G=(none)   M=C:\WORK\BCC7\LIB\CW32.LIB|xstart ACBP=A9
 0001:00012038 00000027 C=CODE    S=_TEXT    G=(none)   M=C:\WORK\BCC7\LIB\CW32.LIB|wchar ACBP=A9
 0001:00012060 0000014B C=CODE    S=_TEXT    G=(none)   M=C:\WORK\BCC7\LIB\CW32.LIB|hrdir_b ACBP=A9
 0001:000121AC 00000013 C=CODE    S=_TEXT    G=(none)   M=C:\WORK\BCC7\LIB\CW32.LIB|hrdir_c ACBP=A9
 0001:000121C0 00000020 C=CODE    S=_TEXT    G=(none)   M=C:\WORK\BCC7\LIB\CW32.LIB|hrdir_mf ACBP=A9
 0001:000121E0 00000016 C=CODE    S=_TEXT    G=(none)   M=C:\WORK\BCC7\LIB\CW32.LIB|hrdir_r ACBP=A9
 0001:000121F8 000000DC C=CODE    S=_TEXT    G=(none)   M=C:\WORK\BCC7\LIB\CW32.LIB|hrdir_s ACBP=A9
 0001:000122D4 00000001 C=CODE    S=_TEXT    G=(none)   M=C:\WORK\BCC7\LIB\CW32.LIB|hrdir_us ACBP=A9
 0001:000122D8 000001DF C=CODE    S=_TEXT    G=(none)   M=C:\WORK\BCC7\LIB\CW32.LIB|vnewldtc ACBP=A9
 0001:000124B8 00000DC2 C=CODE    S=_TEXT    G=(none)   M=C:\WORK\BCC7\LIB\CW32.LIB|_fastmm ACBP=A9
 0001:0001327C 00000B42 C=CODE    S=_TEXT    G=(none)   M=C:\WORK\BCC7\LIB\CW32.LIB|_fastmma ACBP=A9
 0001:00013DC0 0000004A C=CODE    S=_TEXT    G=(none)   M=C:\WORK\BCC7\LIB\CW32.LIB|heap ACBP=A9
 0001:00013E0C 00000065 C=CODE    S=_TEXT    G=(none)   M=C:\WORK\BCC7\LIB\CW32.LIB|realloc ACBP=A9
 0001:00013E74 00000001 C=CODE    S=_TEXT    G=(none)   M=C:\WORK\BCC7\LIB\CW32.LIB|crtlst_i ACBP=A9
 0001:00013E78 00000001 C=CODE    S=_TEXT    G=(none)   M=C:\WORK\BCC7\LIB\CW32.LIB|crtlst_l ACBP=A9
 0001:00013E7C 00000032 C=CODE    S=_TEXT    G=(none)   M=C:\WORK\BCC7\LIB\CW32.LIB|strdup ACBP=A9
 0001:00013EB0 00000029 C=CODE    S=_TEXT    G=(none)   M=C:\WORK\BCC7\LIB\CW32.LIB|strrchr ACBP=A9
 0001:00013EDC 00000060 C=CODE    S=_TEXT    G=(none)   M=C:\WORK\BCC7\LIB\CW32.LIB|strstr ACBP=A9
 0001:00013F3C 0000003F C=CODE    S=_TEXT    G=(none)   M=C:\WORK\BCC7\LIB\CW32.LIB|wcscpy ACBP=A9
 0001:00013F7C 00000018 C=CODE    S=_TEXT    G=(none)   M=C:\WORK\BCC7\LIB\CW32.LIB|wcslen ACBP=A9
 0001:00013F94 0000000A C=CODE    S=_TEXT    G=(none)   M=C:\WORK\BCC7\LIB\CW32.LIB|__strchr ACBP=A9
 0001:00013FA0 00000037 C=CODE    S=_TEXT    G=(none)   M=C:\WORK\BCC7\LIB\CW32.LIB|_stpcpy ACBP=A9
 0001:00013FD8 00000055 C=CODE    S=_TEXT    G=(none)   M=C:\WORK\BCC7\LIB\CW32.LIB|memchr ACBP=A9
 0001:00014030 0000006C C=CODE    S=_TEXT    G=(none)   M=C:\WORK\BCC7\LIB\CW32.LIB|memcmp ACBP=A9
 0001:0001409C 00000016 C=CODE    S=_TEXT    G=(none)   M=C:\WORK\BCC7\LIB\CW32.LIB|memcpy ACBP=A9
 0001:000140B4 00000117 C=CODE    S=_TEXT    G=(none)   M=C:\WORK\BCC7\LIB\CW32.LIB|memmove ACBP=A9
 0001:000141CC 000000B3 C=CODE    S=_TEXT    G=(none)   M=C:\WORK\BCC7\LIB\CW32.LIB|memset ACBP=A9
 0001:00014280 0000005D C=CODE    S=_TEXT    G=(none)   M=C:\WORK\BCC7\LIB\CW32.LIB|strcat ACBP=A9
 0001:000142E0 0000004E C=CODE    S=_TEXT    G=(none)   M=C:\WORK\BCC7\LIB\CW32.LIB|strchr ACBP=A9
 0001:00014330 0000004D C=CODE    S=_TEXT    G=(none)   M=C:\WORK\BCC7\LIB\CW32.LIB|strcmp ACBP=A9
 0001:00014380 00000049 C=CODE    S=_TEXT    G=(none)   M=C:\WORK\BCC7\LIB\CW32.LIB|strcpy ACBP=A9
 0001:000143CC 0000005A C=CODE    S=_TEXT    G=(none)   M=C:\WORK\BCC7\LIB\CW32.LIB|strlen ACBP=A9
 0001:00014428 0000007A C=CODE    S=_TEXT    G=(none)   M=C:\WORK\BCC7\LIB\CW32.LIB|strncat ACBP=A9
 0001:000144A4 0000005F C=CODE    S=_TEXT    G=(none)   M=C:\WORK\BCC7\LIB\CW32.LIB|strncmp ACBP=A9
 0001:00014504 00000057 C=CODE    S=_TEXT    G=(none)   M=C:\WORK\BCC7\LIB\CW32.LIB|wcscmp ACBP=A9
 0001:0001455C 0000001C C=CODE    S=_TEXT    G=(none)   M=C:\WORK\BCC7\LIB\CW32.LIB|wmemcpy ACBP=A9
 0001:00014578 000000DF C=CODE    S=_TEXT    G=(none)   M=C:\WORK\BCC7\LIB\CW32.LIB|wmemset ACBP=A9
 0001:00014658 00000040 C=CODE    S=_TEXT    G=(none)   M=C:\WORK\BCC7\LIB\CW32.LIB|__access ACBP=A9
 0001:00014698 00000063 C=CODE    S=_TEXT    G=(none)   M=C:\WORK\BCC7\LIB\CW32.LIB|__close ACBP=A9
 0001:000146FC 00000086 C=CODE    S=_TEXT    G=(none)   M=C:\WORK\BCC7\LIB\CW32.LIB|__eof ACBP=A9
 0001:00014784 00000047 C=CODE    S=_TEXT    G=(none)   M=C:\WORK\BCC7\LIB\CW32.LIB|__isatty ACBP=A9
 0001:000147CC 00000076 C=CODE    S=_TEXT    G=(none)   M=C:\WORK\BCC7\LIB\CW32.LIB|__lseek ACBP=A9
 0001:00014844 00000214 C=CODE    S=_TEXT    G=(none)   M=C:\WORK\BCC7\LIB\CW32.LIB|__open ACBP=A9
 0001:00014A58 0000019A C=CODE    S=_TEXT    G=(none)   M=C:\WORK\BCC7\LIB\CW32.LIB|__read ACBP=A9
 0001:00014BF4 00000214 C=CODE    S=_TEXT    G=(none)   M=C:\WORK\BCC7\LIB\CW32.LIB|__wopen ACBP=A9
 0001:00014E08 000001DD C=CODE    S=_TEXT    G=(none)   M=C:\WORK\BCC7\LIB\CW32.LIB|__wread ACBP=A9
 0001:00014FE8 0000011C C=CODE    S=_TEXT    G=(none)   M=C:\WORK\BCC7\LIB\CW32.LIB|__write ACBP=A9
 0001:00015104 00000011 C=CODE    S=_TEXT    G=(none)   M=C:\WORK\BCC7\LIB\CW32.LIB|_cfinfo ACBP=A9
 0001:00015118 00000075 C=CODE    S=_TEXT    G=(none)   M=C:\WORK\BCC7\LIB\CW32.LIB|_read ACBP=A9
 0001:0001518D 00000017 C=CODE    S=_TEXT    G=(none)   M=C:\WORK\BCC7\LIB\CW32.LIB|_umask ACBP=A9
 0001:00015190 0000002B C=CODE    S=_TEXT    G=(none)   M=C:\WORK\BCC7\LIB\CW32.LIB|_wfsopen ACBP=A9
 0001:000151BC 00000061 C=CODE    S=_TEXT    G=(none)   M=C:\WORK\BCC7\LIB\CW32.LIB|_write ACBP=A9
 0001:00015220 0000007D C=CODE    S=_TEXT    G=(none)   M=C:\WORK\BCC7\LIB\CW32.LIB|allocbuf ACBP=A9
 0001:000152A0 0000008E C=CODE    S=_TEXT    G=(none)   M=C:\WORK\BCC7\LIB\CW32.LIB|fclose ACBP=A9
 0001:00015330 0000007F C=CODE    S=_TEXT    G=(none)   M=C:\WORK\BCC7\LIB\CW32.LIB|fflush ACBP=A9
 0001:000153B0 0000001E C=CODE    S=_TEXT    G=(none)   M=C:\WORK\BCC7\LIB\CW32.LIB|fgetpos ACBP=A9
 0001:000153D0 0000005A C=CODE    S=_TEXT    G=(none)   M=C:\WORK\BCC7\LIB\CW32.LIB|flushout ACBP=A9
 0001:0001542C 00000023 C=CODE    S=_TEXT    G=(none)   M=C:\WORK\BCC7\LIB\CW32.LIB|fmodeptr ACBP=A9
 0001:00015450 0000021B C=CODE    S=_TEXT    G=(none)   M=C:\WORK\BCC7\LIB\CW32.LIB|fopen ACBP=A9
 0001:0001566C 00000022 C=CODE    S=_TEXT    G=(none)   M=C:\WORK\BCC7\LIB\CW32.LIB|fprintf ACBP=A9
 0001:00015690 000000DC C=CODE    S=_TEXT    G=(none)   M=C:\WORK\BCC7\LIB\CW32.LIB|fputn ACBP=A9
 0001:0001576C 00000056 C=CODE    S=_TEXT    G=(none)   M=C:\WORK\BCC7\LIB\CW32.LIB|fputs ACBP=A9
 0001:000157C4 00000167 C=CODE    S=_TEXT    G=(none)   M=C:\WORK\BCC7\LIB\CW32.LIB|fread ACBP=A9
 0001:0001592C 0000002E C=CODE    S=_TEXT    G=(none)   M=C:\WORK\BCC7\LIB\CW32.LIB|freopen ACBP=A9
 0001:0001595C 0000014C C=CODE    S=_TEXT    G=(none)   M=C:\WORK\BCC7\LIB\CW32.LIB|fseek ACBP=A9
 0001:00015AA8 00000019 C=CODE    S=_TEXT    G=(none)   M=C:\WORK\BCC7\LIB\CW32.LIB|fsetpos ACBP=A9
 0001:00015AC4 00000031 C=CODE    S=_TEXT    G=(none)   M=C:\WORK\BCC7\LIB\CW32.LIB|fwrite ACBP=A9
 0001:00015AF8 000002B9 C=CODE    S=_TEXT    G=(none)   M=C:\WORK\BCC7\LIB\CW32.LIB|handles ACBP=A9
 0001:00015DB4 0000007E C=CODE    S=_TEXT    G=(none)   M=C:\WORK\BCC7\LIB\CW32.LIB|ioerror ACBP=A9
 0001:00015E34 000001A6 C=CODE    S=_TEXT    G=(none)   M=C:\WORK\BCC7\LIB\CW32.LIB|lgetc ACBP=A9
 0001:00015FDC 000001A8 C=CODE    S=_TEXT    G=(none)   M=C:\WORK\BCC7\LIB\CW32.LIB|lgetwc ACBP=A9
 0001:00016184 0000011A C=CODE    S=_TEXT    G=(none)   M=C:\WORK\BCC7\LIB\CW32.LIB|lputc ACBP=A9
 0001:000162A0 00000144 C=CODE    S=_TEXT    G=(none)   M=C:\WORK\BCC7\LIB\CW32.LIB|lputwc ACBP=A9
 0001:000163E4 00000091 C=CODE    S=_TEXT    G=(none)   M=C:\WORK\BCC7\LIB\CW32.LIB|mkname ACBP=A9
 0001:00016475 00000083 C=CODE    S=_TEXT    G=(none)   M=C:\WORK\BCC7\LIB\CW32.LIB|perror ACBP=A9
 0001:00016478 00000023 C=CODE    S=_TEXT    G=(none)   M=C:\WORK\BCC7\LIB\CW32.LIB|printf ACBP=A9
 0001:0001649C 0000004D C=CODE    S=_TEXT    G=(none)   M=C:\WORK\BCC7\LIB\CW32.LIB|setvbuf ACBP=A9
 0001:000164EC 00000101 C=CODE    S=_TEXT    G=(none)   M=C:\WORK\BCC7\LIB\CW32.LIB|streams ACBP=A9
 0001:000165F0 00000052 C=CODE    S=_TEXT    G=(none)   M=C:\WORK\BCC7\LIB\CW32.LIB|ungetc ACBP=A9
 0001:00016644 0000005C C=CODE    S=_TEXT    G=(none)   M=C:\WORK\BCC7\LIB\CW32.LIB|ungetwc ACBP=A9
 0001:000166A0 0000001A C=CODE    S=_TEXT    G=(none)   M=C:\WORK\BCC7\LIB\CW32.LIB|unlink ACBP=A9
 0001:000166BC 00000A98 C=CODE    S=_TEXT    G=(none)   M=C:\WORK\BCC7\LIB\CW32.LIB|vprinter ACBP=A9
 0001:00017154 0000020F C=CODE    S=_TEXT    G=(none)   M=C:\WORK\BCC7\LIB\CW32.LIB|wfopen ACBP=A9
 0001:00017364 0000002E C=CODE    S=_TEXT    G=(none)   M=C:\WORK\BCC7\LIB\CW32.LIB|xfclose ACBP=A9
 0001:00017394 00000027 C=CODE    S=_TEXT    G=(none)   M=C:\WORK\BCC7\LIB\CW32.LIB|xfflush ACBP=A9
 0001:000173BC 00000008 C=CODE    S=_TEXT    G=(none)   M=C:\WORK\BCC7\LIB\CW32.LIB|access ACBP=A9
 0001:000173C4 00000006 C=CODE    S=_TEXT    G=(none)   M=C:\WORK\BCC7\LIB\CW32.LIB|cconv ACBP=A9
 0001:000173CC 000002CC C=CODE    S=_TEXT    G=(none)   M=C:\WORK\BCC7\LIB\CW32.LIB|convt ACBP=A9
 0001:00017698 0000006C C=CODE    S=_TEXT    G=(none)   M=C:\WORK\BCC7\LIB\CW32.LIB|getinfo ACBP=A9
 0001:00017704 00000116 C=CODE    S=_TEXT    G=(none)   M=C:\WORK\BCC7\LIB\CW32.LIB|is ACBP=A9
 0001:0001781C 0000011B C=CODE    S=_TEXT    G=(none)   M=C:\WORK\BCC7\LIB\CW32.LIB|wis ACBP=A9
 0001:00017938 0000009F C=CODE    S=_TEXT    G=(none)   M=C:\WORK\BCC7\LIB\CW32.LIB|isctype ACBP=A9
 0001:000179D8 000000E6 C=CODE    S=_TEXT    G=(none)   M=C:\WORK\BCC7\LIB\CW32.LIB|iswctype ACBP=A9
 0001:00017AC0 0000118F C=CODE    S=_TEXT    G=(none)   M=C:\WORK\BCC7\LIB\CW32.LIB|locale ACBP=A9
 0001:00018C50 00000816 C=CODE    S=_TEXT    G=(none)   M=C:\WORK\BCC7\LIB\CW32.LIB|initcat ACBP=A9
 0001:00019468 000000DD C=CODE    S=_TEXT    G=(none)   M=C:\WORK\BCC7\LIB\CW32.LIB|lconv ACBP=A9
 0001:00019548 00000024 C=CODE    S=_TEXT    G=(none)   M=C:\WORK\BCC7\LIB\CW32.LIB|lstrlwr ACBP=A9
 0001:0001956C 000000C0 C=CODE    S=_TEXT    G=(none)   M=C:\WORK\BCC7\LIB\CW32.LIB|ltolower ACBP=A9
 0001:0001962C 000000C0 C=CODE    S=_TEXT    G=(none)   M=C:\WORK\BCC7\LIB\CW32.LIB|ltoupper ACBP=A9
 0001:000196EC 00000681 C=CODE    S=_TEXT    G=(none)   M=C:\WORK\BCC7\LIB\CW32.LIB|mbyte1 ACBP=A9
 0001:00019D70 00000252 C=CODE    S=_TEXT    G=(none)   M=C:\WORK\BCC7\LIB\CW32.LIB|mbrtowc ACBP=A9
 0001:00019FC4 00000016 C=CODE    S=_TEXT    G=(none)   M=C:\WORK\BCC7\LIB\CW32.LIB|lsetlocl ACBP=A9
 0001:00019FDC 00000268 C=CODE    S=_TEXT    G=(none)   M=C:\WORK\BCC7\LIB\CW32.LIB|_ll ACBP=A9
 0001:0001A244 0000001D C=CODE    S=_TEXT    G=(none)   M=C:\WORK\BCC7\LIB\CW32.LIB|_finite ACBP=A9
 0001:0001A264 0000001E C=CODE    S=_TEXT    G=(none)   M=C:\WORK\BCC7\LIB\CW32.LIB|_finitel ACBP=A9
 0001:0001A284 00000045 C=CODE    S=_TEXT    G=(none)   M=C:\WORK\BCC7\LIB\CW32.LIB|_isnan ACBP=A9
 0001:0001A2CC 00000049 C=CODE    S=_TEXT    G=(none)   M=C:\WORK\BCC7\LIB\CW32.LIB|_isnanl ACBP=A9
 0001:0001A318 000000B0 C=CODE    S=_TEXT    G=(none)   M=C:\WORK\BCC7\LIB\CW32.LIB|_matherr ACBP=A9
 0001:0001A3C8 00000184 C=CODE    S=_TEXT    G=(none)   M=C:\WORK\BCC7\LIB\CW32.LIB|_pow10 ACBP=A9
 0001:0001A54C 0000011C C=CODE    S=_TEXT    G=(none)   M=C:\WORK\BCC7\LIB\CW32.LIB|acosasin ACBP=A9
 0001:0001A668 0000000F C=CODE    S=_TEXT    G=(none)   M=C:\WORK\BCC7\LIB\CW32.LIB|atan ACBP=A9
 0001:0001A678 000000B3 C=CODE    S=_TEXT    G=(none)   M=C:\WORK\BCC7\LIB\CW32.LIB|atan2 ACBP=A9
 0001:0001A72C 00000077 C=CODE    S=_TEXT    G=(none)   M=C:\WORK\BCC7\LIB\CW32.LIB|atol ACBP=A9
 0001:0001A7A4 0000001C C=CODE    S=_TEXT    G=(none)   M=C:\WORK\BCC7\LIB\CW32.LIB|ceil ACBP=A9
 0001:0001A7C0 00000013 C=CODE    S=_TEXT    G=(none)   M=C:\WORK\BCC7\LIB\CW32.LIB|clear87 ACBP=A9
 0001:0001A7D4 0000003F C=CODE    S=_TEXT    G=(none)   M=C:\WORK\BCC7\LIB\CW32.LIB|cos ACBP=A9
 0001:0001A814 0000006A C=CODE    S=_TEXT    G=(none)   M=C:\WORK\BCC7\LIB\CW32.LIB|cosh ACBP=A9
 0001:0001A880 0000002F C=CODE    S=_TEXT    G=(none)   M=C:\WORK\BCC7\LIB\CW32.LIB|ctrl87 ACBP=A9
 0001:0001A8B0 00000018 C=CODE    S=_TEXT    G=(none)   M=C:\WORK\BCC7\LIB\CW32.LIB|cvtentry ACBP=A9
 0001:0001A8C8 00000018 C=CODE    S=_TEXT    G=(none)   M=C:\WORK\BCC7\LIB\CW32.LIB|cvtfak ACBP=A9
 0001:0001A8E0 00000018 C=CODE    S=_TEXT    G=(none)   M=C:\WORK\BCC7\LIB\CW32.LIB|cvtfakw ACBP=A9
 0001:0001A8F8 0000006C C=CODE    S=_TEXT    G=(none)   M=C:\WORK\BCC7\LIB\CW32.LIB|exp ACBP=A9
 0001:0001A964 0000005F C=CODE    S=_TEXT    G=(none)   M=C:\WORK\BCC7\LIB\CW32.LIB|f87atan ACBP=A9
 0001:0001A9C4 000000D2 C=CODE    S=_TEXT    G=(none)   M=C:\WORK\BCC7\LIB\CW32.LIB|f87exp ACBP=A9
 0001:0001AA98 00000048 C=CODE    S=_TEXT    G=(none)   M=C:\WORK\BCC7\LIB\CW32.LIB|f87log ACBP=A9
 0001:0001AAE0 0000000D C=CODE    S=_TEXT    G=(none)   M=C:\WORK\BCC7\LIB\CW32.LIB|fabs ACBP=A9
 0001:0001AAF0 0000001C C=CODE    S=_TEXT    G=(none)   M=C:\WORK\BCC7\LIB\CW32.LIB|floor ACBP=A9
 0001:0001AB0C 0000004D C=CODE    S=_TEXT    G=(none)   M=C:\WORK\BCC7\LIB\CW32.LIB|fmod ACBP=A9
 0001:0001AB5C 00000016 C=CODE    S=_TEXT    G=(none)   M=C:\WORK\BCC7\LIB\CW32.LIB|fpreset ACBP=A9
 0001:0001AB74 00000030 C=CODE    S=_TEXT    G=(none)   M=C:\WORK\BCC7\LIB\CW32.LIB|ftol ACBP=A9
 0001:0001ABA4 0000002D C=CODE    S=_TEXT    G=(none)   M=C:\WORK\BCC7\LIB\CW32.LIB|fuildq ACBP=A9
 0001:0001ABD4 00000021 C=CODE    S=_TEXT    G=(none)   M=C:\WORK\BCC7\LIB\CW32.LIB|fuistq ACBP=A9
 0001:0001ABF8 00000011 C=CODE    S=_TEXT    G=(none)   M=C:\WORK\BCC7\LIB\CW32.LIB|fxam ACBP=A9
 0001:0001AC0C 000000B1 C=CODE    S=_TEXT    G=(none)   M=C:\WORK\BCC7\LIB\CW32.LIB|int64toa ACBP=A9
 0001:0001ACC0 0000011B C=CODE    S=_TEXT    G=(none)   M=C:\WORK\BCC7\LIB\CW32.LIB|ldtrunc ACBP=A9
 0001:0001ADDC 0000006D C=CODE    S=_TEXT    G=(none)   M=C:\WORK\BCC7\LIB\CW32.LIB|log ACBP=A9
 0001:0001AE4C 0000006D C=CODE    S=_TEXT    G=(none)   M=C:\WORK\BCC7\LIB\CW32.LIB|log10 ACBP=A9
 0001:0001AEBC 0000008F C=CODE    S=_TEXT    G=(none)   M=C:\WORK\BCC7\LIB\CW32.LIB|longtoa ACBP=A9
 0001:0001AF4C 00000075 C=CODE    S=_TEXT    G=(none)   M=C:\WORK\BCC7\LIB\CW32.LIB|ltoa1 ACBP=A9
 0001:0001AFC4 0000002A C=CODE    S=_TEXT    G=(none)   M=C:\WORK\BCC7\LIB\CW32.LIB|matherr ACBP=A9
 0001:0001AFF0 0000002E C=CODE    S=_TEXT    G=(none)   M=C:\WORK\BCC7\LIB\CW32.LIB|matherrl ACBP=A9
 0001:0001B020 00000016 C=CODE    S=_TEXT    G=(none)   M=C:\WORK\BCC7\LIB\CW32.LIB|mathptr ACBP=A9
 0001:0001B038 00000030 C=CODE    S=_TEXT    G=(none)   M=C:\WORK\BCC7\LIB\CW32.LIB|modf ACBP=A9
 0001:0001B068 00000030 C=CODE    S=_TEXT    G=(none)   M=C:\WORK\BCC7\LIB\CW32.LIB|modfl ACBP=A9
 0001:0001B098 000001DC C=CODE    S=_TEXT    G=(none)   M=C:\WORK\BCC7\LIB\CW32.LIB|pow ACBP=A9
 0001:0001B274 00000025 C=CODE    S=_TEXT    G=(none)   M=C:\WORK\BCC7\LIB\CW32.LIB|qdiv10 ACBP=A9
 0001:0001B29C 0000002E C=CODE    S=_TEXT    G=(none)   M=C:\WORK\BCC7\LIB\CW32.LIB|qmul10 ACBP=A9
 0001:0001B2CC 00000084 C=CODE    S=_TEXT    G=(none)   M=C:\WORK\BCC7\LIB\CW32.LIB|rand ACBP=A9
 0001:0001B350 000002F9 C=CODE    S=_TEXT    G=(none)   M=C:\WORK\BCC7\LIB\CW32.LIB|realcvt ACBP=A9
 0001:0001B64C 00000331 C=CODE    S=_TEXT    G=(none)   M=C:\WORK\BCC7\LIB\CW32.LIB|realcvtw ACBP=A9
 0001:0001B980 0000002C C=CODE    S=_TEXT    G=(none)   M=C:\WORK\BCC7\LIB\CW32.LIB|round ACBP=A9
 0001:0001B9AC 000004E9 C=CODE    S=_TEXT    G=(none)   M=C:\WORK\BCC7\LIB\CW32.LIB|scantod ACBP=A9
 0001:0001BE98 000004F5 C=CODE    S=_TEXT    G=(none)   M=C:\WORK\BCC7\LIB\CW32.LIB|scanwtod ACBP=A9
 0001:0001C390 0000003F C=CODE    S=_TEXT    G=(none)   M=C:\WORK\BCC7\LIB\CW32.LIB|sin ACBP=A9
 0001:0001C3D0 00000095 C=CODE    S=_TEXT    G=(none)   M=C:\WORK\BCC7\LIB\CW32.LIB|sinh ACBP=A9
 0001:0001C468 0000003A C=CODE    S=_TEXT    G=(none)   M=C:\WORK\BCC7\LIB\CW32.LIB|sqrt ACBP=A9
 0001:0001C4A4 00000041 C=CODE    S=_TEXT    G=(none)   M=C:\WORK\BCC7\LIB\CW32.LIB|tan ACBP=A9
 0001:0001C4E8 00000065 C=CODE    S=_TEXT    G=(none)   M=C:\WORK\BCC7\LIB\CW32.LIB|tanh ACBP=A9
 0001:0001C550 000002D8 C=CODE    S=_TEXT    G=(none)   M=C:\WORK\BCC7\LIB\CW32.LIB|xcvt ACBP=A9
 0001:0001C828 000002F7 C=CODE    S=_TEXT    G=(none)   M=C:\WORK\BCC7\LIB\CW32.LIB|xcvtw ACBP=A9
 0001:0001CB20 0000014D C=CODE    S=_TEXT    G=(none)   M=C:\WORK\BCC7\LIB\CW32.LIB|mbctype ACBP=A9
 0001:0001CC70 0000003D C=CODE    S=_TEXT    G=(none)   M=C:\WORK\BCC7\LIB\CW32.LIB|mbisalp ACBP=A9
 0001:0001CCB0 0000001A C=CODE    S=_TEXT    G=(none)   M=C:\WORK\BCC7\LIB\CW32.LIB|mbisdgt ACBP=A9
 0001:0001CCCC 0000001A C=CODE    S=_TEXT    G=(none)   M=C:\WORK\BCC7\LIB\CW32.LIB|mbisspc ACBP=A9
 0001:0001CCE8 00000054 C=CODE    S=_TEXT    G=(none)   M=C:\WORK\BCC7\LIB\CW32.LIB|mbsnbcpy ACBP=A9
 0001:0001CD3C 000000BF C=CODE    S=_TEXT    G=(none)   M=C:\WORK\BCC7\LIB\CW32.LIB|mbsnbicm ACBP=A9
 0001:0001CDFC 00000058 C=CODE    S=_TEXT    G=(none)   M=C:\WORK\BCC7\LIB\CW32.LIB|mbsrchr ACBP=A9
 0001:0001CE54 000000A6 C=CODE    S=_TEXT    G=(none)   M=C:\WORK\BCC7\LIB\CW32.LIB|assert ACBP=A9
 0001:0001CEFC 000000BA C=CODE    S=_TEXT    G=(none)   M=C:\WORK\BCC7\LIB\CW32.LIB|ermsghlp ACBP=A9
 0001:0001CFB8 00000006 C=CODE    S=_TEXT    G=(none)   M=C:\WORK\BCC7\LIB\CW32.LIB|errno ACBP=A9
 0001:0001CFC0 0000019F C=CODE    S=_TEXT    G=(none)   M=C:\WORK\BCC7\LIB\CW32.LIB|errormsg ACBP=A9
 0001:0001D15F 00000011 C=CODE    S=_TEXT    G=(none)   M=C:\WORK\BCC7\LIB\CW32.LIB|pureerr ACBP=A9
 0001:0001D170 00000236 C=CODE    S=_TEXT    G=(none)   M=C:\WORK\BCC7\LIB\CW32.LIB|qsort ACBP=A9
 0001:0001D3A8 00000348 C=CODE    S=_TEXT    G=(none)   M=C:\WORK\BCC7\LIB\CW32.LIB|debug_wrapper ACBP=A9
 0001:0001D6EC 000000A6 C=CODE    S=_TEXT    G=(none)   M=C:\WORK\BCC7\LIB\CW32.LIB|abort ACBP=A9
 0001:0001D794 0000011E C=CODE    S=_TEXT    G=(none)   M=C:\WORK\BCC7\LIB\CW32.LIB|__atexit ACBP=A9
 0001:0001D8B4 00000047 C=CODE    S=_TEXT    G=(none)   M=C:\WORK\BCC7\LIB\CW32.LIB|__exit ACBP=A9
 0001:0001D8FC 00000065 C=CODE    S=_TEXT    G=(none)   M=C:\WORK\BCC7\LIB\CW32.LIB|exit ACBP=A9
 0001:0001D964 00000067 C=CODE    S=_TEXT    G=(none)   M=C:\WORK\BCC7\LIB\CW32.LIB|getenv ACBP=A9
 0001:0001D9CC 0000001A C=CODE    S=_TEXT    G=(none)   M=C:\WORK\BCC7\LIB\CW32.LIB|initwild ACBP=A9
 0001:0001D9E8 00000011 C=CODE    S=_TEXT    G=(none)   M=C:\WORK\BCC7\LIB\CW32.LIB|exparg ACBP=A9
 0001:0001D9FC 00000011 C=CODE    S=_TEXT    G=(none)   M=C:\WORK\BCC7\LIB\CW32.LIB|wexparg ACBP=A9
 0001:0001DA10 00000027 C=CODE    S=_TEXT    G=(none)   M=C:\WORK\BCC7\LIB\CW32.LIB|initargv ACBP=A9
 0001:0001DA38 0000016C C=CODE    S=_TEXT    G=(none)   M=C:\WORK\BCC7\LIB\CW32.LIB|setargv ACBP=A9
 0001:0001DBA4 00000224 C=CODE    S=_TEXT    G=(none)   M=C:\WORK\BCC7\LIB\CW32.LIB|hsargv ACBP=A9
 0001:0001DDC8 0000026D C=CODE    S=_TEXT    G=(none)   M=C:\WORK\BCC7\LIB\CW32.LIB|whsargv ACBP=A9
 0001:0001E038 00000045 C=CODE    S=_TEXT    G=(none)   M=C:\WORK\BCC7\LIB\CW32.LIB|setargv0 ACBP=A9
 0001:0001E080 000001A0 C=CODE    S=_TEXT    G=(none)   M=C:\WORK\BCC7\LIB\CW32.LIB|setenvp ACBP=A9
 0001:0001E220 000002FA C=CODE    S=_TEXT    G=(none)   M=C:\WORK\BCC7\LIB\CW32.LIB|signal ACBP=A9
 0001:0001E51C 00000122 C=CODE    S=_TEXT    G=(none)   M=C:\WORK\BCC7\LIB\CW32.LIB|initexit ACBP=A9
 0001:0001E640 0000016C C=CODE    S=_TEXT    G=(none)   M=C:\WORK\BCC7\LIB\CW32.LIB|startup ACBP=A9
 0001:0001E7AC 0000004F C=CODE    S=_TEXT    G=(none)   M=C:\WORK\BCC7\LIB\CW32.LIB|tlsstat ACBP=A9
 0001:0001E7FC 00000369 C=CODE    S=_TEXT    G=(none)   M=C:\WORK\BCC7\LIB\CW32.LIB|timefunc ACBP=A9
 0001:0001EB68 00000006 C=CODE    S=_TEXT    G=(none)   M=C:\WORK\BCC7\LIB\CW32.LIB|tzdata ACBP=A9
 0001:0001EB70 000001EE C=CODE    S=_TEXT    G=(none)   M=C:\WORK\BCC7\LIB\CW32.LIB|tzset ACBP=A9
 0001:0001ED60 00000008 C=CODE    S=_TEXT    G=(none)   M=C:\WORK\BCC7\LIB\CW32.LIB|_tzset ACBP=A9
 0001:0001ED68 0000004E C=CODE    S=_TEXT    G=(none)   M=C:\WORK\BCC7\LIB\CW32.LIB|time ACBP=A9
 0001:0001EDB8 00000070 C=CODE    S=_TEXT    G=(none)   M=C:\WORK\BCC7\LIB\CW32.LIB|xxa ACBP=A9
 0001:0001EE28 000008B9 C=CODE    S=_TEXT    G=(none)   M=C:\WORK\BCC7\LIB\CW32.LIB|xxtype ACBP=A9
 0001:0001F6AB 0000005A C=CODE    S=_TEXT    G=(none)   M=C:\WORK\BCC7\LIB\CW32.LIB|xxut ACBP=A9
 0001:0001F6D4 00000147 C=CODE    S=_TEXT    G=(none)   M=C:\WORK\BCC7\LIB\CW32.LIB|xxv ACBP=A9
 0001:0001F81C 0000000A C=CODE    S=_TEXT    G=(none)   M=C:\WORK\BCC7\LIB\CW32.LIB|defhandl ACBP=A9
 0001:0001F828 00000195 C=CODE    S=_TEXT    G=(none)   M=C:\WORK\BCC7\LIB\CW32.LIB|except ACBP=A9
 0001:0001F9C0 00000046 C=CODE    S=_TEXT    G=(none)   M=C:\WORK\BCC7\LIB\CW32.LIB|setexc ACBP=A9
 0001:0001FA08 00000031 C=CODE    S=_TEXT    G=(none)   M=C:\WORK\BCC7\LIB\CW32.LIB|ta ACBP=A9
 0001:0001FA3C 00003E15 C=CODE    S=_TEXT    G=(none)   M=C:\WORK\BCC7\LIB\CW32.LIB|pcre ACBP=A9
 0001:00023854 00000008 C=CODE    S=_TEXT    G=(none)   M=C:\WORK\BCC7\LIB\CW32.LIB|_pcomp ACBP=A9
 0001:0002385C 00000008 C=CODE    S=_TEXT    G=(none)   M=C:\WORK\BCC7\LIB\CW32.LIB|_pexec ACBP=A9
 0001:00023864 00001F24 C=CODE    S=_TEXT    G=(none)   M=C:\WORK\BCC7\LIB\CW32.LIB|xx ACBP=A9
 0001:0002573C 000001EA C=CODE    S=_TEXT    G=(none)   M=C:\WORK\FWH\LIB\FIVEH.LIB|ACTIVEX ACBP=A9
 0001:00025928 0000081D C=CODE    S=_TEXT    G=(none)   M=C:\WORK\FWH\LIB\FIVEH.LIB|ADOFUNCS ACBP=A9
 0001:00026148 00000082 C=CODE    S=_TEXT    G=(none)   M=C:\WORK\FWH\LIB\FIVEH.LIB|ALERT ACBP=A9
 0001:000261CC 0000030D C=CODE    S=_TEXT    G=(none)   M=C:\WORK\FWH\LIB\FIVEH.LIB|BAR ACBP=A9
 0001:000264DC 0000039D C=CODE    S=_TEXT    G=(none)   M=C:\WORK\FWH\LIB\FIVEH.LIB|BITMAP ACBP=A9
 0001:0002687C 00000205 C=CODE    S=_TEXT    G=(none)   M=C:\WORK\FWH\LIB\FIVEH.LIB|BRUSH ACBP=A9
 0001:00026A84 00000082 C=CODE    S=_TEXT    G=(none)   M=C:\WORK\FWH\LIB\FIVEH.LIB|BRUSHEX ACBP=A9
 0001:00026B08 000003E5 C=CODE    S=_TEXT    G=(none)   M=C:\WORK\FWH\LIB\FIVEH.LIB|BTNBMP ACBP=A9
 0001:00026EF0 0000015A C=CODE    S=_TEXT    G=(none)   M=C:\WORK\FWH\LIB\FIVEH.LIB|BUTTON ACBP=A9
 0001:0002704C 000000FA C=CODE    S=_TEXT    G=(none)   M=C:\WORK\FWH\LIB\FIVEH.LIB|BUTTONB ACBP=A9
 0001:00027148 0000009A C=CODE    S=_TEXT    G=(none)   M=C:\WORK\FWH\LIB\FIVEH.LIB|CALLSTAC ACBP=A9
 0001:000271E4 0000033D C=CODE    S=_TEXT    G=(none)   M=C:\WORK\FWH\LIB\FIVEH.LIB|C5LIB ACBP=A9
 0001:00027524 0000015D C=CODE    S=_TEXT    G=(none)   M=C:\WORK\FWH\LIB\FIVEH.LIB|C5TOOLTP ACBP=A9
 0001:00027684 000001A2 C=CODE    S=_TEXT    G=(none)   M=C:\WORK\FWH\LIB\FIVEH.LIB|CHECKBOX ACBP=A9
 0001:00027828 00000148 C=CODE    S=_TEXT    G=(none)   M=C:\WORK\FWH\LIB\FIVEH.LIB|CHECKRES ACBP=A9
 0001:00027970 000001B3 C=CODE    S=_TEXT    G=(none)   M=C:\WORK\FWH\LIB\FIVEH.LIB|CLIPBRD ACBP=A9
 0001:00027B24 000003CD C=CODE    S=_TEXT    G=(none)   M=C:\WORK\FWH\LIB\FIVEH.LIB|COMBOBOX ACBP=A9
 0001:00027EF4 0000048D C=CODE    S=_TEXT    G=(none)   M=C:\WORK\FWH\LIB\FIVEH.LIB|CONTROL ACBP=A9
 0001:00028384 00000082 C=CODE    S=_TEXT    G=(none)   M=C:\WORK\FWH\LIB\FIVEH.LIB|CURSOR ACBP=A9
 0001:00028408 0000069D C=CODE    S=_TEXT    G=(none)   M=C:\WORK\FWH\LIB\FIVEH.LIB|DATAROW ACBP=A9
 0001:00028AA8 00000202 C=CODE    S=_TEXT    G=(none)   M=C:\WORK\FWH\LIB\FIVEH.LIB|DBCOMBO ACBP=A9
 0001:00028CAC 000000FA C=CODE    S=_TEXT    G=(none)   M=C:\WORK\FWH\LIB\FIVEH.LIB|DBFFUNC1 ACBP=A9
 0001:00028DA8 00000253 C=CODE    S=_TEXT    G=(none)   M=C:\WORK\FWH\LIB\FIVEH.LIB|DBFFUNC2 ACBP=A9
 0001:00028FFC 00000052 C=CODE    S=_TEXT    G=(none)   M=C:\WORK\FWH\LIB\FIVEH.LIB|DBFFUNC9 ACBP=A9
 0001:00029050 000000B2 C=CODE    S=_TEXT    G=(none)   M=C:\WORK\FWH\LIB\FIVEH.LIB|DBTOOLS ACBP=A9
 0001:00029104 000000CA C=CODE    S=_TEXT    G=(none)   M=C:\WORK\FWH\LIB\FIVEH.LIB|DDE ACBP=A9
 0001:000291D0 000002F5 C=CODE    S=_TEXT    G=(none)   M=C:\WORK\FWH\LIB\FIVEH.LIB|DIALOG ACBP=A9
 0001:000294C8 00000082 C=CODE    S=_TEXT    G=(none)   M=C:\WORK\FWH\LIB\FIVEH.LIB|DLGFIND ACBP=A9
 0001:0002954C 00000082 C=CODE    S=_TEXT    G=(none)   M=C:\WORK\FWH\LIB\FIVEH.LIB|DLGS32 ACBP=A9
 0001:000295D0 00000142 C=CODE    S=_TEXT    G=(none)   M=C:\WORK\FWH\LIB\FIVEH.LIB|DOSTOFWH ACBP=A9
 0001:00029714 0000006A C=CODE    S=_TEXT    G=(none)   M=C:\WORK\FWH\LIB\FIVEH.LIB|DRAWBMP ACBP=A9
 0001:00029780 00000172 C=CODE    S=_TEXT    G=(none)   M=C:\WORK\FWH\LIB\FIVEH.LIB|EDIT ACBP=A9
 0001:000298F4 0000018A C=CODE    S=_TEXT    G=(none)   M=C:\WORK\FWH\LIB\FIVEH.LIB|ERRSYSW ACBP=A9
 0001:00029A80 0000006A C=CODE    S=_TEXT    G=(none)   M=C:\WORK\FWH\LIB\FIVEH.LIB|ETC ACBP=A9
 0001:00029AEC 00000ABD C=CODE    S=_TEXT    G=(none)   M=C:\WORK\FWH\LIB\FIVEH.LIB|FGET ACBP=A9
 0001:0002A5AC 000002F4 C=CODE    S=_TEXT    G=(none)   M=C:\WORK\FWH\LIB\FIVEH.LIB|FILENAME ACBP=A9
 0001:0002A8A0 00000082 C=CODE    S=_TEXT    G=(none)   M=C:\WORK\FWH\LIB\FIVEH.LIB|FLINE ACBP=A9
 0001:0002A924 00000265 C=CODE    S=_TEXT    G=(none)   M=C:\WORK\FWH\LIB\FIVEH.LIB|FOLDER ACBP=A9
 0001:0002AB8C 0000027D C=CODE    S=_TEXT    G=(none)   M=C:\WORK\FWH\LIB\FIVEH.LIB|FONT ACBP=A9
 0001:0002AE0C 000001D2 C=CODE    S=_TEXT    G=(none)   M=C:\WORK\FWH\LIB\FIVEH.LIB|FWBARCOD ACBP=A9
 0001:0002AFE0 000000FA C=CODE    S=_TEXT    G=(none)   M=C:\WORK\FWH\LIB\FIVEH.LIB|FWDECODE ACBP=A9
 0001:0002B0DC 0000006A C=CODE    S=_TEXT    G=(none)   M=C:\WORK\FWH\LIB\FIVEH.LIB|FWERROR ACBP=A9
 0001:0002B148 0000021D C=CODE    S=_TEXT    G=(none)   M=C:\WORK\FWH\LIB\FIVEH.LIB|FWMSWORD ACBP=A9
 0001:0002B368 00000629 C=CODE    S=_TEXT    G=(none)   M=C:\WORK\FWH\LIB\FIVEH.LIB|GETSYSIN ACBP=A9
 0001:0002B994 000000E2 C=CODE    S=_TEXT    G=(none)   M=C:\WORK\FWH\LIB\FIVEH.LIB|GETTASKS ACBP=A9
 0001:0002BA78 000000FA C=CODE    S=_TEXT    G=(none)   M=C:\WORK\FWH\LIB\FIVEH.LIB|GROUP ACBP=A9
 0001:0002BB74 000000E2 C=CODE    S=_TEXT    G=(none)   M=C:\WORK\FWH\LIB\FIVEH.LIB|GTF ACBP=A9
 0001:0002BC58 00000435 C=CODE    S=_TEXT    G=(none)   M=C:\WORK\FWH\LIB\FIVEH.LIB|HARBOUR ACBP=A9
 0001:0002C090 0000012A C=CODE    S=_TEXT    G=(none)   M=C:\WORK\FWH\LIB\FIVEH.LIB|HELP32 ACBP=A9
 0001:0002C1BC 0000035B C=CODE    S=_TEXT    G=(none)   M=C:\WORK\FWH\LIB\FIVEH.LIB|HELPCHM ACBP=A9
 0001:0002C518 00000112 C=CODE    S=_TEXT    G=(none)   M=C:\WORK\FWH\LIB\FIVEH.LIB|ICON ACBP=A9
 0001:0002C62C 0000042D C=CODE    S=_TEXT    G=(none)   M=C:\WORK\FWH\LIB\FIVEH.LIB|IMAGE ACBP=A9
 0001:0002CA5C 000008AA C=CODE    S=_TEXT    G=(none)   M=C:\WORK\FWH\LIB\FIVEH.LIB|IMGTXTIO ACBP=A9
 0001:0002D308 000000CA C=CODE    S=_TEXT    G=(none)   M=C:\WORK\FWH\LIB\FIVEH.LIB|INI ACBP=A9
 0001:0002D3D4 0000018A C=CODE    S=_TEXT    G=(none)   M=C:\WORK\FWH\LIB\FIVEH.LIB|LINKLIST ACBP=A9
 0001:0002D560 0000027D C=CODE    S=_TEXT    G=(none)   M=C:\WORK\FWH\LIB\FIVEH.LIB|LISTBOX ACBP=A9
 0001:0002D7E0 00000112 C=CODE    S=_TEXT    G=(none)   M=C:\WORK\FWH\LIB\FIVEH.LIB|LONGNAM2 ACBP=A9
 0001:0002D8F4 00000115 C=CODE    S=_TEXT    G=(none)   M=C:\WORK\FWH\LIB\FIVEH.LIB|MDICHILD ACBP=A9
 0001:0002DA0C 00000112 C=CODE    S=_TEXT    G=(none)   M=C:\WORK\FWH\LIB\FIVEH.LIB|MDICLIEN ACBP=A9
 0001:0002DB20 00000115 C=CODE    S=_TEXT    G=(none)   M=C:\WORK\FWH\LIB\FIVEH.LIB|MDIFRAME ACBP=A9
 0001:0002DC38 0000018D C=CODE    S=_TEXT    G=(none)   M=C:\WORK\FWH\LIB\FIVEH.LIB|MEMOEDIT ACBP=A9
 0001:0002DDC8 000004ED C=CODE    S=_TEXT    G=(none)   M=C:\WORK\FWH\LIB\FIVEH.LIB|MENU ACBP=A9
 0001:0002E2B8 000001ED C=CODE    S=_TEXT    G=(none)   M=C:\WORK\FWH\LIB\FIVEH.LIB|MENUITEM ACBP=A9
 0001:0002E4A8 0000033D C=CODE    S=_TEXT    G=(none)   M=C:\WORK\FWH\LIB\FIVEH.LIB|MGET ACBP=A9
 0001:0002E7E8 000002DD C=CODE    S=_TEXT    G=(none)   M=C:\WORK\FWH\LIB\FIVEH.LIB|MSGBAR ACBP=A9
 0001:0002EAC8 0000006A C=CODE    S=_TEXT    G=(none)   M=C:\WORK\FWH\LIB\FIVEH.LIB|MSGGET ACBP=A9
 0001:0002EB34 0000009A C=CODE    S=_TEXT    G=(none)   M=C:\WORK\FWH\LIB\FIVEH.LIB|MSGRUN ACBP=A9
 0001:0002EBD0 00000262 C=CODE    S=_TEXT    G=(none)   M=C:\WORK\FWH\LIB\FIVEH.LIB|PGSUPORT ACBP=A9
 0001:0002EE34 0000003A C=CODE    S=_TEXT    G=(none)   M=C:\WORK\FWH\LIB\FIVEH.LIB|ODATA ACBP=A9
 0001:0002EE70 000001EA C=CODE    S=_TEXT    G=(none)   M=C:\WORK\FWH\LIB\FIVEH.LIB|OLEFUNCS ACBP=A9
 0001:0002F05C 000002C5 C=CODE    S=_TEXT    G=(none)   M=C:\WORK\FWH\LIB\FIVEH.LIB|PDMENU ACBP=A9
 0001:0002F324 0000009A C=CODE    S=_TEXT    G=(none)   M=C:\WORK\FWH\LIB\FIVEH.LIB|PDREPORT ACBP=A9
 0001:0002F3C0 0000006A C=CODE    S=_TEXT    G=(none)   M=C:\WORK\FWH\LIB\FIVEH.LIB|PEN ACBP=A9
 0001:0002F42C 00000505 C=CODE    S=_TEXT    G=(none)   M=C:\WORK\FWH\LIB\FIVEH.LIB|PRINTER ACBP=A9
 0001:0002F934 0000061D C=CODE    S=_TEXT    G=(none)   M=C:\WORK\FWH\LIB\FIVEH.LIB|PRV2PDF ACBP=A9
 0001:0002FF54 000001A2 C=CODE    S=_TEXT    G=(none)   M=C:\WORK\FWH\LIB\FIVEH.LIB|RADIO ACBP=A9
 0001:000300F8 00000142 C=CODE    S=_TEXT    G=(none)   M=C:\WORK\FWH\LIB\FIVEH.LIB|RADMENU ACBP=A9
 0001:0003023C 0000015D C=CODE    S=_TEXT    G=(none)   M=C:\WORK\FWH\LIB\FIVEH.LIB|RCOLUMN ACBP=A9
 0001:0003039C 00000082 C=CODE    S=_TEXT    G=(none)   M=C:\WORK\FWH\LIB\FIVEH.LIB|REBAR ACBP=A9
 0001:00030420 00000142 C=CODE    S=_TEXT    G=(none)   M=C:\WORK\FWH\LIB\FIVEH.LIB|RECT ACBP=A9
 0001:00030564 000000CA C=CODE    S=_TEXT    G=(none)   M=C:\WORK\FWH\LIB\FIVEH.LIB|REG32 ACBP=A9
 0001:00030630 00000325 C=CODE    S=_TEXT    G=(none)   M=C:\WORK\FWH\LIB\FIVEH.LIB|REPORT ACBP=A9
 0001:00030958 0000009A C=CODE    S=_TEXT    G=(none)   M=C:\WORK\FWH\LIB\FIVEH.LIB|RFILE ACBP=A9
 0001:000309F4 000000E2 C=CODE    S=_TEXT    G=(none)   M=C:\WORK\FWH\LIB\FIVEH.LIB|RGROUP ACBP=A9
 0001:00030AD8 000000E2 C=CODE    S=_TEXT    G=(none)   M=C:\WORK\FWH\LIB\FIVEH.LIB|RLINE ACBP=A9
 0001:00030BBC 000003FD C=CODE    S=_TEXT    G=(none)   M=C:\WORK\FWH\LIB\FIVEH.LIB|RPREVIEW ACBP=A9
 0001:00030FBC 00000142 C=CODE    S=_TEXT    G=(none)   M=C:\WORK\FWH\LIB\FIVEH.LIB|SAY ACBP=A9
 0001:00031100 00000A5D C=CODE    S=_TEXT    G=(none)   M=C:\WORK\FWH\LIB\FIVEH.LIB|SCINTILA ACBP=A9
 0001:00031B60 000000FA C=CODE    S=_TEXT    G=(none)   M=C:\WORK\FWH\LIB\FIVEH.LIB|SCRLLBAR ACBP=A9
 0001:00031C5C 0000024D C=CODE    S=_TEXT    G=(none)   M=C:\WORK\FWH\LIB\FIVEH.LIB|SCRLPANL ACBP=A9
 0001:00031EAC 000000CA C=CODE    S=_TEXT    G=(none)   M=C:\WORK\FWH\LIB\FIVEH.LIB|SHELLAPI ACBP=A9
 0001:00031F78 0000015A C=CODE    S=_TEXT    G=(none)   M=C:\WORK\FWH\LIB\FIVEH.LIB|STATUSBA ACBP=A9
 0001:000320D4 00000172 C=CODE    S=_TEXT    G=(none)   M=C:\WORK\FWH\LIB\FIVEH.LIB|STRINGS ACBP=A9
 0001:00032248 000000CA C=CODE    S=_TEXT    G=(none)   M=C:\WORK\FWH\LIB\FIVEH.LIB|TACCTBL ACBP=A9
 0001:00032314 000005AD C=CODE    S=_TEXT    G=(none)   M=C:\WORK\FWH\LIB\FIVEH.LIB|TARRDATA ACBP=A9
 0001:000328C4 0000006A C=CODE    S=_TEXT    G=(none)   M=C:\WORK\FWH\LIB\FIVEH.LIB|TCLIPGET ACBP=A9
 0001:00032930 00000745 C=CODE    S=_TEXT    G=(none)   M=C:\WORK\FWH\LIB\FIVEH.LIB|TDTPICKE ACBP=A9
 0001:00033078 00000172 C=CODE    S=_TEXT    G=(none)   M=C:\WORK\FWH\LIB\FIVEH.LIB|TFILE ACBP=A9
 0001:000331EC 0000066D C=CODE    S=_TEXT    G=(none)   M=C:\WORK\FWH\LIB\FIVEH.LIB|TGDIPLUS ACBP=A9
 0001:0003385C 000000B2 C=CODE    S=_TEXT    G=(none)   M=C:\WORK\FWH\LIB\FIVEH.LIB|TIMAGLST ACBP=A9
 0001:00033910 000000B2 C=CODE    S=_TEXT    G=(none)   M=C:\WORK\FWH\LIB\FIVEH.LIB|TIMER ACBP=A9
 0001:000339C4 000001EA C=CODE    S=_TEXT    G=(none)   M=C:\WORK\FWH\LIB\FIVEH.LIB|TLISTVIE ACBP=A9
 0001:00033BB0 00000082 C=CODE    S=_TEXT    G=(none)   M=C:\WORK\FWH\LIB\FIVEH.LIB|TMAIL ACBP=A9
 0001:00033C34 000001D0 C=CODE    S=_TEXT    G=(none)   M=C:\WORK\FWH\LIB\FIVEH.LIB|TMETAFIL ACBP=A9
 0001:00033E04 00000145 C=CODE    S=_TEXT    G=(none)   M=C:\WORK\FWH\LIB\FIVEH.LIB|TMSGITEM ACBP=A9
 0001:00033F4C 00000142 C=CODE    S=_TEXT    G=(none)   M=C:\WORK\FWH\LIB\FIVEH.LIB|TOOLBAR ACBP=A9
 0001:00034090 000000CA C=CODE    S=_TEXT    G=(none)   M=C:\WORK\FWH\LIB\FIVEH.LIB|TPANEL ACBP=A9
 0001:0003415C 00000235 C=CODE    S=_TEXT    G=(none)   M=C:\WORK\FWH\LIB\FIVEH.LIB|TRBGROUP ACBP=A9
 0001:00034394 00000265 C=CODE    S=_TEXT    G=(none)   M=C:\WORK\FWH\LIB\FIVEH.LIB|TRBTN ACBP=A9
 0001:000345FC 000003B5 C=CODE    S=_TEXT    G=(none)   M=C:\WORK\FWH\LIB\FIVEH.LIB|TRECSET ACBP=A9
 0001:000349B4 00000232 C=CODE    S=_TEXT    G=(none)   M=C:\WORK\FWH\LIB\FIVEH.LIB|TREEITEM ACBP=A9
 0001:00034BE8 000000B2 C=CODE    S=_TEXT    G=(none)   M=C:\WORK\FWH\LIB\FIVEH.LIB|TREES ACBP=A9
 0001:00034C9C 000006FD C=CODE    S=_TEXT    G=(none)   M=C:\WORK\FWH\LIB\FIVEH.LIB|TRIBBON ACBP=A9
 0001:0003539C 000005DD C=CODE    S=_TEXT    G=(none)   M=C:\WORK\FWH\LIB\FIVEH.LIB|TRICHEDI ACBP=A9
 0001:0003597C 00000865 C=CODE    S=_TEXT    G=(none)   M=C:\WORK\FWH\LIB\FIVEH.LIB|TRICHED5 ACBP=A9
 0001:000361E4 00000082 C=CODE    S=_TEXT    G=(none)   M=C:\WORK\FWH\LIB\FIVEH.LIB|TRPANEL ACBP=A9
 0001:00036268 000000E2 C=CODE    S=_TEXT    G=(none)   M=C:\WORK\FWH\LIB\FIVEH.LIB|TSTRUCT ACBP=A9
 0001:0003634C 0000018D C=CODE    S=_TEXT    G=(none)   M=C:\WORK\FWH\LIB\FIVEH.LIB|TSWITCH ACBP=A9
 0001:000364DC 0000015A C=CODE    S=_TEXT    G=(none)   M=C:\WORK\FWH\LIB\FIVEH.LIB|TTMPICKE ACBP=A9
 0001:00036638 0000021A C=CODE    S=_TEXT    G=(none)   M=C:\WORK\FWH\LIB\FIVEH.LIB|TTREEVIE ACBP=A9
 0001:00036854 00000112 C=CODE    S=_TEXT    G=(none)   M=C:\WORK\FWH\LIB\FIVEH.LIB|TTVITEM ACBP=A9
 0001:00036968 0000018A C=CODE    S=_TEXT    G=(none)   M=C:\WORK\FWH\LIB\FIVEH.LIB|TTXTFILE ACBP=A9
 0001:00036AF4 0000015A C=CODE    S=_TEXT    G=(none)   M=C:\WORK\FWH\LIB\FIVEH.LIB|VALBLANK ACBP=A9
 0001:00036C50 0000094F C=CODE    S=_TEXT    G=(none)   M=C:\WORK\FWH\LIB\FIVEH.LIB|VALTOSTR ACBP=A9
 0001:000375A0 000000F5 C=CODE    S=_TEXT    G=(none)   M=C:\WORK\FWH\LIB\FIVEH.LIB|VALTOSTT ACBP=A9
 0001:00037698 00000575 C=CODE    S=_TEXT    G=(none)   M=C:\WORK\FWH\LIB\FIVEH.LIB|VISTAMNU ACBP=A9
 0001:00037C10 0000057D C=CODE    S=_TEXT    G=(none)   M=C:\WORK\FWH\LIB\FIVEH.LIB|VSTRFUN1 ACBP=A9
 0001:00038190 00000C9D C=CODE    S=_TEXT    G=(none)   M=C:\WORK\FWH\LIB\FIVEH.LIB|WINDOW ACBP=A9
 0001:00038E30 0000003A C=CODE    S=_TEXT    G=(none)   M=C:\WORK\FWH\LIB\FIVEH.LIB|WQOUT ACBP=A9
 0001:00038E6C 000000CD C=CODE    S=_TEXT    G=(none)   M=C:\WORK\FWH\LIB\FIVEH.LIB|XBROWSER ACBP=A9
 0001:00038F3C 00000849 C=CODE    S=_TEXT    G=(none)   M=C:\WORK\FWH\LIB\FIVEH.LIB|XIMAGE ACBP=A9
 0001:00039788 0000009A C=CODE    S=_TEXT    G=(none)   M=C:\WORK\FWH\LIB\FIVEH.LIB|XPAD ACBP=A9
 0001:00039824 0000063D C=CODE    S=_TEXT    G=(none)   M=C:\WORK\FWH\LIB\FIVEH.LIB|TGET ACBP=A9
 0001:00039E64 00001E3D C=CODE    S=_TEXT    G=(none)   M=C:\WORK\FWH\LIB\FIVEH.LIB|XBROWSE ACBP=A9
 0001:0003BCA4 0000007D C=CODE    S=_TEXT    G=(none)   M=C:\WORK\FWH\LIB\FIVEHC.LIB|__WNDPRO ACBP=A9
 0001:0003BD24 00000157 C=CODE    S=_TEXT    G=(none)   M=C:\WORK\FWH\LIB\FIVEHC.LIB|BMPREAD ACBP=A9
 0001:0003BE7C 0000018F C=CODE    S=_TEXT    G=(none)   M=C:\WORK\FWH\LIB\FIVEHC.LIB|FFDLGPRC ACBP=A9
 0001:0003C00C 00000184 C=CODE    S=_TEXT    G=(none)   M=C:\WORK\FWH\LIB\FIVEHC.LIB|FFWNDRUN ACBP=A9
 0001:0003C190 0000025E C=CODE    S=_TEXT    G=(none)   M=C:\WORK\FWH\LIB\FIVEHC.LIB|HARBOURC ACBP=A9
 0001:0003C3F0 000000D5 C=CODE    S=_TEXT    G=(none)   M=C:\WORK\FWH\LIB\FIVEHC.LIB|REBARS ACBP=A9
 0001:0003C4C8 00000212 C=CODE    S=_TEXT    G=(none)   M=C:\WORK\FWH\LIB\FIVEHC.LIB|SYSREFRE ACBP=A9
 0001:0003C6DC 000003B6 C=CODE    S=_TEXT    G=(none)   M=C:\WORK\FWH\LIB\FIVEHC.LIB|TOOLBARS ACBP=A9
 0001:0003CA94 00000228 C=CODE    S=_TEXT    G=(none)   M=C:\WORK\FWH\LIB\FIVEHC.LIB|WNDRUN ACBP=A9
 0001:0003CCBC 00000098 C=CODE    S=_TEXT    G=(none)   M=C:\WORK\FWH\LIB\FIVEHC.LIB|XPROC ACBP=A9
 0001:0003CD54 00000461 C=CODE    S=_TEXT    G=(none)   M=C:\WORK\FWH\LIB\FIVEHC.LIB|DLGBOX ACBP=A9
 0001:0003D1B8 00001734 C=CODE    S=_TEXT    G=(none)   M=C:\WORK\FWH\LIB\FIVEHC.LIB|CTLHDLEH ACBP=A9
 0001:0003E8EC 000016F8 C=CODE    S=_TEXT    G=(none)   M=C:\WORK\FWH\LIB\FIVEHC.LIB|ACTX ACBP=A9
 0001:0003FFE4 00006DA8 C=CODE    S=_TEXT    G=(none)   M=C:\WORK\FWH\LIB\FIVEHC.LIB|GDIPFWH ACBP=A9
 0001:00046D8C 000060C2 C=CODE    S=_TEXT    G=(none)   M=C:\WORK\FWH\LIB\FIVEHC.LIB|GDIPLUS ACBP=A9
 0001:0004CE2C 000000D7 C=CODE    S=_TEXT    G=(none)   M=C:\WORK\FWH\LIB\FIVEHC.LIB|AAT ACBP=A9
 0001:0004CF04 000001B4 C=CODE    S=_TEXT    G=(none)   M=C:\WORK\FWH\LIB\FIVEHC.LIB|ACCELERA ACBP=A9
 0001:0004D0B8 00000071 C=CODE    S=_TEXT    G=(none)   M=C:\WORK\FWH\LIB\FIVEHC.LIB|ATOM ACBP=A9
 0001:0004D12C 00000391 C=CODE    S=_TEXT    G=(none)   M=C:\WORK\FWH\LIB\FIVEHC.LIB|BARTOOLS ACBP=A9
 0001:0004D4C0 00000544 C=CODE    S=_TEXT    G=(none)   M=C:\WORK\FWH\LIB\FIVEHC.LIB|BITMAPS ACBP=A9
 0001:0004DA04 00000FD3 C=CODE    S=_TEXT    G=(none)   M=C:\WORK\FWH\LIB\FIVEHC.LIB|BMPDRAW ACBP=A9
 0001:0004E9D8 0000012F C=CODE    S=_TEXT    G=(none)   M=C:\WORK\FWH\LIB\FIVEHC.LIB|BMPS ACBP=A9
 0001:0004EB08 00001B4E C=CODE    S=_TEXT    G=(none)   M=C:\WORK\FWH\LIB\FIVEHC.LIB|BRUSHES ACBP=A9
 0001:00050658 000047CA C=CODE    S=_TEXT    G=(none)   M=C:\WORK\FWH\LIB\FIVEHC.LIB|C5CNEW ACBP=A9
 0001:00054E24 000001CC C=CODE    S=_TEXT    G=(none)   M=C:\WORK\FWH\LIB\FIVEHC.LIB|CALDLL32 ACBP=A9
 0001:00054FF0 0000056B C=CODE    S=_TEXT    G=(none)   M=C:\WORK\FWH\LIB\FIVEHC.LIB|CALLDLL ACBP=A9
 0001:0005555C 000000B3 C=CODE    S=_TEXT    G=(none)   M=C:\WORK\FWH\LIB\FIVEHC.LIB|CARET ACBP=A9
 0001:00055610 00000068 C=CODE    S=_TEXT    G=(none)   M=C:\WORK\FWH\LIB\FIVEHC.LIB|CHANGEPR ACBP=A9
 0001:00055678 000002B0 C=CODE    S=_TEXT    G=(none)   M=C:\WORK\FWH\LIB\FIVEHC.LIB|CLPBRD ACBP=A9
 0001:00055928 0000012E C=CODE    S=_TEXT    G=(none)   M=C:\WORK\FWH\LIB\FIVEHC.LIB|CLRCHOOS ACBP=A9
 0001:00055A58 00000104 C=CODE    S=_TEXT    G=(none)   M=C:\WORK\FWH\LIB\FIVEHC.LIB|CLT2SCR ACBP=A9
 0001:00055B5C 000002B5 C=CODE    S=_TEXT    G=(none)   M=C:\WORK\FWH\LIB\FIVEHC.LIB|CODEGTF ACBP=A9
 0001:00055E14 00000A00 C=CODE    S=_TEXT    G=(none)   M=C:\WORK\FWH\LIB\FIVEHC.LIB|COLOR ACBP=A9
 0001:00056814 00000373 C=CODE    S=_TEXT    G=(none)   M=C:\WORK\FWH\LIB\FIVEHC.LIB|COLORTON ACBP=A9
 0001:00056B88 0000002C C=CODE    S=_TEXT    G=(none)   M=C:\WORK\FWH\LIB\FIVEHC.LIB|CREATEPA ACBP=A9
 0001:00056BB4 0000002C C=CODE    S=_TEXT    G=(none)   M=C:\WORK\FWH\LIB\FIVEHC.LIB|CREATEPE ACBP=A9
 0001:00056BE0 00000096 C=CODE    S=_TEXT    G=(none)   M=C:\WORK\FWH\LIB\FIVEHC.LIB|CREATESO ACBP=A9
 0001:00056C78 000000D6 C=CODE    S=_TEXT    G=(none)   M=C:\WORK\FWH\LIB\FIVEHC.LIB|CREATWND ACBP=A9
 0001:00056D50 000002FE C=CODE    S=_TEXT    G=(none)   M=C:\WORK\FWH\LIB\FIVEHC.LIB|CTL3D ACBP=A9
 0001:00057050 000001E4 C=CODE    S=_TEXT    G=(none)   M=C:\WORK\FWH\LIB\FIVEHC.LIB|CTRL2CHR ACBP=A9
 0001:00057234 00000793 C=CODE    S=_TEXT    G=(none)   M=C:\WORK\FWH\LIB\FIVEHC.LIB|CTRLDRAW ACBP=A9
 0001:000579C8 00000ACC C=CODE    S=_TEXT    G=(none)   M=C:\WORK\FWH\LIB\FIVEHC.LIB|CURSORS ACBP=A9
 0001:00058494 0000014E C=CODE    S=_TEXT    G=(none)   M=C:\WORK\FWH\LIB\FIVEHC.LIB|DATEPICK ACBP=A9
 0001:000585E4 0000072E C=CODE    S=_TEXT    G=(none)   M=C:\WORK\FWH\LIB\FIVEHC.LIB|DC ACBP=A9
 0001:00058D14 0000007A C=CODE    S=_TEXT    G=(none)   M=C:\WORK\FWH\LIB\FIVEHC.LIB|DDEXC ACBP=A9
 0001:00058D90 00000070 C=CODE    S=_TEXT    G=(none)   M=C:\WORK\FWH\LIB\FIVEHC.LIB|DELOBJEC ACBP=A9
 0001:00058E00 000000A1 C=CODE    S=_TEXT    G=(none)   M=C:\WORK\FWH\LIB\FIVEHC.LIB|DESKTOP ACBP=A9
 0001:00058EA4 0000021D C=CODE    S=_TEXT    G=(none)   M=C:\WORK\FWH\LIB\FIVEHC.LIB|DEVICE ACBP=A9
 0001:000590C4 00000558 C=CODE    S=_TEXT    G=(none)   M=C:\WORK\FWH\LIB\FIVEHC.LIB|DIB ACBP=A9
 0001:0005961C 000003C9 C=CODE    S=_TEXT    G=(none)   M=C:\WORK\FWH\LIB\FIVEHC.LIB|DIBBMP ACBP=A9
 0001:000599E8 000001E0 C=CODE    S=_TEXT    G=(none)   M=C:\WORK\FWH\LIB\FIVEHC.LIB|DLG2CHR ACBP=A9
 0001:00059BC8 00000034 C=CODE    S=_TEXT    G=(none)   M=C:\WORK\FWH\LIB\FIVEHC.LIB|DLL ACBP=A9
 0001:00059BFC 000002E3 C=CODE    S=_TEXT    G=(none)   M=C:\WORK\FWH\LIB\FIVEHC.LIB|DLOGBOX ACBP=A9
 0001:00059EE0 000002B5 C=CODE    S=_TEXT    G=(none)   M=C:\WORK\FWH\LIB\FIVEHC.LIB|DOTS ACBP=A9
 0001:0005A198 00000661 C=CODE    S=_TEXT    G=(none)   M=C:\WORK\FWH\LIB\FIVEHC.LIB|DRAWING ACBP=A9
 0001:0005A7FC 00000106 C=CODE    S=_TEXT    G=(none)   M=C:\WORK\FWH\LIB\FIVEHC.LIB|DRAWITEM ACBP=A9
 0001:0005A904 000000D8 C=CODE    S=_TEXT    G=(none)   M=C:\WORK\FWH\LIB\FIVEHC.LIB|DRIVES ACBP=A9
 0001:0005A9DC 000000E8 C=CODE    S=_TEXT    G=(none)   M=C:\WORK\FWH\LIB\FIVEHC.LIB|DROPFILE ACBP=A9
 0001:0005AAC4 0000025C C=CODE    S=_TEXT    G=(none)   M=C:\WORK\FWH\LIB\FIVEHC.LIB|FGETCLIP ACBP=A9
 0001:0005AD20 00001395 C=CODE    S=_TEXT    G=(none)   M=C:\WORK\FWH\LIB\FIVEHC.LIB|FGETLINE ACBP=A9
 0001:0005C0B8 000000A9 C=CODE    S=_TEXT    G=(none)   M=C:\WORK\FWH\LIB\FIVEHC.LIB|FINDTEXT ACBP=A9
 0001:0005C164 00000BD2 C=CODE    S=_TEXT    G=(none)   M=C:\WORK\FWH\LIB\FIVEHC.LIB|FONTS ACBP=A9
 0001:0005CD38 000002DF C=CODE    S=_TEXT    G=(none)   M=C:\WORK\FWH\LIB\FIVEHC.LIB|FTEXT ACBP=A9
 0001:0005D018 00000556 C=CODE    S=_TEXT    G=(none)   M=C:\WORK\FWH\LIB\FIVEHC.LIB|FWARRAY ACBP=A9
 0001:0005D570 00001B69 C=CODE    S=_TEXT    G=(none)   M=C:\WORK\FWH\LIB\FIVEHC.LIB|FWBMP ACBP=A9
 0001:0005F0DC 000002DA C=CODE    S=_TEXT    G=(none)   M=C:\WORK\FWH\LIB\FIVEHC.LIB|FWPALCTL ACBP=A9
 0001:0005F3B8 000001E1 C=CODE    S=_TEXT    G=(none)   M=C:\WORK\FWH\LIB\FIVEHC.LIB|FWSTR ACBP=A9
 0001:0005F59C 00000278 C=CODE    S=_TEXT    G=(none)   M=C:\WORK\FWH\LIB\FIVEHC.LIB|GETDIR ACBP=A9
 0001:0005F814 0000006C C=CODE    S=_TEXT    G=(none)   M=C:\WORK\FWH\LIB\FIVEHC.LIB|GETDLGIT ACBP=A9
 0001:0005F880 00000846 C=CODE    S=_TEXT    G=(none)   M=C:\WORK\FWH\LIB\FIVEHC.LIB|GETFILE ACBP=A9
 0001:000600C8 000000DF C=CODE    S=_TEXT    G=(none)   M=C:\WORK\FWH\LIB\FIVEHC.LIB|GETPROCA ACBP=A9
 0001:000601A8 0000005E C=CODE    S=_TEXT    G=(none)   M=C:\WORK\FWH\LIB\FIVEHC.LIB|GETSTKOB ACBP=A9
 0001:00060208 0000027B C=CODE    S=_TEXT    G=(none)   M=C:\WORK\FWH\LIB\FIVEHC.LIB|GETTEXT ACBP=A9
 0001:00060484 0000018B C=CODE    S=_TEXT    G=(none)   M=C:\WORK\FWH\LIB\FIVEHC.LIB|GETTEXTW ACBP=A9
 0001:00060610 000000C4 C=CODE    S=_TEXT    G=(none)   M=C:\WORK\FWH\LIB\FIVEHC.LIB|GETWND ACBP=A9
 0001:000606D4 000004AA C=CODE    S=_TEXT    G=(none)   M=C:\WORK\FWH\LIB\FIVEHC.LIB|HANDLIST ACBP=A9
 0001:00060B80 0000026E C=CODE    S=_TEXT    G=(none)   M=C:\WORK\FWH\LIB\FIVEHC.LIB|HELP ACBP=A9
 0001:00060DF0 000000EA C=CODE    S=_TEXT    G=(none)   M=C:\WORK\FWH\LIB\FIVEHC.LIB|HEX2DEC ACBP=A9
 0001:00060EDC 000000D4 C=CODE    S=_TEXT    G=(none)   M=C:\WORK\FWH\LIB\FIVEHC.LIB|HILOWORD ACBP=A9
 0001:00060FB0 00000CA2 C=CODE    S=_TEXT    G=(none)   M=C:\WORK\FWH\LIB\FIVEHC.LIB|ICONS ACBP=A9
 0001:00061C54 000001FF C=CODE    S=_TEXT    G=(none)   M=C:\WORK\FWH\LIB\FIVEHC.LIB|IMAGELIS ACBP=A9
 0001:00061E54 00000119 C=CODE    S=_TEXT    G=(none)   M=C:\WORK\FWH\LIB\FIVEHC.LIB|INSTANCE ACBP=A9
 0001:00061F70 000001F9 C=CODE    S=_TEXT    G=(none)   M=C:\WORK\FWH\LIB\FIVEHC.LIB|KEYBRD ACBP=A9
 0001:0006216C 00000123 C=CODE    S=_TEXT    G=(none)   M=C:\WORK\FWH\LIB\FIVEHC.LIB|LBX ACBP=A9
 0001:00062290 00000526 C=CODE    S=_TEXT    G=(none)   M=C:\WORK\FWH\LIB\FIVEHC.LIB|LISTVIEW ACBP=A9
 0001:000627B8 000000B1 C=CODE    S=_TEXT    G=(none)   M=C:\WORK\FWH\LIB\FIVEHC.LIB|LOADBMP ACBP=A9
 0001:0006286C 00000034 C=CODE    S=_TEXT    G=(none)   M=C:\WORK\FWH\LIB\FIVEHC.LIB|MAKELONG ACBP=A9
 0001:000628A0 00000F19 C=CODE    S=_TEXT    G=(none)   M=C:\WORK\FWH\LIB\FIVEHC.LIB|MAPI ACBP=A9
 0001:000637BC 00000304 C=CODE    S=_TEXT    G=(none)   M=C:\WORK\FWH\LIB\FIVEHC.LIB|MDI ACBP=A9
 0001:00063AC0 000001BE C=CODE    S=_TEXT    G=(none)   M=C:\WORK\FWH\LIB\FIVEHC.LIB|MEM ACBP=A9
 0001:00063C80 00002DAF C=CODE    S=_TEXT    G=(none)   M=C:\WORK\FWH\LIB\FIVEHC.LIB|MENUDRAW ACBP=A9
 0001:00066A30 00000855 C=CODE    S=_TEXT    G=(none)   M=C:\WORK\FWH\LIB\FIVEHC.LIB|MENUS ACBP=A9
 0001:00067288 000002B8 C=CODE    S=_TEXT    G=(none)   M=C:\WORK\FWH\LIB\FIVEHC.LIB|METAFI32 ACBP=A9
 0001:00067540 0000032E C=CODE    S=_TEXT    G=(none)   M=C:\WORK\FWH\LIB\FIVEHC.LIB|METAFILE ACBP=A9
 0001:00067870 00000181 C=CODE    S=_TEXT    G=(none)   M=C:\WORK\FWH\LIB\FIVEHC.LIB|MGETCREA ACBP=A9
 0001:000679F4 00000293 C=CODE    S=_TEXT    G=(none)   M=C:\WORK\FWH\LIB\FIVEHC.LIB|MKDIR ACBP=A9
 0001:00067C88 000000C8 C=CODE    S=_TEXT    G=(none)   M=C:\WORK\FWH\LIB\FIVEHC.LIB|MOVETO ACBP=A9
 0001:00067D50 0000001F C=CODE    S=_TEXT    G=(none)   M=C:\WORK\FWH\LIB\FIVEHC.LIB|MSGBEEP ACBP=A9
 0001:00067D70 000006BD C=CODE    S=_TEXT    G=(none)   M=C:\WORK\FWH\LIB\FIVEHC.LIB|MSGS ACBP=A9
 0001:00068430 000003B6 C=CODE    S=_TEXT    G=(none)   M=C:\WORK\FWH\LIB\FIVEHC.LIB|MSGSAPI ACBP=A9
 0001:000687E8 0000040C C=CODE    S=_TEXT    G=(none)   M=C:\WORK\FWH\LIB\FIVEHC.LIB|MSGTOOLS ACBP=A9
 0001:00068BF4 00000A02 C=CODE    S=_TEXT    G=(none)   M=C:\WORK\FWH\LIB\FIVEHC.LIB|NONCLIENT ACBP=A9
 0001:000695F8 0000006D C=CODE    S=_TEXT    G=(none)   M=C:\WORK\FWH\LIB\FIVEHC.LIB|NOTIFY ACBP=A9
 0001:00069668 000001D5 C=CODE    S=_TEXT    G=(none)   M=C:\WORK\FWH\LIB\FIVEHC.LIB|OEMANSI ACBP=A9
 0001:00069840 00000079 C=CODE    S=_TEXT    G=(none)   M=C:\WORK\FWH\LIB\FIVEHC.LIB|ONOFFBMP ACBP=A9
 0001:000698BC 000001EF C=CODE    S=_TEXT    G=(none)   M=C:\WORK\FWH\LIB\FIVEHC.LIB|OR ACBP=A9
 0001:00069AAC 00000058 C=CODE    S=_TEXT    G=(none)   M=C:\WORK\FWH\LIB\FIVEHC.LIB|PAINT ACBP=A9
 0001:00069B04 0000005C C=CODE    S=_TEXT    G=(none)   M=C:\WORK\FWH\LIB\FIVEHC.LIB|PEEKMSG ACBP=A9
 0001:00069B60 00000C84 C=CODE    S=_TEXT    G=(none)   M=C:\WORK\FWH\LIB\FIVEHC.LIB|PRINTDC ACBP=A9
 0001:0006A7E4 00000215 C=CODE    S=_TEXT    G=(none)   M=C:\WORK\FWH\LIB\FIVEHC.LIB|PROFILE ACBP=A9
 0001:0006A9FC 0000074F C=CODE    S=_TEXT    G=(none)   M=C:\WORK\FWH\LIB\FIVEHC.LIB|RECTS ACBP=A9
 0001:0006B14C 0000010D C=CODE    S=_TEXT    G=(none)   M=C:\WORK\FWH\LIB\FIVEHC.LIB|REGCLASS ACBP=A9
 0001:0006B25C 00000391 C=CODE    S=_TEXT    G=(none)   M=C:\WORK\FWH\LIB\FIVEHC.LIB|REGEDIT ACBP=A9
 0001:0006B5F0 00000429 C=CODE    S=_TEXT    G=(none)   M=C:\WORK\FWH\LIB\FIVEHC.LIB|REGIONS ACBP=A9
 0001:0006BA1C 000002B5 C=CODE    S=_TEXT    G=(none)   M=C:\WORK\FWH\LIB\FIVEHC.LIB|RESOURCE ACBP=A9
 0001:0006BCD4 00001A15 C=CODE    S=_TEXT    G=(none)   M=C:\WORK\FWH\LIB\FIVEHC.LIB|RIBBON ACBP=A9
 0001:0006D6EC 0000212C C=CODE    S=_TEXT    G=(none)   M=C:\WORK\FWH\LIB\FIVEHC.LIB|RICHEDIT ACBP=A9
 0001:0006F818 0000365E C=CODE    S=_TEXT    G=(none)   M=C:\WORK\FWH\LIB\FIVEHC.LIB|RICHEDI5 ACBP=A9
 0001:00072E78 000003CA C=CODE    S=_TEXT    G=(none)   M=C:\WORK\FWH\LIB\FIVEHC.LIB|SAVEICON ACBP=A9
 0001:00073244 00000A59 C=CODE    S=_TEXT    G=(none)   M=C:\WORK\FWH\LIB\FIVEHC.LIB|SCINTILC ACBP=A9
 0001:00073CA0 000001EC C=CODE    S=_TEXT    G=(none)   M=C:\WORK\FWH\LIB\FIVEHC.LIB|SCROLL ACBP=A9
 0001:00073E8C 00000023 C=CODE    S=_TEXT    G=(none)   M=C:\WORK\FWH\LIB\FIVEHC.LIB|SELOBJEC ACBP=A9
 0001:00073EB0 00000057 C=CODE    S=_TEXT    G=(none)   M=C:\WORK\FWH\LIB\FIVEHC.LIB|SETMAPMO ACBP=A9
 0001:00073F08 0000005B C=CODE    S=_TEXT    G=(none)   M=C:\WORK\FWH\LIB\FIVEHC.LIB|SETTEXT ACBP=A9
 0001:00073F64 000002CC C=CODE    S=_TEXT    G=(none)   M=C:\WORK\FWH\LIB\FIVEHC.LIB|STRTOKEN ACBP=A9
 0001:00074230 000002BD C=CODE    S=_TEXT    G=(none)   M=C:\WORK\FWH\LIB\FIVEHC.LIB|TABCTRL ACBP=A9
 0001:000744F0 000002E7 C=CODE    S=_TEXT    G=(none)   M=C:\WORK\FWH\LIB\FIVEHC.LIB|TABCTRLW ACBP=A9
 0001:000747D8 00000AF9 C=CODE    S=_TEXT    G=(none)   M=C:\WORK\FWH\LIB\FIVEHC.LIB|TEXT ACBP=A9
 0001:000752D4 00001062 C=CODE    S=_TEXT    G=(none)   M=C:\WORK\FWH\LIB\FIVEHC.LIB|THEMES ACBP=A9
 0001:00076338 000000CB C=CODE    S=_TEXT    G=(none)   M=C:\WORK\FWH\LIB\FIVEHC.LIB|TIMEPICK ACBP=A9
 0001:00076404 00000069 C=CODE    S=_TEXT    G=(none)   M=C:\WORK\FWH\LIB\FIVEHC.LIB|TIMERS ACBP=A9
 0001:00076470 00000346 C=CODE    S=_TEXT    G=(none)   M=C:\WORK\FWH\LIB\FIVEHC.LIB|TOOLTIPW ACBP=A9
 0001:000767B8 00000240 C=CODE    S=_TEXT    G=(none)   M=C:\WORK\FWH\LIB\FIVEHC.LIB|TOOLTIPA ACBP=A9
 0001:000769F8 000002DE C=CODE    S=_TEXT    G=(none)   M=C:\WORK\FWH\LIB\FIVEHC.LIB|TOUCH ACBP=A9
 0001:00076CD8 00000551 C=CODE    S=_TEXT    G=(none)   M=C:\WORK\FWH\LIB\FIVEHC.LIB|TREEVIEW ACBP=A9
 0001:0007722C 00001261 C=CODE    S=_TEXT    G=(none)   M=C:\WORK\FWH\LIB\FIVEHC.LIB|UNICODE ACBP=A9
 0001:00078490 000003E1 C=CODE    S=_TEXT    G=(none)   M=C:\WORK\FWH\LIB\FIVEHC.LIB|WBRWLINE ACBP=A9
 0001:00078874 00000035 C=CODE    S=_TEXT    G=(none)   M=C:\WORK\FWH\LIB\FIVEHC.LIB|WIN2000 ACBP=A9
 0001:000788AC 000001B6 C=CODE    S=_TEXT    G=(none)   M=C:\WORK\FWH\LIB\FIVEHC.LIB|WINDOWS ACBP=A9
 0001:00078A64 0000021C C=CODE    S=_TEXT    G=(none)   M=C:\WORK\FWH\LIB\FIVEHC.LIB|WINEXEC ACBP=A9
 0001:00078C80 000000A9 C=CODE    S=_TEXT    G=(none)   M=C:\WORK\FWH\LIB\FIVEHC.LIB|WMOUSE ACBP=A9
 0001:00078D2C 00000760 C=CODE    S=_TEXT    G=(none)   M=C:\WORK\FWH\LIB\FIVEHC.LIB|WNDBOXES ACBP=A9
 0001:0007948C 00000250 C=CODE    S=_TEXT    G=(none)   M=C:\WORK\FWH\LIB\FIVEHC.LIB|WNDCENTE ACBP=A9
 0001:000796DC 00000033 C=CODE    S=_TEXT    G=(none)   M=C:\WORK\FWH\LIB\FIVEHC.LIB|WNDDESTR ACBP=A9
 0001:00079710 000005CF C=CODE    S=_TEXT    G=(none)   M=C:\WORK\FWH\LIB\FIVEHC.LIB|WNDIS ACBP=A9
 0001:00079CE0 0000007B C=CODE    S=_TEXT    G=(none)   M=C:\WORK\FWH\LIB\FIVEHC.LIB|WNDISOVE ACBP=A9
 0001:00079D5C 00000B95 C=CODE    S=_TEXT    G=(none)   M=C:\WORK\FWH\LIB\FIVEHC.LIB|WNDMOVE ACBP=A9
 0001:0007A8F4 000000D1 C=CODE    S=_TEXT    G=(none)   M=C:\WORK\FWH\LIB\FIVEHC.LIB|WNDPOS ACBP=A9
 0001:0007A9C8 000001BA C=CODE    S=_TEXT    G=(none)   M=C:\WORK\FWH\LIB\FIVEHC.LIB|WNDPRINT ACBP=A9
 0001:0007AB84 0000039C C=CODE    S=_TEXT    G=(none)   M=C:\WORK\FWH\LIB\FIVEHC.LIB|WNDSAY ACBP=A9
 0001:0007AF20 00000270 C=CODE    S=_TEXT    G=(none)   M=C:\WORK\FWH\LIB\FIVEHC.LIB|WNDSCROL ACBP=A9
 0001:0007B190 0000003B C=CODE    S=_TEXT    G=(none)   M=C:\WORK\FWH\LIB\FIVEHC.LIB|WNDUPDAT ACBP=A9
 0001:0007B1CC 0000029A C=CODE    S=_TEXT    G=(none)   M=C:\WORK\FWH\LIB\FIVEHC.LIB|XBROWSEC ACBP=A9
 0001:0007B468 00000141 C=CODE    S=_TEXT    G=(none)   M=C:\WORK\HARBOUR\LIB\HBPCRE.LIB|pcreconf ACBP=A9
 0001:0007B5A9 00000044 C=CODE    S=_TEXT    G=(none)   M=C:\WORK\HARBOUR\LIB\HBPCRE.LIB|pcreglob ACBP=A9
 0001:0007B5AC 00000184 C=CODE    S=_TEXT    G=(none)   M=C:\WORK\HARBOUR\LIB\HBRTL.LIB|abs ACBP=A9
 0001:0007B730 00000323 C=CODE    S=_TEXT    G=(none)   M=C:\WORK\HARBOUR\LIB\HBRTL.LIB|arc4 ACBP=A9
 0001:0007BA54 00000228 C=CODE    S=_TEXT    G=(none)   M=C:\WORK\HARBOUR\LIB\HBRTL.LIB|at ACBP=A9
 0001:0007BC7C 0000012C C=CODE    S=_TEXT    G=(none)   M=C:\WORK\HARBOUR\LIB\HBRTL.LIB|base64d ACBP=A9
 0001:0007BDA8 0000010A C=CODE    S=_TEXT    G=(none)   M=C:\WORK\HARBOUR\LIB\HBRTL.LIB|binnum ACBP=A9
 0001:0007BEB4 0000471E C=CODE    S=_TEXT    G=(none)   M=C:\WORK\HARBOUR\LIB\HBRTL.LIB|cdpapi ACBP=A9
 0001:000805D4 00000CE2 C=CODE    S=_TEXT    G=(none)   M=C:\WORK\HARBOUR\LIB\HBRTL.LIB|cdpapihb ACBP=A9
 0001:000812B8 000000E3 C=CODE    S=_TEXT    G=(none)   M=C:\WORK\HARBOUR\LIB\HBRTL.LIB|chrasc ACBP=A9
 0001:0008139C 00000F49 C=CODE    S=_TEXT    G=(none)   M=C:\WORK\HARBOUR\LIB\HBRTL.LIB|chruni ACBP=A9
 0001:000822E8 000000AB C=CODE    S=_TEXT    G=(none)   M=C:\WORK\HARBOUR\LIB\HBRTL.LIB|colorind ACBP=A9
 0001:00082394 00000B55 C=CODE    S=_TEXT    G=(none)   M=C:\WORK\HARBOUR\LIB\HBRTL.LIB|console ACBP=A9
 0001:00082EEC 000000E4 C=CODE    S=_TEXT    G=(none)   M=C:\WORK\HARBOUR\LIB\HBRTL.LIB|cputime ACBP=A9
 0001:00082FD0 00000175 C=CODE    S=_TEXT    G=(none)   M=C:\WORK\HARBOUR\LIB\HBRTL.LIB|datec ACBP=A9
 0001:00083148 00000B22 C=CODE    S=_TEXT    G=(none)   M=C:\WORK\HARBOUR\LIB\HBRTL.LIB|dates ACBP=A9
 0001:00083C6C 00000F57 C=CODE    S=_TEXT    G=(none)   M=C:\WORK\HARBOUR\LIB\HBRTL.LIB|dateshb ACBP=A9
 0001:00084BC4 00000032 C=CODE    S=_TEXT    G=(none)   M=C:\WORK\HARBOUR\LIB\HBRTL.LIB|datesx ACBP=A9
 0001:00084BF8 000001BC C=CODE    S=_TEXT    G=(none)   M=C:\WORK\HARBOUR\LIB\HBRTL.LIB|dirdrive ACBP=A9
 0001:00084DB4 000001B4 C=CODE    S=_TEXT    G=(none)   M=C:\WORK\HARBOUR\LIB\HBRTL.LIB|direct ACBP=A9
 0001:00084F68 0000039B C=CODE    S=_TEXT    G=(none)   M=C:\WORK\HARBOUR\LIB\HBRTL.LIB|disksphb ACBP=A9
 0001:00085304 000000F6 C=CODE    S=_TEXT    G=(none)   M=C:\WORK\HARBOUR\LIB\HBRTL.LIB|do ACBP=A9
 0001:000853FC 00000234 C=CODE    S=_TEXT    G=(none)   M=C:\WORK\HARBOUR\LIB\HBRTL.LIB|empty ACBP=A9
 0001:00085630 00001517 C=CODE    S=_TEXT    G=(none)   M=C:\WORK\HARBOUR\LIB\HBRTL.LIB|errapi ACBP=A9
 0001:00086B48 00000046 C=CODE    S=_TEXT    G=(none)   M=C:\WORK\HARBOUR\LIB\HBRTL.LIB|errint ACBP=A9
 0001:00086B90 000002D4 C=CODE    S=_TEXT    G=(none)   M=C:\WORK\HARBOUR\LIB\HBRTL.LIB|errintlo ACBP=A9
 0001:00086E64 000000E1 C=CODE    S=_TEXT    G=(none)   M=C:\WORK\HARBOUR\LIB\HBRTL.LIB|file ACBP=A9
 0001:00086F48 000016F0 C=CODE    S=_TEXT    G=(none)   M=C:\WORK\HARBOUR\LIB\HBRTL.LIB|filebuf ACBP=A9
 0001:00088638 00000027 C=CODE    S=_TEXT    G=(none)   M=C:\WORK\HARBOUR\LIB\HBRTL.LIB|filehb ACBP=A9
 0001:00088660 000023D7 C=CODE    S=_TEXT    G=(none)   M=C:\WORK\HARBOUR\LIB\HBRTL.LIB|filesys ACBP=A9
 0001:0008AA38 00000017 C=CODE    S=_TEXT    G=(none)   M=C:\WORK\HARBOUR\LIB\HBRTL.LIB|fmhb ACBP=A9
 0001:0008AA50 0000009C C=CODE    S=_TEXT    G=(none)   M=C:\WORK\HARBOUR\LIB\HBRTL.LIB|fnsplit ACBP=A9
 0001:0008AAEC 00000172 C=CODE    S=_TEXT    G=(none)   M=C:\WORK\HARBOUR\LIB\HBRTL.LIB|fscopy ACBP=A9
 0001:0008AC60 000000CA C=CODE    S=_TEXT    G=(none)   M=C:\WORK\HARBOUR\LIB\HBRTL.LIB|fserr ACBP=A9
 0001:0008AD2C 000003C6 C=CODE    S=_TEXT    G=(none)   M=C:\WORK\HARBOUR\LIB\HBRTL.LIB|fslink ACBP=A9
 0001:0008B0F4 0000018B C=CODE    S=_TEXT    G=(none)   M=C:\WORK\HARBOUR\LIB\HBRTL.LIB|fssize ACBP=A9
 0001:0008B280 000003FF C=CODE    S=_TEXT    G=(none)   M=C:\WORK\HARBOUR\LIB\HBRTL.LIB|fstemp ACBP=A9
 0001:0008B680 000000DC C=CODE    S=_TEXT    G=(none)   M=C:\WORK\HARBOUR\LIB\HBRTL.LIB|gete ACBP=A9
 0001:0008B75C 000011D2 C=CODE    S=_TEXT    G=(none)   M=C:\WORK\HARBOUR\LIB\HBRTL.LIB|gtapi ACBP=A9
 0001:0008C930 00000355 C=CODE    S=_TEXT    G=(none)   M=C:\WORK\HARBOUR\LIB\HBRTL.LIB|gtclip ACBP=A9
 0001:0008CC88 00000225 C=CODE    S=_TEXT    G=(none)   M=C:\WORK\HARBOUR\LIB\HBRTL.LIB|gtkbstat ACBP=A9
 0001:0008CEB0 0000027C C=CODE    S=_TEXT    G=(none)   M=C:\WORK\HARBOUR\LIB\HBRTL.LIB|gttone ACBP=A9
 0001:0008D12C 0000017F C=CODE    S=_TEXT    G=(none)   M=C:\WORK\HARBOUR\LIB\HBRTL.LIB|hbadler ACBP=A9
 0001:0008D2AC 000001F7 C=CODE    S=_TEXT    G=(none)   M=C:\WORK\HARBOUR\LIB\HBRTL.LIB|hbascii ACBP=A9
 0001:0008D4A4 0000030F C=CODE    S=_TEXT    G=(none)   M=C:\WORK\HARBOUR\LIB\HBRTL.LIB|hbbit ACBP=A9
 0001:0008D7B4 0000050A C=CODE    S=_TEXT    G=(none)   M=C:\WORK\HARBOUR\LIB\HBRTL.LIB|hbcrc ACBP=A9
 0001:0008DCC0 0000019A C=CODE    S=_TEXT    G=(none)   M=C:\WORK\HARBOUR\LIB\HBRTL.LIB|hbdef ACBP=A9
 0001:0008DE5C 00000047 C=CODE    S=_TEXT    G=(none)   M=C:\WORK\HARBOUR\LIB\HBRTL.LIB|hbfile ACBP=A9
 0001:0008DEA4 00000149 C=CODE    S=_TEXT    G=(none)   M=C:\WORK\HARBOUR\LIB\HBRTL.LIB|hbfilehc ACBP=A9
 0001:0008DFF0 00005068 C=CODE    S=_TEXT    G=(none)   M=C:\WORK\HARBOUR\LIB\HBRTL.LIB|hbgtcore ACBP=A9
 0001:00093058 000003D2 C=CODE    S=_TEXT    G=(none)   M=C:\WORK\HARBOUR\LIB\HBRTL.LIB|hbhex ACBP=A9
 0001:0009342C 00001852 C=CODE    S=_TEXT    G=(none)   M=C:\WORK\HARBOUR\LIB\HBRTL.LIB|hbi18n1 ACBP=A9
 0001:00094C80 00001088 C=CODE    S=_TEXT    G=(none)   M=C:\WORK\HARBOUR\LIB\HBRTL.LIB|hbjson ACBP=A9
 0001:00095D08 0000016A C=CODE    S=_TEXT    G=(none)   M=C:\WORK\HARBOUR\LIB\HBRTL.LIB|hbntos ACBP=A9
 0001:00095E74 00000092 C=CODE    S=_TEXT    G=(none)   M=C:\WORK\HARBOUR\LIB\HBRTL.LIB|hbrand ACBP=A9
 0001:00095F08 000002F4 C=CODE    S=_TEXT    G=(none)   M=C:\WORK\HARBOUR\LIB\HBRTL.LIB|hbrandom ACBP=A9
 0001:000961FC 00000A56 C=CODE    S=_TEXT    G=(none)   M=C:\WORK\HARBOUR\LIB\HBRTL.LIB|hbregex ACBP=A9
 0001:00096C54 000001D1 C=CODE    S=_TEXT    G=(none)   M=C:\WORK\HARBOUR\LIB\HBRTL.LIB|hbregexc ACBP=A9
 0001:00096E28 000000AB C=CODE    S=_TEXT    G=(none)   M=C:\WORK\HARBOUR\LIB\HBRTL.LIB|hbstrsh ACBP=A9
 0001:00096ED4 00000773 C=CODE    S=_TEXT    G=(none)   M=C:\WORK\HARBOUR\LIB\HBRTL.LIB|hbtoken ACBP=A9
 0001:00097648 000000BE C=CODE    S=_TEXT    G=(none)   M=C:\WORK\HARBOUR\LIB\HBRTL.LIB|hbzlibc ACBP=A9
 0001:00097708 00000322 C=CODE    S=_TEXT    G=(none)   M=C:\WORK\HARBOUR\LIB\HBRTL.LIB|idle ACBP=A9
 0001:00097A2C 00000507 C=CODE    S=_TEXT    G=(none)   M=C:\WORK\HARBOUR\LIB\HBRTL.LIB|inkey ACBP=A9
 0001:00097F34 000005DF C=CODE    S=_TEXT    G=(none)   M=C:\WORK\HARBOUR\LIB\HBRTL.LIB|inkeyapi ACBP=A9
 0001:00098514 000000B0 C=CODE    S=_TEXT    G=(none)   M=C:\WORK\HARBOUR\LIB\HBRTL.LIB|is ACBP=A9
 0001:000985C4 000031D2 C=CODE    S=_TEXT    G=(none)   M=C:\WORK\HARBOUR\LIB\HBRTL.LIB|itemseri ACBP=A9
 0001:0009B798 000004CD C=CODE    S=_TEXT    G=(none)   M=C:\WORK\HARBOUR\LIB\HBRTL.LIB|langapi ACBP=A9
 0001:0009BC68 000001BA C=CODE    S=_TEXT    G=(none)   M=C:\WORK\HARBOUR\LIB\HBRTL.LIB|left ACBP=A9
 0001:0009BE24 00000096 C=CODE    S=_TEXT    G=(none)   M=C:\WORK\HARBOUR\LIB\HBRTL.LIB|len ACBP=A9
 0001:0009BEBC 00000984 C=CODE    S=_TEXT    G=(none)   M=C:\WORK\HARBOUR\LIB\HBRTL.LIB|math ACBP=A9
 0001:0009C840 0000007F C=CODE    S=_TEXT    G=(none)   M=C:\WORK\HARBOUR\LIB\HBRTL.LIB|maxrow ACBP=A9
 0001:0009C8C0 00000154 C=CODE    S=_TEXT    G=(none)   M=C:\WORK\HARBOUR\LIB\HBRTL.LIB|memofile ACBP=A9
 0001:0009CA14 000003A0 C=CODE    S=_TEXT    G=(none)   M=C:\WORK\HARBOUR\LIB\HBRTL.LIB|minmax ACBP=A9
 0001:0009CDB4 00000CBB C=CODE    S=_TEXT    G=(none)   M=C:\WORK\HARBOUR\LIB\HBRTL.LIB|mlcfunc ACBP=A9
 0001:0009DA70 0000005F C=CODE    S=_TEXT    G=(none)   M=C:\WORK\HARBOUR\LIB\HBRTL.LIB|net ACBP=A9
 0001:0009DAD0 00000067 C=CODE    S=_TEXT    G=(none)   M=C:\WORK\HARBOUR\LIB\HBRTL.LIB|netusr ACBP=A9
 0001:0009DB38 00000006 C=CODE    S=_TEXT    G=(none)   M=C:\WORK\HARBOUR\LIB\HBRTL.LIB|pad ACBP=A9
 0001:0009DB40 000004A9 C=CODE    S=_TEXT    G=(none)   M=C:\WORK\HARBOUR\LIB\HBRTL.LIB|padx ACBP=A9
 0001:0009DFEC 00000BF0 C=CODE    S=_TEXT    G=(none)   M=C:\WORK\HARBOUR\LIB\HBRTL.LIB|philes ACBP=A9
 0001:0009EBDC 000001EF C=CODE    S=_TEXT    G=(none)   M=C:\WORK\HARBOUR\LIB\HBRTL.LIB|rat ACBP=A9
 0001:0009EDCC 00000140 C=CODE    S=_TEXT    G=(none)   M=C:\WORK\HARBOUR\LIB\HBRTL.LIB|replic ACBP=A9
 0001:0009EF0C 000000D1 C=CODE    S=_TEXT    G=(none)   M=C:\WORK\HARBOUR\LIB\HBRTL.LIB|right ACBP=A9
 0001:0009EFE0 0000010E C=CODE    S=_TEXT    G=(none)   M=C:\WORK\HARBOUR\LIB\HBRTL.LIB|round ACBP=A9
 0001:0009F0F0 00000074 C=CODE    S=_TEXT    G=(none)   M=C:\WORK\HARBOUR\LIB\HBRTL.LIB|seconds ACBP=A9
 0001:0009F164 00000119 C=CODE    S=_TEXT    G=(none)   M=C:\WORK\HARBOUR\LIB\HBRTL.LIB|setcolor ACBP=A9
 0001:0009F280 00000057 C=CODE    S=_TEXT    G=(none)   M=C:\WORK\HARBOUR\LIB\HBRTL.LIB|setcurs ACBP=A9
 0001:0009F2D8 000005BD C=CODE    S=_TEXT    G=(none)   M=C:\WORK\HARBOUR\LIB\HBRTL.LIB|setkey ACBP=A9
 0001:0009F898 00000097 C=CODE    S=_TEXT    G=(none)   M=C:\WORK\HARBOUR\LIB\HBRTL.LIB|setpos ACBP=A9
 0001:0009F930 0000002B C=CODE    S=_TEXT    G=(none)   M=C:\WORK\HARBOUR\LIB\HBRTL.LIB|setposbs ACBP=A9
 0001:0009F95C 00000066 C=CODE    S=_TEXT    G=(none)   M=C:\WORK\HARBOUR\LIB\HBRTL.LIB|space ACBP=A9
 0001:0009F9C4 000002FA C=CODE    S=_TEXT    G=(none)   M=C:\WORK\HARBOUR\LIB\HBRTL.LIB|spfiles ACBP=A9
 0001:0009FCC0 0000008E C=CODE    S=_TEXT    G=(none)   M=C:\WORK\HARBOUR\LIB\HBRTL.LIB|str ACBP=A9
 0001:0009FD50 000000C0 C=CODE    S=_TEXT    G=(none)   M=C:\WORK\HARBOUR\LIB\HBRTL.LIB|strcase ACBP=A9
 0001:0009FE10 0000012F C=CODE    S=_TEXT    G=(none)   M=C:\WORK\HARBOUR\LIB\HBRTL.LIB|strmatch ACBP=A9
 0001:0009FF40 000004C8 C=CODE    S=_TEXT    G=(none)   M=C:\WORK\HARBOUR\LIB\HBRTL.LIB|strrepl ACBP=A9
 0001:000A0408 00000185 C=CODE    S=_TEXT    G=(none)   M=C:\WORK\HARBOUR\LIB\HBRTL.LIB|strtoexp ACBP=A9
 0001:000A0590 00000264 C=CODE    S=_TEXT    G=(none)   M=C:\WORK\HARBOUR\LIB\HBRTL.LIB|strtran ACBP=A9
 0001:000A07F4 000000EA C=CODE    S=_TEXT    G=(none)   M=C:\WORK\HARBOUR\LIB\HBRTL.LIB|strzero ACBP=A9
 0001:000A08E0 0000019A C=CODE    S=_TEXT    G=(none)   M=C:\WORK\HARBOUR\LIB\HBRTL.LIB|stuff ACBP=A9
 0001:000A0A7C 00000156 C=CODE    S=_TEXT    G=(none)   M=C:\WORK\HARBOUR\LIB\HBRTL.LIB|substr ACBP=A9
 0001:000A0BD4 00000058 C=CODE    S=_TEXT    G=(none)   M=C:\WORK\HARBOUR\LIB\HBRTL.LIB|tone ACBP=A9
 0001:000A0C2C 00001520 C=CODE    S=_TEXT    G=(none)   M=C:\WORK\HARBOUR\LIB\HBRTL.LIB|transfrm ACBP=A9
 0001:000A214C 000001D1 C=CODE    S=_TEXT    G=(none)   M=C:\WORK\HARBOUR\LIB\HBRTL.LIB|trim ACBP=A9
 0001:000A2320 00000042 C=CODE    S=_TEXT    G=(none)   M=C:\WORK\HARBOUR\LIB\HBRTL.LIB|type ACBP=A9
 0001:000A2364 000000F5 C=CODE    S=_TEXT    G=(none)   M=C:\WORK\HARBOUR\LIB\HBRTL.LIB|val ACBP=A9
 0001:000A245C 00000064 C=CODE    S=_TEXT    G=(none)   M=C:\WORK\HARBOUR\LIB\HBRTL.LIB|valtostr ACBP=A9
 0001:000A24C0 0000027F C=CODE    S=_TEXT    G=(none)   M=C:\WORK\HARBOUR\LIB\HBRTL.LIB|valtype ACBP=A9
 0001:000A2740 000003CD C=CODE    S=_TEXT    G=(none)   M=C:\WORK\HARBOUR\LIB\HBRTL.LIB|version ACBP=A9
 0001:000A2B10 00000FD7 C=CODE    S=_TEXT    G=(none)   M=C:\WORK\HARBOUR\LIB\HBRTL.LIB|vfile ACBP=A9
 0001:000A3AE8 00000036 C=CODE    S=_TEXT    G=(none)   M=C:\WORK\HARBOUR\LIB\HBRTL.LIB|word ACBP=A9
 0001:000A3B20 00000069 C=CODE    S=_TEXT    G=(none)   M=C:\WORK\HARBOUR\LIB\HBRTL.LIB|xhelp ACBP=A9
 0001:000A3B8C 00000673 C=CODE    S=_TEXT    G=(none)   M=C:\WORK\HARBOUR\LIB\HBRTL.LIB|gui ACBP=A9
 0001:000A4200 00002698 C=CODE    S=_TEXT    G=(none)   M=C:\WORK\HARBOUR\LIB\HBRTL.LIB|hbfilehi ACBP=A9
 0001:000A6898 000033BE C=CODE    S=_TEXT    G=(none)   M=C:\WORK\HARBOUR\LIB\HBRTL.LIB|langcomp ACBP=A9
 0001:000A9C58 00001A43 C=CODE    S=_TEXT    G=(none)   M=C:\WORK\HARBOUR\LIB\HBRTL.LIB|objfunc ACBP=A9
 0001:000AB69C 00003182 C=CODE    S=_TEXT    G=(none)   M=C:\WORK\HARBOUR\LIB\HBRTL.LIB|tclass ACBP=A9
 0001:000AE820 000122D2 C=CODE    S=_TEXT    G=(none)   M=C:\WORK\HARBOUR\LIB\HBRTL.LIB|tget ACBP=A9
 0001:000C0AF4 00000552 C=CODE    S=_TEXT    G=(none)   M=C:\WORK\HARBOUR\LIB\HBRTL.LIB|tobject ACBP=A9
 0001:000C1048 00001DE5 C=CODE    S=_TEXT    G=(none)   M=C:\WORK\HARBOUR\LIB\HBRTL.LIB|valtoexp ACBP=A9
 0001:000C2E30 0000E566 C=CODE    S=_TEXT    G=(none)   M=C:\WORK\HARBOUR\LIB\HBVM.LIB|hvm ACBP=A9
 0001:000D1398 00001E2E C=CODE    S=_TEXT    G=(none)   M=C:\WORK\HARBOUR\LIB\HBVM.LIB|arrays ACBP=A9
 0001:000D31C8 000064C0 C=CODE    S=_TEXT    G=(none)   M=C:\WORK\HARBOUR\LIB\HBVM.LIB|classes ACBP=A9
 0001:000D9688 000008A4 C=CODE    S=_TEXT    G=(none)   M=C:\WORK\HARBOUR\LIB\HBVM.LIB|dynsym ACBP=A9
 0001:000D9F2C 00000308 C=CODE    S=_TEXT    G=(none)   M=C:\WORK\HARBOUR\LIB\HBVM.LIB|codebloc ACBP=A9
 0001:000DA234 00000C31 C=CODE    S=_TEXT    G=(none)   M=C:\WORK\HARBOUR\LIB\HBVM.LIB|estack ACBP=A9
 0001:000DAE68 00002A1C C=CODE    S=_TEXT    G=(none)   M=C:\WORK\HARBOUR\LIB\HBVM.LIB|extend ACBP=A9
 0001:000DD884 00004221 C=CODE    S=_TEXT    G=(none)   M=C:\WORK\HARBOUR\LIB\HBVM.LIB|fm ACBP=A9
 0001:000E1AA8 00000733 C=CODE    S=_TEXT    G=(none)   M=C:\WORK\HARBOUR\LIB\HBVM.LIB|garbage ACBP=A9
 0001:000E21DC 00001777 C=CODE    S=_TEXT    G=(none)   M=C:\WORK\HARBOUR\LIB\HBVM.LIB|hashes ACBP=A9
 0001:000E3954 000031AC C=CODE    S=_TEXT    G=(none)   M=C:\WORK\HARBOUR\LIB\HBVM.LIB|itemapi ACBP=A9
 0001:000E6B00 00001268 C=CODE    S=_TEXT    G=(none)   M=C:\WORK\HARBOUR\LIB\HBVM.LIB|strapi ACBP=A9
 0001:000E7D68 00001D0E C=CODE    S=_TEXT    G=(none)   M=C:\WORK\HARBOUR\LIB\HBVM.LIB|macro ACBP=A9
 0001:000E9A78 0000173F C=CODE    S=_TEXT    G=(none)   M=C:\WORK\HARBOUR\LIB\HBVM.LIB|memvars ACBP=A9
 0001:000EB1B8 00003DEF C=CODE    S=_TEXT    G=(none)   M=C:\WORK\HARBOUR\LIB\HBVM.LIB|set ACBP=A9
 0001:000EEFA8 00000E4C C=CODE    S=_TEXT    G=(none)   M=C:\WORK\HARBOUR\LIB\HBVM.LIB|thread ACBP=A9
 0001:000EFDF4 000007B0 C=CODE    S=_TEXT    G=(none)   M=C:\WORK\HARBOUR\LIB\HBVM.LIB|arrayshb ACBP=A9
 0001:000F05A4 00000651 C=CODE    S=_TEXT    G=(none)   M=C:\WORK\HARBOUR\LIB\HBVM.LIB|asort ACBP=A9
 0001:000F0BF8 00000014 C=CODE    S=_TEXT    G=(none)   M=C:\WORK\HARBOUR\LIB\HBVM.LIB|break ACBP=A9
 0001:000F0C0C 00000C26 C=CODE    S=_TEXT    G=(none)   M=C:\WORK\HARBOUR\LIB\HBVM.LIB|cmdarg ACBP=A9
 0001:000F1834 00000494 C=CODE    S=_TEXT    G=(none)   M=C:\WORK\HARBOUR\LIB\HBVM.LIB|debug ACBP=A9
 0001:000F1CC8 00000287 C=CODE    S=_TEXT    G=(none)   M=C:\WORK\HARBOUR\LIB\HBVM.LIB|dynlibhb ACBP=A9
 0001:000F1F50 00000804 C=CODE    S=_TEXT    G=(none)   M=C:\WORK\HARBOUR\LIB\HBVM.LIB|eval ACBP=A9
 0001:000F2754 000004FD C=CODE    S=_TEXT    G=(none)   M=C:\WORK\HARBOUR\LIB\HBVM.LIB|extrap ACBP=A9
 0001:000F2C54 00001295 C=CODE    S=_TEXT    G=(none)   M=C:\WORK\HARBOUR\LIB\HBVM.LIB|hashfunc ACBP=A9
 0001:000F3EEC 00000006 C=CODE    S=_TEXT    G=(none)   M=C:\WORK\HARBOUR\LIB\HBVM.LIB|initexit ACBP=A9
 0001:000F3EF4 00000019 C=CODE    S=_TEXT    G=(none)   M=C:\WORK\HARBOUR\LIB\HBVM.LIB|initsymb ACBP=A9
 0001:000F3F10 00000058 C=CODE    S=_TEXT    G=(none)   M=C:\WORK\HARBOUR\LIB\HBVM.LIB|pbyref ACBP=A9
 0001:000F3F68 0000001D C=CODE    S=_TEXT    G=(none)   M=C:\WORK\HARBOUR\LIB\HBVM.LIB|pcount ACBP=A9
 0001:000F3F88 00000070 C=CODE    S=_TEXT    G=(none)   M=C:\WORK\HARBOUR\LIB\HBVM.LIB|pvalue ACBP=A9
 0001:000F3FF8 00000006 C=CODE    S=_TEXT    G=(none)   M=C:\WORK\HARBOUR\LIB\HBVM.LIB|pvaluehb ACBP=A9
 0001:000F4000 00000508 C=CODE    S=_TEXT    G=(none)   M=C:\WORK\HARBOUR\LIB\HBVM.LIB|proc ACBP=A9
 0001:000F4508 00000F54 C=CODE    S=_TEXT    G=(none)   M=C:\WORK\HARBOUR\LIB\HBVM.LIB|runner ACBP=A9
 0001:000F545C 00000028 C=CODE    S=_TEXT    G=(none)   M=C:\WORK\HARBOUR\LIB\HBVM.LIB|mainwin ACBP=A9
 0001:000F5484 00000084 C=CODE    S=_TEXT    G=(none)   M=C:\WORK\HARBOUR\LIB\HBVM.LIB|harbinit ACBP=A9
 0001:000F5508 000003C0 C=CODE    S=_TEXT    G=(none)   M=C:\WORK\HARBOUR\LIB\GTGUI.LIB|gtgui ACBP=A9
 0001:000F58C8 00001A9F C=CODE    S=_TEXT    G=(none)   M=C:\WORK\HARBOUR\LIB\HBMACRO.LIB|macroy ACBP=A9
 0001:000F7368 00000659 C=CODE    S=_TEXT    G=(none)   M=C:\WORK\HARBOUR\LIB\HBMACRO.LIB|macroa ACBP=A9
 0001:000F79C4 0000613C C=CODE    S=_TEXT    G=(none)   M=C:\WORK\HARBOUR\LIB\HBMACRO.LIB|macrob ACBP=A9
 0001:000FDB00 000011ED C=CODE    S=_TEXT    G=(none)   M=C:\WORK\HARBOUR\LIB\HBMACRO.LIB|macrolex ACBP=A9
 0001:000FECF0 00000F39 C=CODE    S=_TEXT    G=(none)   M=C:\WORK\HARBOUR\LIB\HBCOMMON.LIB|expropt1 ACBP=A9
 0001:000FFC2C 000036A5 C=CODE    S=_TEXT    G=(none)   M=C:\WORK\HARBOUR\LIB\HBCOMMON.LIB|expropt2 ACBP=A9
 0001:001032D4 000001C5 C=CODE    S=_TEXT    G=(none)   M=C:\WORK\HARBOUR\LIB\HBCOMMON.LIB|funcid ACBP=A9
 0001:0010349C 000018FE C=CODE    S=_TEXT    G=(none)   M=C:\WORK\HARBOUR\LIB\HBCOMMON.LIB|hbdate ACBP=A9
 0001:00104D9C 0000070B C=CODE    S=_TEXT    G=(none)   M=C:\WORK\HARBOUR\LIB\HBCOMMON.LIB|hbffind ACBP=A9
 0001:001054A8 0000005D C=CODE    S=_TEXT    G=(none)   M=C:\WORK\HARBOUR\LIB\HBCOMMON.LIB|hbfopen ACBP=A9
 0001:00105508 000003D3 C=CODE    S=_TEXT    G=(none)   M=C:\WORK\HARBOUR\LIB\HBCOMMON.LIB|hbfsapi ACBP=A9
 0001:001058DC 00000150 C=CODE    S=_TEXT    G=(none)   M=C:\WORK\HARBOUR\LIB\HBCOMMON.LIB|hbgete ACBP=A9
 0001:00105A2C 0000032F C=CODE    S=_TEXT    G=(none)   M=C:\WORK\HARBOUR\LIB\HBCOMMON.LIB|hbhash ACBP=A9
 0001:00105D5C 00001BF9 C=CODE    S=_TEXT    G=(none)   M=C:\WORK\HARBOUR\LIB\HBCOMMON.LIB|hbprintf ACBP=A9
 0001:00107958 000014CC C=CODE    S=_TEXT    G=(none)   M=C:\WORK\HARBOUR\LIB\HBCOMMON.LIB|hbstr ACBP=A9
 0001:00108E24 00000829 C=CODE    S=_TEXT    G=(none)   M=C:\WORK\HARBOUR\LIB\HBCOMMON.LIB|hbver ACBP=A9
 0001:00109650 000002D9 C=CODE    S=_TEXT    G=(none)   M=C:\WORK\HARBOUR\LIB\HBCOMMON.LIB|hbverdsp ACBP=A9
 0001:0010992C 000001CF C=CODE    S=_TEXT    G=(none)   M=C:\WORK\HARBOUR\LIB\HBCOMMON.LIB|hbwin ACBP=A9
 0001:00109AFC 0000060D C=CODE    S=_TEXT    G=(none)   M=C:\WORK\HARBOUR\LIB\HBCOMMON.LIB|strwild ACBP=A9
 0001:0010A10C 0000004F C=CODE    S=_TEXT    G=(none)   M=C:\WORK\HARBOUR\LIB\HBPP.LIB|pptable ACBP=A9
 0001:0010A15C 0000A719 C=CODE    S=_TEXT    G=(none)   M=C:\WORK\HARBOUR\LIB\HBPP.LIB|ppcore ACBP=A9
 0001:00114878 00003242 C=CODE    S=_TEXT    G=(none)   M=C:\WORK\HARBOUR\LIB\HBRDD.LIB|dbcmd ACBP=A9
 0001:00117ABC 00000A99 C=CODE    S=_TEXT    G=(none)   M=C:\WORK\HARBOUR\LIB\HBRDD.LIB|dbcmd53 ACBP=A9
 0001:00118558 00009CD8 C=CODE    S=_TEXT    G=(none)   M=C:\WORK\HARBOUR\LIB\HBRDD.LIB|dbf1 ACBP=A9
 0001:00122230 00000016 C=CODE    S=_TEXT    G=(none)   M=C:\WORK\HARBOUR\LIB\HBRDD.LIB|fieldhb ACBP=A9
 0001:00122248 00000076 C=CODE    S=_TEXT    G=(none)   M=C:\WORK\HARBOUR\LIB\HBRDD.LIB|ordcount ACBP=A9
 0001:001222C0 00000148 C=CODE    S=_TEXT    G=(none)   M=C:\WORK\HARBOUR\LIB\HBRDD.LIB|ordwldsk ACBP=A9
 0001:00122408 000025C6 C=CODE    S=_TEXT    G=(none)   M=C:\WORK\HARBOUR\LIB\HBRDD.LIB|workarea ACBP=A9
 0001:001249D0 00000C17 C=CODE    S=_TEXT    G=(none)   M=C:\WORK\HARBOUR\LIB\HBRDD.LIB|wacore ACBP=A9
 0001:001255E8 000016AB C=CODE    S=_TEXT    G=(none)   M=C:\WORK\HARBOUR\LIB\HBRDD.LIB|wafunc ACBP=A9
 0001:00126C94 0000031C C=CODE    S=_TEXT    G=(none)   M=C:\WORK\HARBOUR\LIB\HBRDD.LIB|rddord ACBP=A9
 0001:00126FB0 00000021 C=CODE    S=_TEXT    G=(none)   M=C:\WORK\HARBOUR\LIB\HBRDD.LIB|rddsys ACBP=A9
 0001:00126FD4 0000AFD8 C=CODE    S=_TEXT    G=(none)   M=C:\WORK\HARBOUR\LIB\RDDNTX.LIB|dbfntx1 ACBP=A9
 0001:00131FAC 00007CC8 C=CODE    S=_TEXT    G=(none)   M=C:\WORK\HARBOUR\LIB\RDDFPT.LIB|dbffpt1 ACBP=A9
 0001:00139C74 000000AC C=CODE    S=_TEXT    G=(none)   M=C:\WORK\HARBOUR\LIB\HBWIN.LIB|oleauto ACBP=A9
 0001:00139D20 00000034 C=CODE    S=_TEXT    G=(none)   M=C:\WORK\HARBOUR\LIB\HBWIN.LIB|axfunc ACBP=A9
 0001:00139D54 00000048 C=CODE    S=_TEXT    G=(none)   M=C:\WORK\HARBOUR\LIB\HBWIN.LIB|win_os ACBP=A9
 0001:00139D9C 000000C0 C=CODE    S=_TEXT    G=(none)   M=C:\WORK\HARBOUR\LIB\HBWIN.LIB|win_reg ACBP=A9
 0001:00139E5C 00000A3C C=CODE    S=_TEXT    G=(none)   M=C:\WORK\HARBOUR\LIB\HBWIN.LIB|axcore ACBP=A9
 0001:0013A898 00003A3C C=CODE    S=_TEXT    G=(none)   M=C:\WORK\HARBOUR\LIB\HBWIN.LIB|olecore ACBP=A9
 0001:0013E2D4 0000025E C=CODE    S=_TEXT    G=(none)   M=C:\WORK\HARBOUR\LIB\HBWIN.LIB|wapi_alloc ACBP=A9
 0001:0013E534 00000026 C=CODE    S=_TEXT    G=(none)   M=C:\WORK\HARBOUR\LIB\HBWIN.LIB|wapi_err ACBP=A9
 0001:0013E55C 00000132 C=CODE    S=_TEXT    G=(none)   M=C:\WORK\HARBOUR\LIB\HBWIN.LIB|wapi_misc ACBP=A9
 0001:0013E690 000000EC C=CODE    S=_TEXT    G=(none)   M=C:\WORK\HARBOUR\LIB\HBWIN.LIB|wapi_shellapi ACBP=A9
 0001:0013E77C 000002AF C=CODE    S=_TEXT    G=(none)   M=C:\WORK\HARBOUR\LIB\HBWIN.LIB|wapi_winbase_2 ACBP=A9
 0001:0013EA2C 00001699 C=CODE    S=_TEXT    G=(none)   M=C:\WORK\HARBOUR\LIB\HBWIN.LIB|wapi_wingdi ACBP=A9
 0001:001400C8 00000FD3 C=CODE    S=_TEXT    G=(none)   M=C:\WORK\HARBOUR\LIB\HBWIN.LIB|wapi_winuser_1 ACBP=A9
 0001:0014109C 00000176 C=CODE    S=_TEXT    G=(none)   M=C:\WORK\HARBOUR\LIB\HBWIN.LIB|wapi_winuser_2 ACBP=A9
 0001:00141214 00000410 C=CODE    S=_TEXT    G=(none)   M=C:\WORK\HARBOUR\LIB\HBWIN.LIB|win_misc_1 ACBP=A9
 0001:00141624 00000425 C=CODE    S=_TEXT    G=(none)   M=C:\WORK\HARBOUR\LIB\HBWIN.LIB|win_osc ACBP=A9
 0001:00141A4C 000004E2 C=CODE    S=_TEXT    G=(none)   M=C:\WORK\HARBOUR\LIB\HBWIN.LIB|win_regc ACBP=A9
 0001:00141F30 000003A6 C=CODE    S=_TEXT    G=(none)   M=C:\WORK\HARBOUR\LIB\HBSIX.LIB|sxcrypt ACBP=A9
 0001:001422D8 000000E8 C=CODE    S=_TEXT    G=(none)   M=C:\WORK\HARBOUR\LIB\HBSIX.LIB|sxdate ACBP=A9
 0001:001423C0 00000188 C=CODE    S=_TEXT    G=(none)   M=C:\WORK\HARBOUR\LIB\HBZIPARC.LIB|ziparc ACBP=A9
 0001:00142548 0000002C C=CODE    S=_TEXT    G=(none)   M=C:\WORK\HARBOUR\LIB\HBCPAGE.LIB|cpcs852 ACBP=A9
 0001:00142574 0000002C C=CODE    S=_TEXT    G=(none)   M=C:\WORK\HARBOUR\LIB\HBCPAGE.LIB|cpde850 ACBP=A9
 0001:001425A0 0000002C C=CODE    S=_TEXT    G=(none)   M=C:\WORK\HARBOUR\LIB\HBCPAGE.LIB|cpel737 ACBP=A9
 0001:001425CC 000062E0 C=CODE    S=_TEXT    G=(none)   M=C:\WORK\HARBOUR\LIB\HBCPLR.LIB|harboury ACBP=A9
 0001:001488AC 00000FB8 C=CODE    S=_TEXT    G=(none)   M=C:\WORK\HARBOUR\LIB\HBCPLR.LIB|cmdcheck ACBP=A9
 0001:00149864 00000703 C=CODE    S=_TEXT    G=(none)   M=C:\WORK\HARBOUR\LIB\HBCPLR.LIB|compi18n ACBP=A9
 0001:00149F68 00002899 C=CODE    S=_TEXT    G=(none)   M=C:\WORK\HARBOUR\LIB\HBCPLR.LIB|complex ACBP=A9
 0001:0014C804 000009AF C=CODE    S=_TEXT    G=(none)   M=C:\WORK\HARBOUR\LIB\HBCPLR.LIB|expropta ACBP=A9
 0001:0014D1B4 00006E54 C=CODE    S=_TEXT    G=(none)   M=C:\WORK\HARBOUR\LIB\HBCPLR.LIB|exproptb ACBP=A9
 0001:00154008 00004494 C=CODE    S=_TEXT    G=(none)   M=C:\WORK\HARBOUR\LIB\HBCPLR.LIB|genc ACBP=A9
 0001:0015849C 00004B30 C=CODE    S=_TEXT    G=(none)   M=C:\WORK\HARBOUR\LIB\HBCPLR.LIB|gencc ACBP=A9
 0001:0015CFCC 0000028F C=CODE    S=_TEXT    G=(none)   M=C:\WORK\HARBOUR\LIB\HBCPLR.LIB|genhrb ACBP=A9
 0001:0015D25C 00000494 C=CODE    S=_TEXT    G=(none)   M=C:\WORK\HARBOUR\LIB\HBCPLR.LIB|hbcmplib ACBP=A9
 0001:0015D6F0 000005E6 C=CODE    S=_TEXT    G=(none)   M=C:\WORK\HARBOUR\LIB\HBCPLR.LIB|hbcomp ACBP=A9
 0001:0015DCD8 00000250 C=CODE    S=_TEXT    G=(none)   M=C:\WORK\HARBOUR\LIB\HBCPLR.LIB|hbdbginf ACBP=A9
 0001:0015DF28 00000895 C=CODE    S=_TEXT    G=(none)   M=C:\WORK\HARBOUR\LIB\HBCPLR.LIB|hbdead ACBP=A9
 0001:0015E7C0 00000137 C=CODE    S=_TEXT    G=(none)   M=C:\WORK\HARBOUR\LIB\HBCPLR.LIB|hbfix ACBP=A9
 0001:0015E8F8 0000016E C=CODE    S=_TEXT    G=(none)   M=C:\WORK\HARBOUR\LIB\HBCPLR.LIB|hbfunchk ACBP=A9
 0001:0015EA68 000002E4 C=CODE    S=_TEXT    G=(none)   M=C:\WORK\HARBOUR\LIB\HBCPLR.LIB|hbgenerr ACBP=A9
 0001:0015ED4C 0000010D C=CODE    S=_TEXT    G=(none)   M=C:\WORK\HARBOUR\LIB\HBCPLR.LIB|hbident ACBP=A9
 0001:0015EE5C 000003DD C=CODE    S=_TEXT    G=(none)   M=C:\WORK\HARBOUR\LIB\HBCPLR.LIB|hblbl ACBP=A9
 0001:0015F23C 00005896 C=CODE    S=_TEXT    G=(none)   M=C:\WORK\HARBOUR\LIB\HBCPLR.LIB|hbmain ACBP=A9
 0001:00164AD4 00002120 C=CODE    S=_TEXT    G=(none)   M=C:\WORK\HARBOUR\LIB\HBCPLR.LIB|hbopt ACBP=A9
 0001:00166BF4 0000058F C=CODE    S=_TEXT    G=(none)   M=C:\WORK\HARBOUR\LIB\HBCPLR.LIB|hbpcode ACBP=A9
 0001:00167184 00000102 C=CODE    S=_TEXT    G=(none)   M=C:\WORK\HARBOUR\LIB\HBCPLR.LIB|hbstripl ACBP=A9
 0001:00167288 0000012A C=CODE    S=_TEXT    G=(none)   M=C:\WORK\HARBOUR\LIB\HBCPLR.LIB|hbusage ACBP=A9
 0001:001673B4 0000088F C=CODE    S=_TEXT    G=(none)   M=C:\WORK\HARBOUR\LIB\HBCPLR.LIB|ppcomp ACBP=A9
 0001:00167C44 00001EC6 C=CODE    S=_TEXT    G=(none)   M=C:\WORK\HARBOUR\LIB\HBMZIP.LIB|mzip ACBP=A9
 0001:00169B0C 00000355 C=CODE    S=_TEXT    G=(none)   M=C:\WORK\HARBOUR\LIB\MINIZIP.LIB|ioapi ACBP=A9
 0001:00169E64 00002A18 C=CODE    S=_TEXT    G=(none)   M=C:\WORK\HARBOUR\LIB\MINIZIP.LIB|zip ACBP=A9
 0001:0016C87C 00002500 C=CODE    S=_TEXT    G=(none)   M=C:\WORK\HARBOUR\LIB\MINIZIP.LIB|unzip ACBP=A9
 0001:0016ED7C 0000005C C=CODE    S=_TEXT    G=(none)   M=C:\WORK\HARBOUR\LIB\XHB.LIB|decode ACBP=A9
 0001:0016EDD8 00000034 C=CODE    S=_TEXT    G=(none)   M=C:\WORK\HARBOUR\LIB\XHB.LIB|regexrpl ACBP=A9
 0001:0016EE0C 00000034 C=CODE    S=_TEXT    G=(none)   M=C:\WORK\HARBOUR\LIB\XHB.LIB|xhbmisc ACBP=A9
 0001:0016EE40 00000200 C=CODE    S=_TEXT    G=(none)   M=C:\WORK\HARBOUR\LIB\XHB.LIB|xhbole ACBP=A9
 0001:0016F040 00000316 C=CODE    S=_TEXT    G=(none)   M=C:\WORK\HARBOUR\LIB\XHB.LIB|xhbat ACBP=A9
 0001:0016F358 00000036 C=CODE    S=_TEXT    G=(none)   M=C:\WORK\HARBOUR\LIB\XHB.LIB|xhbdate ACBP=A9
 0001:0016F390 0000002F C=CODE    S=_TEXT    G=(none)   M=C:\WORK\HARBOUR\LIB\XHB.LIB|xhbenum ACBP=A9
 0001:0016F3C0 000004B2 C=CODE    S=_TEXT    G=(none)   M=C:\WORK\HARBOUR\LIB\XHB.LIB|xhbfunc ACBP=A9
 0001:0016F874 00000106 C=CODE    S=_TEXT    G=(none)   M=C:\WORK\HARBOUR\LIB\XHB.LIB|xhbhash ACBP=A9
 0001:0016F97C 00000006 C=CODE    S=_TEXT    G=(none)   M=C:\WORK\HARBOUR\LIB\XHB.LIB|xhbi18n ACBP=A9
 0001:0016F984 00000051 C=CODE    S=_TEXT    G=(none)   M=C:\WORK\HARBOUR\LIB\XHB.LIB|xhbmtc ACBP=A9
 0001:0016F9D8 00000034 C=CODE    S=_TEXT    G=(none)   M=C:\WORK\HARBOUR\LIB\XHB.LIB|xhbolec ACBP=A9
 0001:0016FA0C 00000091 C=CODE    S=_TEXT    G=(none)   M=C:\WORK\HARBOUR\LIB\XHB.LIB|xhbwin ACBP=A9
 0001:0016FAA0 0000004F C=CODE    S=_TEXT    G=(none)   M=C:\WORK\HARBOUR\LIB\XHB.LIB|xthrow ACBP=A9
 0001:0016FAF0 0000009E C=CODE    S=_TEXT    G=(none)   M=C:\WORK\HARBOUR\LIB\XHB.LIB|xwin_ver ACBP=A9
 0001:0016FB90 000000C0 C=CODE    S=_TEXT    G=(none)   M=C:\WORK\HARBOUR\LIB\HBCT.LIB|ctmisc ACBP=A9
 0001:0016FC50 0000005C C=CODE    S=_TEXT    G=(none)   M=C:\WORK\HARBOUR\LIB\HBCT.LIB|cttime ACBP=A9
 0001:0016FCAC 000000E9 C=CODE    S=_TEXT    G=(none)   M=C:\WORK\HARBOUR\LIB\HBCT.LIB|ascpos ACBP=A9
 0001:0016FD98 000003C5 C=CODE    S=_TEXT    G=(none)   M=C:\WORK\HARBOUR\LIB\HBCT.LIB|atnum ACBP=A9
 0001:00170160 000001C3 C=CODE    S=_TEXT    G=(none)   M=C:\WORK\HARBOUR\LIB\HBCT.LIB|blank ACBP=A9
 0001:00170324 00000158 C=CODE    S=_TEXT    G=(none)   M=C:\WORK\HARBOUR\LIB\HBCT.LIB|charmirr ACBP=A9
 0001:0017047C 00000329 C=CODE    S=_TEXT    G=(none)   M=C:\WORK\HARBOUR\LIB\HBCT.LIB|charone ACBP=A9
 0001:001707A8 00000251 C=CODE    S=_TEXT    G=(none)   M=C:\WORK\HARBOUR\LIB\HBCT.LIB|charonly ACBP=A9
 0001:001709FC 00000252 C=CODE    S=_TEXT    G=(none)   M=C:\WORK\HARBOUR\LIB\HBCT.LIB|charrepl ACBP=A9
 0001:00170C50 00000205 C=CODE    S=_TEXT    G=(none)   M=C:\WORK\HARBOUR\LIB\HBCT.LIB|charswap ACBP=A9
 0001:00170E58 000002DB C=CODE    S=_TEXT    G=(none)   M=C:\WORK\HARBOUR\LIB\HBCT.LIB|ctc ACBP=A9
 0001:00171134 000000AA C=CODE    S=_TEXT    G=(none)   M=C:\WORK\HARBOUR\LIB\HBCT.LIB|ctmath ACBP=A9
 0001:001711E0 0000047D C=CODE    S=_TEXT    G=(none)   M=C:\WORK\HARBOUR\LIB\HBCT.LIB|ctmath2 ACBP=A9
 0001:00171660 000002CB C=CODE    S=_TEXT    G=(none)   M=C:\WORK\HARBOUR\LIB\HBCT.LIB|ctnet ACBP=A9
 0001:0017192C 000001D1 C=CODE    S=_TEXT    G=(none)   M=C:\WORK\HARBOUR\LIB\HBCT.LIB|ctpad ACBP=A9
 0001:00171B00 000004C4 C=CODE    S=_TEXT    G=(none)   M=C:\WORK\HARBOUR\LIB\HBCT.LIB|ctstr ACBP=A9
 0001:00171FC4 0000045E C=CODE    S=_TEXT    G=(none)   M=C:\WORK\HARBOUR\LIB\HBCT.LIB|ctstrfil ACBP=A9
 0001:00172424 00000463 C=CODE    S=_TEXT    G=(none)   M=C:\WORK\HARBOUR\LIB\HBCT.LIB|datetime ACBP=A9
[...]
 0002:00177DFC  D2582_1
 0002:001793D8  D2588_1
 0002:0017B2C4  D2590_1
 0002:0017C140  D2594_1
 0002:0017D444  D2610_1
 0002:0017E504  D2612_1
 0002:00181664  D2618_1
 0002:00186B70  D2620_1
 0002:0018760C  D2623_1
 0002:001961FC  D2629_1
 0002:001962EC  D2635_1
 0002:00198AF4  D2639_1
 0002:0019DDD8  D2643_1
 0002:0019E038  D2645_1
 0002:001AA994  D2647_1
 0002:001E73E8  D2649_1
 0002:001E73F4  _bDbgBreak
 0002:001E73F8  _bDbgActive
 0002:001E7400  D2651_1
 0002:001E7404  D2653_1
 0002:001E7428  D2655_1
 0002:001E742C  _wLastKey
 0002:001E7434  D2657_1
 0002:001E7444  D2663_1
 0002:001E7458  D2667_1
 0002:001E746C  D2671_1
 0002:001E7478  D2673_1
 0002:001E7478  _regex
 0002:001E7760  D2675_1
 0002:001E77AC  __odtbl__ TActiveX::TActiveX(HWND__ *)
 0002:001E77CC  __ectbl__ TActiveX::TActiveX(HWND__ *)
 0002:001E7808  __odtbl__ HB_FUN_CREATEACTIVEX()
 0002:001E7818  __ectbl__ HB_FUN_CREATEACTIVEX()
 0002:001E7848  @TActiveXEvent@3
 0002:001E7870  @TActiveX@3
 0002:001E7A00  @IDispatch@3
 0002:001E7A28  @IOleControlSite@3
 0002:001E7A5C  @IOleInPlaceUIWindow@3
 0002:001E7A8C  @IOleInPlaceFrame@3
 0002:001E7AD4  @IOleWindow@3
 0002:001E7AF4  @IOleInPlaceSite@3
 0002:001E7B3C  @IUnknown@3
 0002:001E7B54  @IOleClientSite@3
 0002:001E7B84  __ectbl__ __stdcall TActiveX::Release()
 0002:001E7B90  D2681_1
 0002:001E8094  __odtbl__ HB_FUN_GDIP_IMAGEFROMSTR()
 0002:001E80A4  __ectbl__ HB_FUN_GDIP_IMAGEFROMSTR()
 0002:001E80D4  __odtbl__ HB_FUN_GDIP_IMAGEFROMFILE()
 0002:001E80E4  __ectbl__ HB_FUN_GDIP_IMAGEFROMFILE()
 0002:001E8114  __odtbl__ DrawShapes(Gdiplus::Graphics *, Gdiplus::Rect *, void *)
 0002:001E8224  __ectbl__ DrawShapes(Gdiplus::Graphics *, Gdiplus::Rect *, void *)
 0002:001E8494  __odtbl__ HB_FUN_GDIP_NEWALPHABMP()
 0002:001E84C4  __ectbl__ HB_FUN_GDIP_NEWALPHABMP()
 0002:001E853C  __odtbl__ HB_FUN_GDIP_DRAWSHAPES()
 0002:001E855C  __ectbl__ HB_FUN_GDIP_DRAWSHAPES()
 0002:001E85B0  __odtbl__ HB_FUN_GDIP_FROMHBITMAP()
 0002:001E8610  __ectbl__ HB_FUN_GDIP_FROMHBITMAP()
 0002:001E86F4  __odtbl__ HB_FUN_GDIP_DRAWIMAGE()
 0002:001E8734  __ectbl__ HB_FUN_GDIP_DRAWIMAGE()
 0002:001E87B8  __odtbl__ HB_FUN_GDIP_SAYIMAGE()
 0002:001E8808  __ectbl__ HB_FUN_GDIP_SAYIMAGE()
 0002:001E88EC  __odtbl__ HB_FUN_GDIP_CLONEIMAGE()
 0002:001E88FC  __ectbl__ HB_FUN_GDIP_CLONEIMAGE()
 0002:001E892C  __odtbl__ HB_FUN_GDIP_DELETEIMAGE()
 0002:001E893C  __ectbl__ HB_FUN_GDIP_DELETEIMAGE()
 0002:001E896C  __odtbl__ HB_FUN_GDIP_FILLRECT()
 0002:001E899C  __ectbl__ HB_FUN_GDIP_FILLRECT()
 0002:001E8A14  __odtbl__ HB_FUN_GDIP_COLORBRUSH()
 0002:001E8A24  __ectbl__ HB_FUN_GDIP_COLORBRUSH()
 0002:001E8A54  __odtbl__ HB_FUN_GDIP_IMAGEBRUSH()
 0002:001E8A64  __ectbl__ HB_FUN_GDIP_IMAGEBRUSH()
 0002:001E8A94  __odtbl__ HB_FUN_GDIP_DELETEBRUSH()
 0002:001E8AA4  __ectbl__ HB_FUN_GDIP_DELETEBRUSH()
 0002:001E8AD4  __odtbl__ HB_FUN_GDIP_DRAWARROW()
 0002:001E8B04  __ectbl__ HB_FUN_GDIP_DRAWARROW()
 0002:001E8B7C  __odtbl__ HB_FUN_GDIP_DRAWTEXT()
 0002:001E8BE8  __ectbl__ HB_FUN_GDIP_DRAWTEXT()
 0002:001E8C84  __odtbl__ HB_FUN_GDIP_PIE()
 0002:001E8CD4  __ectbl__ HB_FUN_GDIP_PIE()
 0002:001E8D94  __odtbl__ HB_FUN_GDIP_HOLLOWTEXT()
 0002:001E8E34  __ectbl__ HB_FUN_GDIP_HOLLOWTEXT()
 0002:001E8F78  __odtbl__ HB_FUN_GDIP_GRAD()
 0002:001E8FB8  __ectbl__ HB_FUN_GDIP_GRAD()
 0002:001E9054  __odtbl__ HB_FUN_GDIP_FROMRESOURCE()
 0002:001E9094  __ectbl__ HB_FUN_GDIP_FROMRESOURCE()
 0002:001E9130  __odtbl__ HB_FUN_GDIP_SAVEIMAGE()
 0002:001E9170  __ectbl__ HB_FUN_GDIP_SAVEIMAGE()
 0002:001E920C  __ectbl__ Gdiplus::Point::Point()
 0002:001E9218  __ectbl__ Gdiplus::Color::Color()
 0002:001E9224  @Gdiplus@LinearGradientBrush@3
 0002:001E9238  @Gdiplus@CustomLineCap@3
 0002:001E9248  @Gdiplus@AdjustableArrowCap@3
 0002:001E9258  @Gdiplus@TextureBrush@3
 0002:001E926C  @Gdiplus@Brush@3
 0002:001E9280  @Gdiplus@SolidBrush@3
 0002:001E9294  @Gdiplus@Image@3
 0002:001E92A8  @Gdiplus@Bitmap@3
 0002:001E92BC  __ectbl__ Gdiplus::LinearGradientBrush::~LinearGradientBrush()
 0002:001E92C8  __odtbl__ Gdiplus::Brush::Clone() const
 0002:001E92D8  __ectbl__ Gdiplus::Brush::Clone() const
 0002:001E9308  __ectbl__ Gdiplus::AdjustableArrowCap::~AdjustableArrowCap()
 0002:001E9314  __ectbl__ Gdiplus::TextureBrush::~TextureBrush()
 0002:001E9320  __ectbl__ Gdiplus::SolidBrush::~SolidBrush()
 0002:001E932C  __odtbl__ Gdiplus::Image::Clone()
 0002:001E933C  __ectbl__ Gdiplus::Image::Clone()
 0002:001E936C  __ectbl__ Gdiplus::Bitmap::~Bitmap()
 0002:001E9378  D2683_1
 0002:001E98A4  __odtbl__ HB_FUN_GDIPLUSNEWGRAPHICS()
 0002:001E98B4  __ectbl__ HB_FUN_GDIPLUSNEWGRAPHICS()
 0002:001E98E4  __odtbl__ HB_FUN_GDIPLUSNEWGRAPHICSWND()
 0002:001E98F4  __ectbl__ HB_FUN_GDIPLUSNEWGRAPHICSWND()
 0002:001E9924  __odtbl__ HB_FUN_GDIPLUSNEWGRAPHICSIMG()
 0002:001E9934  __ectbl__ HB_FUN_GDIPLUSNEWGRAPHICSIMG()
 0002:001E9964  __odtbl__ HB_FUN_GDIPLUSGRAPHICSFROMIMG()
 0002:001E9974  __ectbl__ HB_FUN_GDIPLUSGRAPHICSFROMIMG()
 0002:001E99A4  __ectbl__ HB_FUN_GDIPLUSDELETEGRAPHICS()
 0002:001E99B0  __odtbl__ HB_FUN_GDIPLUSNEWPEN()
 0002:001E99C0  __ectbl__ HB_FUN_GDIPLUSNEWPEN()
 0002:001E99F0  __ectbl__ HB_FUN_GDIPLUSDELETEPEN()
 0002:001E99FC  __odtbl__ HB_FUN_GDIPLUSNEWSOLIDBRUSH()
 0002:001E9A0C  __ectbl__ HB_FUN_GDIPLUSNEWSOLIDBRUSH()
 0002:001E9A3C  __odtbl__ HB_FUN_GDIPLUSDELETEBRUSH()
 0002:001E9A4C  __ectbl__ HB_FUN_GDIPLUSDELETEBRUSH()
 0002:001E9A7C  __odtbl__ HB_FUN_GDIPLUSDRAWTEXT()
 0002:001E9AAC  __ectbl__ HB_FUN_GDIPLUSDRAWTEXT()
 0002:001E9AF4  __odtbl__ HB_FUN_GDIPLUSDRAWTEXTFONT()
 0002:001E9B14  __ectbl__ HB_FUN_GDIPLUSDRAWTEXTFONT()
 0002:001E9B38  __odtbl__ HB_FUN_GDIPLUSDRAWTEXTLF()
 0002:001E9B58  __ectbl__ HB_FUN_GDIPLUSDRAWTEXTLF()
 0002:001E9B7C  __odtbl__ HB_FUN_GDIPLUSCREATEREGIONFROMGPATH()
 0002:001E9B8C  __ectbl__ HB_FUN_GDIPLUSCREATEREGIONFROMGPATH()
 0002:001E9BBC  __odtbl__ HB_FUN_GDIPLUSCREATEPATH()
 0002:001E9BCC  __ectbl__ HB_FUN_GDIPLUSCREATEPATH()
 0002:001E9BFC  __ectbl__ HB_FUN_GDIPLUSDELETEPATH()
 0002:001E9C08  __odtbl__ HB_FUN_GDIPLUSROTATEPATH()
 0002:001E9C18  __ectbl__ HB_FUN_GDIPLUSROTATEPATH()
 0002:001E9C48  __odtbl__ HB_FUN_GDIPLUSROTATECENTERPATH()
 0002:001E9C58  __ectbl__ HB_FUN_GDIPLUSROTATECENTERPATH()
 0002:001E9C88  __odtbl__ HB_FUN_GDIPLUSSCALEPATH()
 0002:001E9C98  __ectbl__ HB_FUN_GDIPLUSSCALEPATH()
 0002:001E9CC8  __odtbl__ HB_FUN_GDIPLUSTRANSLATEPATH()
 0002:001E9CD8  __ectbl__ HB_FUN_GDIPLUSTRANSLATEPATH()
 0002:001E9D08  __odtbl__ HB_FUN_GDIPLUSNEWGRADIENTBRUSH()
 0002:001E9D48  __ectbl__ HB_FUN_GDIPLUSNEWGRADIENTBRUSH()
 0002:001E9DE4  __odtbl__ HB_FUN_GDIPLUSANGLEGRADIENTBRUSH()
 0002:001E9DF4  __ectbl__ HB_FUN_GDIPLUSANGLEGRADIENTBRUSH()
 0002:001E9E24  __odtbl__ HB_FUN_GDIPLUSPATHADDSTRING()
 0002:001E9E34  __ectbl__ HB_FUN_GDIPLUSPATHADDSTRING()
 0002:001E9E64  __odtbl__ HB_FUN_GDIPLUSCREATEIMAGEFROMRES()
 0002:001E9E74  __ectbl__ HB_FUN_GDIPLUSCREATEIMAGEFROMRES()
 0002:001E9EA4  __odtbl__ HB_FUN_GDIPLUSIMAGERESIZE()
 0002:001E9EC4  __ectbl__ HB_FUN_GDIPLUSIMAGERESIZE()
 0002:001E9F18  __odtbl__ HB_FUN_GDIPLUSIMAGESAVEQUALITY()
 0002:001E9F48  __ectbl__ HB_FUN_GDIPLUSIMAGESAVEQUALITY()
 0002:001E9FC0  __odtbl__ HB_FUN_GDIPLUSIMAGECREATETHUMB()
 0002:001E9FD0  __ectbl__ HB_FUN_GDIPLUSIMAGECREATETHUMB()
 0002:001EA00C  __odtbl__ HB_FUN_GDIPLUSIMAGEDISPOSE()
 0002:001EA01C  __ectbl__ HB_FUN_GDIPLUSIMAGEDISPOSE()
 0002:001EA04C  __odtbl__ HB_FUN_GDIPLUSIMAGESET32BITS()
 0002:001EA07C  __ectbl__ HB_FUN_GDIPLUSIMAGESET32BITS()
 0002:001EA0F4  __odtbl__ HB_FUN_GDIPLUSIMAGELOADPNGFROMSTR()
 0002:001EA104  __ectbl__ HB_FUN_GDIPLUSIMAGELOADPNGFROMSTR()
 0002:001EA134  __odtbl__ HB_FUN_GDIPLUSIMAGELOADPNGFROMRESOURCES()
 0002:001EA144  __ectbl__ HB_FUN_GDIPLUSIMAGELOADPNGFROMRESOURCES()
 0002:001EA174  __odtbl__ HB_FUN_GDIPLUSEMFTOJPG()
 0002:001EA1E4  __ectbl__ HB_FUN_GDIPLUSEMFTOJPG()
 0002:001EA2EC  __odtbl__ HB_FUN_GDIPLUSIMAGELOADCACHEDFILE()
 0002:001EA32C  __ectbl__ HB_FUN_GDIPLUSIMAGELOADCACHEDFILE()
 0002:001EA3C8  __odtbl__ HB_FUN_GDIPLUSIMAGEMATRIXCUSTOM()
 0002:001EA428  __ectbl__ HB_FUN_GDIPLUSIMAGEMATRIXCUSTOM()
 0002:001EA4E8  __odtbl__ HB_FUN_GDIPLUSIMAGECROP()
 0002:001EA508  __ectbl__ HB_FUN_GDIPLUSIMAGECROP()
 0002:001EA55C  __odtbl__ HB_FUN_GDIPLUSIMAGEMATRIXTOGRAY()
 0002:001EA5BC  __ectbl__ HB_FUN_GDIPLUSIMAGEMATRIXTOGRAY()
 0002:001EA67C  __odtbl__ HB_FUN_GDIPLUSIMAGEROTATEANGLE()
 0002:001EA6BC  __ectbl__ HB_FUN_GDIPLUSIMAGEROTATEANGLE()
 0002:001EA758  __odtbl__ HB_FUN_GDIPLUSEMFTOBMP()
 0002:001EA798  __ectbl__ HB_FUN_GDIPLUSEMFTOBMP()
 0002:001EA834  __odtbl__ HB_FUN_GDIPLUSIMAGESCALE()
 0002:001EA864  __ectbl__ HB_FUN_GDIPLUSIMAGESCALE()
 0002:001EA8DC  __odtbl__ HB_FUN_GDIPLUSBMPEMPTY()
 0002:001EA8EC  __ectbl__ HB_FUN_GDIPLUSBMPEMPTY()
 0002:001EA91C  __odtbl__ HB_FUN_GDIPMESURETXT()
 0002:001EA97C  __ectbl__ HB_FUN_GDIPMESURETXT()
 0002:001EAA30  @Gdiplus@Metafile@3
 0002:001EAA44  __ectbl__ Gdiplus::Metafile::~Metafile()
 0002:001EAA50  D2705_1
 0002:001EAA5C  D2707_1
 0002:001F2808  D2709_1
 0002:001F2830  D2711_1
 0002:001F5F4C  D2715_1
 0002:001F9AB4  D2717_1
 0002:001FC378  D2719_1
 0002:001FC3E4  D2721_1
 0002:001FC3E8  D2735_1
 0002:001FC428  D2741_1
 0002:001FC43C  D2742_1
 0002:001FC454  D2750_1
 0002:001FC45C  D2754_1
 0002:001FC464  D2758_1
 0002:001FC4FC  D2760_1
 0002:001FC500  D2762_1
 0002:001FC508  D2764_1
 0002:001FCB64  D2768_1
 0002:001FCB98  D2784_1
 0002:001FCC14  D2786_1
 0002:001FCC18  D2796_1
 0002:001FCC1C  D2806_1
 0002:001FCC20  D2812_1
 0002:001FCC24  D2814_1
 0002:001FCC34  D2818_1
 0002:001FCC58  D2820_1
 0002:001FCC5C  D2823_1
 0002:001FCC74  D2827_1
 0002:001FCC98  D2829_1
 0002:001FCC9C  D2833_1
 0002:001FCCAC  D2837_1
 0002:001FCCD0  D2841_1
 0002:001FCCD8  D2845_1
 0002:001FCD00  D2851_1
 0002:001FCD04  D2857_1
 0002:001FCD14  D2861_1
 0002:001FCD18  D2867_1
 0002:001FD2D0  D2869_1
 0002:001FD370  D2871_1
 0002:001FD374  D2877_1
 0002:001FD378  D2883_1
 0002:001FD380  D2893_1
 0002:001FD44C  D2901_1
 0002:001FF078  D2905_1
 0002:001FF164  D2911_1
 0002:001FF16C  D2920_1
 0002:001FF234  D2922_1
 0002:001FF238  D2924_1
 0002:001FF23C  D2930_1
 0002:001FF240  D2942_1
 0002:001FF244  D2944_1
 0002:001FFA98  D2946_1
 0002:001FFA9C  D2956_1
 0002:001FFAB4  D2958_1
 0002:001FFAB8  D2966_1
 0002:001FFAC8  D2972_1
 0002:001FFAEC  D2974_1
 0002:001FFAF4  D2976_1
 0002:001FFCD4  D2978_1
 0002:001FFECC  D2980_1
 0002:002001D4  D2984_1
 0002:00200AA8  D2985_1
 0002:00200AC0  D3002_1
 0002:00200BC0  D3004_1
 0002:00200DC0  D3008_1
 0002:00200DC4  D3012_1
 0002:00200F64  D3014_1
 0002:00200F74  D3020_1
 0002:00200F98  D3022_1
 0002:00200FAC  D3024_1
 0002:00201074  D3026_1
 0002:00201078  D3028_1
 0002:0020108C  D3036_1
 0002:00201094  D3044_1
 0002:002010AC  D3052_1
 0002:002010C4  D3058_1
 0002:0020110C  D3072_1
 0002:00201604  D3080_1
 0002:00201608  _pcre_malloc
 0002:00201608  D3090_1
 0002:0020160C  _pcre_free
 0002:00201610  _pcre_stack_malloc
 0002:00201614  _pcre_stack_free
 0002:00201618  _pcre_callout
 0002:0020161C  D3119_1
 0002:0020163C  D3127_1
 0002:0020168C  D3133_1
 0002:002018EC  _hb_uniTbl_437
 0002:00201A14  D3147_1
 0002:00201A80  D3153_1
 0002:00201A84  D3157_1
 0002:00201A8C  D3168_1
 0002:00201A90  D3172_1
 0002:00201AE0  D3178_1
 0002:00201C2C  D3182_1
 0002:00201C34  D3184_1
 0002:00201D14  D3186_1
 0002:00201D18  D3188_1
 0002:00201DE8  D3194_1
 0002:00201E24  D3205_1
 0002:00201E88  D3207_1
 0002:00201EBC  D3209_1
 0002:00201EC4  D3215_1
 0002:00201EC8  D3219_1
 0002:00201EE4  D3253_1
 0002:002024E4  D3267_1
 0002:002027AC  D3269_1
 0002:002027B0  D3271_1
 0002:002028D8  D3277_1
 0002:00202924  D3295_1
 0002:00202934  D3299_1
 0002:00202948  D3319_1
 0002:0020294C  D3323_1
 0002:0020295C  D3331_1
 0002:0020296C  D3335_1
 0002:00202D7C  D3342_1
 0002:00202D90  D3346_1
 0002:00203B34  D3356_1
 0002:00203C48  D3379_1
 0002:00203C54  D3381_1
 0002:00203C5C  D3390_1
 0002:00203C60  D3392_1
 0002:00203C70  D3416_1
 0002:00203C74  D3420_1
 0002:00203C84  D3442_1
 0002:00203C88  D3474_1
 0002:00203CB0  D3476_1
 0002:00203CB8  D3506_1
 0002:00203D48  D3508_1
 0002:00203D50  D3512_1
 0002:00203D5C  D3555_1
 0002:00203F70  D3559_1
 0002:002043B0  D3567_1
 0002:00204964  D3581_1
 0002:00204E7C  D3607_1
 0002:00205898  D3617_1
 0002:002075C8  D3631_1
 0002:002078E8  D3651_1
 0002:00207C6C  D3654_1
 0002:00207C78  _hb_symEval
 0002:00207EB4  D3656_1
 0002:00207EC0  D3658_1
 0002:002089BC  D3660_1
 0002:00208A04  D3662_1
 0002:00208A10  D3664_1
 0002:00208A54  D3666_1
 0002:00208A58  D3668_1
 0002:00208AD0  D3670_1
 0002:00208B08  D3672_1
 0002:00208B10  D3674_1
 0002:00208B94  D3676_1
 0002:00208B98  D3678_1
 0002:00208BBC  D3680_1
 0002:00208BE8  D3682_1
 0002:00208CE8  D3684_1
 0002:00208D00  D3692_1
 0002:00208E0C  D3694_1
 0002:00208E14  D3696_1
 0002:00208E1C  D3702_1
 0002:0020903C  D3707_1
 0002:00209578  D3719_1
 0002:00209580  D3723_1
 0002:002095C0  D3733_1
 0002:0020970C  D3771_1
 0002:00209834  D3845_1
 0002:0020B538  D3847_1
 0002:0020B550  _hb_macro_ExprTable
 0002:0020B550  D3849_1
 0002:0020B650  D3851_1
 0002:0020B65C  D3853_1
 0002:0020B828  D3855_1
 0002:0020B82C  D3857_1
 0002:0020C04C  D3861_1
 0002:0020C118  D3863_1
 0002:0020C128  D3867_1
 0002:0020C130  D3875_1
 0002:0020C16C  D3877_1
 0002:0020C16C  _hb_szAscii
 0002:0020C7F4  D3883_1
 0002:0020CA34  D3885_1
 0002:0020CB50  D3893_1
 0002:002319E8  D3895_1
 0002:00232618  D3901_1
 0002:0023262C  D3913_1
 0002:00232830  D3929_1
 0002:00232A08  D3931_1
 0002:00232A70  D3933_1
 0002:00232A9C  D3959_1
 0002:00232CE4  D3963_1
 0002:00232D58  D3965_1
 0002:002331E0  D3971_1
 0002:00233448  D3974_1
 0002:00233A88  D3976_1
 0002:00233B9C  D3980_1
 0002:002341F4  D3982_1
 0002:00234B5C  D3990_1
 0002:00234BD0  D3994_1
 0002:00234E5C  D3998_1
 0002:00234E84  D4002_1
 0002:00234E94  D4004_1
 0002:00234E98  D4008_1
 0002:00234EC0  D4016_1
 0002:00235018  D4026_1
 0002:00235048  D4044_1
 0002:00235054  D4092_1
 0002:00236160  D4112_1
 0002:00236200  D4122_1
 0002:00236274  D4134_1
 0002:00236318  D4310_0
 0002:00236518  _hb_uniTbl_737
 0002:00236530  D4314_0
 0002:00236730  _hb_uniTbl_850
 0002:00236748  D4316_0
 0002:00236948  _hb_uniTbl_852
 0002:00236960  D4416_1
 0002:00240F78  D4418_1
 0002:00241004  D4420_1
 0002:002410B4  D4422_1
 0002:00241748  D4424_1
 0002:00241784  _hb_comp_ExprTable
 0002:00241784  D4426_1
 0002:002418EC  D4428_1
 0002:002431CC  D4430_1
 0002:00244F84  D4432_1
 0002:00244FCC  D4434_1
 0002:00244FF8  D4436_1
 0002:00245058  D4438_1
 0002:0024505C  D4440_1
 0002:00245330  D4442_1
 0002:00245608  D4444_1
 0002:00245B14  D4446_1
 0002:00245B14  _hb_comp_szErrors
 0002:00245C4C  _hb_comp_szWarnings
 0002:00246D4C  D4450_1
 0002:00247020  D4452_1
 0002:0024724C  D4454_1
 0002:00247530  D4456_1
 0002:00247804  _hb_comp_pcode_len
 0002:00247944  D4458_1
 0002:00247C18  D4460_1
 0002:00249804  D4462_1
 0002:00249840  D4468_1
 0002:00249878  D4470_1
 0002:00249884  D4472_1
 0002:00249888  _zip_copyright
 0002:002498E0  D4474_1
 0002:002498E0  _unz_copyright
 0002:00249938  D4483_1
 0002:00249DAC  D4499_1
 0002:00249EFC  D4530_1
 0002:00249FB0  D4534_1
 0002:0024B024  D4591_1
 0002:0024B02C  D4667_1
 0002:0024B388  D4671_1
 0002:0024B69C  D4743_1
 0002:0024B6B0  D4753_1
 0002:0024B6B4  D4755_1
 0002:0024B6C8  D4757_1
 0002:0024B6D4  D4763_1
 0002:0024B6E4  D4765_1
 0002:0024B6EC  D4773_1
 0002:0024B728  D4775_1
 0002:0024B748  D4778_1
 0002:0024B74C  D4832_1
 0002:0024B758  D4850_1
 0002:0024B78C  D4854_1
 0002:0024B7BC  D4865_1
 0002:0024BBBC  D4867_1
 0002:0024BC3C  _deflate_copyright
 0002:0024BC84  D4879_1
 0002:0024BCD4  D4881_1
 0002:0024C750  D4883_1
 0002:0024C84C  _inflate_copyright
 0002:0024C87C  D4884_1
 0002:0024CFE7  __dist_code
 0002:0024D1E7  __length_code
 0002:0024D2E8  D4888_1
 0002:0024D2E8  _z_errmsg
 0002:0024D38C  _GUID_NULL
 0002:0024D38C  D4956_0
 0002:0024D39C  _IID_IUnknown
 0002:0024D3AC  _IID_IRichEditOleCallback
 0002:0024D3BC  _IID_IEnumVARIANT
 0002:0024D3CC  _IID_IDispatch
 0002:0024D3DC  _IID_IDataObject
 0002:0024D3EC  _IID_IPersistStreamInit
 0002:0024D3FC  _IID_IOleControlSite
 0002:0024D40C  _IID_IProvideClassInfo2
 0002:0024D41C  _IID_IProvideClassInfo
 0002:0024D42C  _IID_IConnectionPointContainer
 0002:0024D43C  _IID_IOleInPlaceSite
 0002:0024D44C  _IID_IOleInPlaceObject
 0002:0024D45C  _IID_IOleInPlaceFrame
 0002:0024D46C  _IID_IOleInPlaceUIWindow
 0002:0024D47C  _IID_IOleWindow
 0002:0024D48C  _IID_IOleObject
 0002:0024D49C  _IID_IOleClientSite
 0003:00000000  std::_Ios_init
 0003:00000000  B94_2
 0003:00000008  std::_Wios_init
 0003:000000C0  std::cin
 0003:00000110  std::cout
 0003:000001B0  std::cerr
 0003:000001F8  std::clog
 0003:00000244  B98_2
 0003:0000024C  B100_2
 0003:0000025C  B108_2
 0003:00000260  B122_2
 0003:00000368  std::wcin
 0003:000003B8  std::wcout
 0003:00000400  std::wcerr
 0003:00000448  std::wclog
 0003:00000494  B134_2
 0003:0000049C  __bormm_pfn_FreeMem
 0003:0000049C  B276_2
 0003:000004A0  __bormm_pfn_GetMem
 0003:000004A4  __bormm_pfn_AllocMem
 0003:000004A8  __bormm_pfn_ReallocMem
 0003:000004AC  __bormm_pfn_HeapAddRef
 0003:000004B0  __bormm_pfn_HeapRelease
 0003:000004B8  __borlndmm_GetMem
 0003:000004BC  B322_2
 0003:000004CD  __FastMM_AllocSize2SmallBlockTypeIndX4
 0003:00000614  __FastMM_LastSequentiallyFedMediumBlock
 0003:00000618  __FastMM_MediumSequentialFeedBytesLeft
 0003:0000061C  __FastMM_MediumBlockBinGroupBitmap
 0003:00000620  __FastMM_MediumBlockBinBitmaps
 0003:000006A0  __FastMM_MediumBlockBins
 0003:000026B8  __pidtab
 0003:000026B8  B730_1
 0003:00002780  __handles
 0003:00002848  __doserrno
 0003:00002848  B820_2
 0003:0000284C  B824_1
 0003:00002850  B826_1
 0003:00002854  __tmpnum
 0003:00002854  B840_2
 0003:00002864  B1578_2
 0003:00002864  __mbctype
 0003:00002968  __mbcsCodePage
 0003:0000296C  B1718_2
 0003:00002A6C  B1736_2
 0003:00002A88  B1752_1
 0003:00002A90  __dbk_fcall_wrapper_addr
 0003:00002A90  B1768_2
 0003:00002A94  B1774_1
 0003:00006A98  __argv
 0003:00006A98  B1838_2
 0003:00006AA4  B1840_2
 0003:00006AA8  B1842_2
 0003:00006AAC  __environ
 0003:00006AAC  B1912_2
 0003:00006AB4  __envsize
 0003:00006AB8  __env_lock
 0003:00006ABC  __C0argc
 0003:00006ABC  B1940_1
 0003:00006AC0  __C0argv
 0003:00006AC4  __C0environ
 0003:00006AC8  __oscmd
 0003:00006ACC  __osenv
 0003:00006AD0  __argc
 0003:00006AD4  __dll_table
 0003:00006ADC  __ExcRegPtr
 0003:00006AE0  __wosenv
 0003:00006AE4  __woscmd
 0003:00006AE8  __wC0argv
 0003:00006AEC  __wC0environ
 0003:00006AF0  __exe_table
 0003:00006AF8  __stkbase
 0003:00006AFC  B1990_2
 0003:00006B04  B2026_2
 0003:00006F0C  __DestructorCountPtr
 0003:00006F0C  B2030_2
 0003:00006F14  B2036_2
 0003:00006F14  __HandlerPtr
 0003:00006F18  __UserHandlerPtr
 0003:00006F1C  B2070_2
 0003:00006F20  ___pCPPdebugHook
 0003:00006F24  _pVCL_add_EH
 0003:00006F28  _pVCL_clear_EH
 0003:00006F2C  _getExceptionObject
 0003:00006F30  _raiseExceptObject
 0003:00006F3C  B2233_2
 0003:00006F3C  _pHTMLHELP
 0003:00006F40  B2335_2
 0003:00006F40  _fp
 0003:00006F44  _nDocLen
 0003:00006F48  B2667_2
 0003:000086B8  B2671_2
 0003:00008848  B2673_2
 0003:0000896C  B2683_2
 0003:0000896C  _gdiplusStartupInput
 0003:0000897C  _gdiplusToken
 0003:00008980  B2717_2
 0003:00008A84  B2721_2
 0003:00008ADC  B2823_2
 0003:00008B84  B2845_2
 0003:00008B88  B2861_2
 0003:00008C28  B2897_1
 0003:00008CA0  B2901_2
 0003:00008D1C  B2920_2
 0003:00008E5C  B2946_2
 0003:00008E64  B2956_2
 0003:00008EA8  B2978_2
 0003:00008EC0  B2980_2
 0003:00008ED8  _fnIsWow64Process
 0003:00008ED8  B3052_2
 0003:00008EDC  B3119_2
 0003:00008FEC  B3133_2
 0003:000092EC  B3188_2
 0003:000094EC  B3219_2
 0003:000094F4  B3267_2
 0003:00009580  B3297_1
 0003:00009584  B3654_2
 0003:00009588  B3664_2
 0003:00009588  _hb_stack
 0003:00009874  B3666_2
 0003:0000988C  B3668_2
 0003:00009A7C  B3771_2
 0003:00009C74  B3845_2
 0003:00009C84  B3913_2
 0003:00009E14  B3965_2
 0003:00009FA8  B3971_2
 0003:0000A138  B3994_2
 0003:0000A144  B4416_2
 0004:00000000  ___xxInfo
 0004:00000000  T2030_3
