
 Start Length Name Class
 0001:00401000 00017E2A6H _TEXT                  CODE
 0002:00580000 00024E0B4H _DATA                  DATA
 0003:007CE0B4 00000A154H _BSS                   BSS
 0004:00000000 00000009CH _TLS                   TLS


Detailed map of segments
 0001:00000510 00000171 C=CODE    S=_TEXT    G=(none)   M=C:\WORK\ERRORI\INFORM\OBJ\TEST.OBJ ACBP=A9
 0001:00000684 00000205 C=CODE    S=_TEXT    G=(none)   M=C:\WORK\ERRORI\INFORM\OBJ\TBANDA.OBJ ACBP=A9
 0001:0000088C 00000262 C=CODE    S=_TEXT    G=(none)   M=C:\WORK\ERRORI\INFORM\OBJ\TSOPORTE.OBJ ACBP=A9
 0001:00000AF0 0000009A C=CODE    S=_TEXT    G=(none)   M=C:\WORK\ERRORI\INFORM\OBJ\TRPTTEXTITEM.OBJ ACBP=A9
 0001:00000B8C 00000142 C=CODE    S=_TEXT    G=(none)   M=C:\WORK\ERRORI\INFORM\OBJ\TRPTITEM.OBJ ACBP=A9
 0001:00000CD0 00000B5A C=CODE    S=_TEXT    G=(none)   M=C:\WORK\ERRORI\INFORM\OBJ\LISTPROP.OBJ ACBP=A9
 0001:0000182C 00000163 C=CODE    S=_TEXT    G=(none)   M=C:\WORK\BCC7\LIB\C0W32.OBJ ACBP=A9
 0001:00001990 00000028 C=CODE    S=_TEXT    G=(none)   M=C:\WORK\BCC7\LIB\CW32.LIB|delaop ACBP=A9
 0001:000019B8 0000002E C=CODE    S=_TEXT    G=(none)   M=C:\WORK\BCC7\LIB\CW32.LIB|delop ACBP=A9
 0001:000019E8 0000009D C=CODE    S=_TEXT    G=(none)   M=C:\WORK\BCC7\LIB\CW32.LIB|exceptio ACBP=A9
 0001:00001A85 0000009B C=CODE    S=_TEXT    G=(none)   M=C:\WORK\BCC7\LIB\CW32.LIB|gccex ACBP=A9
 0001:00001B20 000011DC C=CODE    S=_TEXT    G=(none)   M=C:\WORK\BCC7\LIB\CW32.LIB|inst ACBP=A9
 0001:00002CFC 0000245C C=CODE    S=_TEXT    G=(none)   M=C:\WORK\BCC7\LIB\CW32.LIB|ios ACBP=A9
 0001:00005130 00004A2E C=CODE    S=_TEXT    G=(none)   M=C:\WORK\BCC7\LIB\CW32.LIB|iostream ACBP=A9
 0001:00009B38 000002EF C=CODE    S=_TEXT    G=(none)   M=C:\WORK\BCC7\LIB\CW32.LIB|dwlocale ACBP=A9
 0001:00009E00 00002106 C=CODE    S=_TEXT    G=(none)   M=C:\WORK\BCC7\LIB\CW32.LIB|locale0 ACBP=A9
 0001:0000BF06 00000019 C=CODE    S=_TEXT    G=(none)   M=C:\WORK\BCC7\LIB\CW32.LIB|new ACBP=A9
 0001:0000BF08 00000074 C=CODE    S=_TEXT    G=(none)   M=C:\WORK\BCC7\LIB\CW32.LIB|newaop ACBP=A9
 0001:0000BF30 0000011E C=CODE    S=_TEXT    G=(none)   M=C:\WORK\BCC7\LIB\CW32.LIB|newop ACBP=A9
 0001:0000C02B 00001DC2 C=CODE    S=_TEXT    G=(none)   M=C:\WORK\BCC7\LIB\CW32.LIB|string ACBP=A9
 0001:0000DDC8 000043B1 C=CODE    S=_TEXT    G=(none)   M=C:\WORK\BCC7\LIB\CW32.LIB|wiostrea ACBP=A9
 0001:00012151 000000D4 C=CODE    S=_TEXT    G=(none)   M=C:\WORK\BCC7\LIB\CW32.LIB|xlocinfo ACBP=A9
 0001:00012228 00000110 C=CODE    S=_TEXT    G=(none)   M=C:\WORK\BCC7\LIB\CW32.LIB|xstart ACBP=A9
 0001:00012338 00000027 C=CODE    S=_TEXT    G=(none)   M=C:\WORK\BCC7\LIB\CW32.LIB|wchar ACBP=A9
 0001:00012360 0000014B C=CODE    S=_TEXT    G=(none)   M=C:\WORK\BCC7\LIB\CW32.LIB|hrdir_b ACBP=A9
 0001:000124AC 00000013 C=CODE    S=_TEXT    G=(none)   M=C:\WORK\BCC7\LIB\CW32.LIB|hrdir_c ACBP=A9
 0001:000124C0 00000020 C=CODE    S=_TEXT    G=(none)   M=C:\WORK\BCC7\LIB\CW32.LIB|hrdir_mf ACBP=A9
 0001:000124E0 00000016 C=CODE    S=_TEXT    G=(none)   M=C:\WORK\BCC7\LIB\CW32.LIB|hrdir_r ACBP=A9
 0001:000124F8 000000DC C=CODE    S=_TEXT    G=(none)   M=C:\WORK\BCC7\LIB\CW32.LIB|hrdir_s ACBP=A9
 0001:000125D4 00000001 C=CODE    S=_TEXT    G=(none)   M=C:\WORK\BCC7\LIB\CW32.LIB|hrdir_us ACBP=A9
 0001:000125D8 000001DF C=CODE    S=_TEXT    G=(none)   M=C:\WORK\BCC7\LIB\CW32.LIB|vnewldtc ACBP=A9
 0001:000127B8 00000DC2 C=CODE    S=_TEXT    G=(none)   M=C:\WORK\BCC7\LIB\CW32.LIB|_fastmm ACBP=A9
 0001:0001357C 00000B42 C=CODE    S=_TEXT    G=(none)   M=C:\WORK\BCC7\LIB\CW32.LIB|_fastmma ACBP=A9
 0001:000140C0 0000004A C=CODE    S=_TEXT    G=(none)   M=C:\WORK\BCC7\LIB\CW32.LIB|heap ACBP=A9
 0001:0001410C 00000065 C=CODE    S=_TEXT    G=(none)   M=C:\WORK\BCC7\LIB\CW32.LIB|realloc ACBP=A9
 0001:00014174 00000001 C=CODE    S=_TEXT    G=(none)   M=C:\WORK\BCC7\LIB\CW32.LIB|crtlst_i ACBP=A9
 0001:00014178 00000001 C=CODE    S=_TEXT    G=(none)   M=C:\WORK\BCC7\LIB\CW32.LIB|crtlst_l ACBP=A9
 0001:0001417C 00000032 C=CODE    S=_TEXT    G=(none)   M=C:\WORK\BCC7\LIB\CW32.LIB|strdup ACBP=A9
 0001:000141B0 00000029 C=CODE    S=_TEXT    G=(none)   M=C:\WORK\BCC7\LIB\CW32.LIB|strrchr ACBP=A9
 0001:000141DC 00000060 C=CODE    S=_TEXT    G=(none)   M=C:\WORK\BCC7\LIB\CW32.LIB|strstr ACBP=A9
 0001:0001423C 0000003F C=CODE    S=_TEXT    G=(none)   M=C:\WORK\BCC7\LIB\CW32.LIB|wcscpy ACBP=A9
 0001:0001427C 00000018 C=CODE    S=_TEXT    G=(none)   M=C:\WORK\BCC7\LIB\CW32.LIB|wcslen ACBP=A9
 0001:00014294 0000000A C=CODE    S=_TEXT    G=(none)   M=C:\WORK\BCC7\LIB\CW32.LIB|__strchr ACBP=A9
 0001:000142A0 00000037 C=CODE    S=_TEXT    G=(none)   M=C:\WORK\BCC7\LIB\CW32.LIB|_stpcpy ACBP=A9
 0001:000142D8 00000055 C=CODE    S=_TEXT    G=(none)   M=C:\WORK\BCC7\LIB\CW32.LIB|memchr ACBP=A9
 0001:00014330 0000006C C=CODE    S=_TEXT    G=(none)   M=C:\WORK\BCC7\LIB\CW32.LIB|memcmp ACBP=A9
 0001:0001439C 00000016 C=CODE    S=_TEXT    G=(none)   M=C:\WORK\BCC7\LIB\CW32.LIB|memcpy ACBP=A9
 0001:000143B4 00000117 C=CODE    S=_TEXT    G=(none)   M=C:\WORK\BCC7\LIB\CW32.LIB|memmove ACBP=A9
 0001:000144CC 000000B3 C=CODE    S=_TEXT    G=(none)   M=C:\WORK\BCC7\LIB\CW32.LIB|memset ACBP=A9
 0001:00014580 0000005D C=CODE    S=_TEXT    G=(none)   M=C:\WORK\BCC7\LIB\CW32.LIB|strcat ACBP=A9
 0001:000145E0 0000004E C=CODE    S=_TEXT    G=(none)   M=C:\WORK\BCC7\LIB\CW32.LIB|strchr ACBP=A9
 0001:00014630 0000004D C=CODE    S=_TEXT    G=(none)   M=C:\WORK\BCC7\LIB\CW32.LIB|strcmp ACBP=A9
 0001:00014680 00000049 C=CODE    S=_TEXT    G=(none)   M=C:\WORK\BCC7\LIB\CW32.LIB|strcpy ACBP=A9
 0001:000146CC 0000005A C=CODE    S=_TEXT    G=(none)   M=C:\WORK\BCC7\LIB\CW32.LIB|strlen ACBP=A9
 0001:00014728 0000007A C=CODE    S=_TEXT    G=(none)   M=C:\WORK\BCC7\LIB\CW32.LIB|strncat ACBP=A9
 0001:000147A4 0000005F C=CODE    S=_TEXT    G=(none)   M=C:\WORK\BCC7\LIB\CW32.LIB|strncmp ACBP=A9
 0001:00014804 00000057 C=CODE    S=_TEXT    G=(none)   M=C:\WORK\BCC7\LIB\CW32.LIB|wcscmp ACBP=A9
 0001:0001485C 0000001C C=CODE    S=_TEXT    G=(none)   M=C:\WORK\BCC7\LIB\CW32.LIB|wmemcpy ACBP=A9
 0001:00014878 000000DF C=CODE    S=_TEXT    G=(none)   M=C:\WORK\BCC7\LIB\CW32.LIB|wmemset ACBP=A9
 0001:00014958 00000040 C=CODE    S=_TEXT    G=(none)   M=C:\WORK\BCC7\LIB\CW32.LIB|__access ACBP=A9
 0001:00014998 00000063 C=CODE    S=_TEXT    G=(none)   M=C:\WORK\BCC7\LIB\CW32.LIB|__close ACBP=A9
 0001:000149FC 00000086 C=CODE    S=_TEXT    G=(none)   M=C:\WORK\BCC7\LIB\CW32.LIB|__eof ACBP=A9
 0001:00014A84 00000047 C=CODE    S=_TEXT    G=(none)   M=C:\WORK\BCC7\LIB\CW32.LIB|__isatty ACBP=A9
 0001:00014ACC 00000076 C=CODE    S=_TEXT    G=(none)   M=C:\WORK\BCC7\LIB\CW32.LIB|__lseek ACBP=A9
 0001:00014B44 00000214 C=CODE    S=_TEXT    G=(none)   M=C:\WORK\BCC7\LIB\CW32.LIB|__open ACBP=A9
 0001:00014D58 0000019A C=CODE    S=_TEXT    G=(none)   M=C:\WORK\BCC7\LIB\CW32.LIB|__read ACBP=A9
 0001:00014EF4 00000214 C=CODE    S=_TEXT    G=(none)   M=C:\WORK\BCC7\LIB\CW32.LIB|__wopen ACBP=A9
 0001:00015108 000001DD C=CODE    S=_TEXT    G=(none)   M=C:\WORK\BCC7\LIB\CW32.LIB|__wread ACBP=A9
 0001:000152E8 0000011C C=CODE    S=_TEXT    G=(none)   M=C:\WORK\BCC7\LIB\CW32.LIB|__write ACBP=A9
 0001:00015404 00000011 C=CODE    S=_TEXT    G=(none)   M=C:\WORK\BCC7\LIB\CW32.LIB|_cfinfo ACBP=A9
 0001:00015418 00000075 C=CODE    S=_TEXT    G=(none)   M=C:\WORK\BCC7\LIB\CW32.LIB|_read ACBP=A9
 0001:0001548D 00000017 C=CODE    S=_TEXT    G=(none)   M=C:\WORK\BCC7\LIB\CW32.LIB|_umask ACBP=A9
 0001:00015490 0000002B C=CODE    S=_TEXT    G=(none)   M=C:\WORK\BCC7\LIB\CW32.LIB|_wfsopen ACBP=A9
 0001:000154BC 00000061 C=CODE    S=_TEXT    G=(none)   M=C:\WORK\BCC7\LIB\CW32.LIB|_write ACBP=A9
 0001:00015520 0000007D C=CODE    S=_TEXT    G=(none)   M=C:\WORK\BCC7\LIB\CW32.LIB|allocbuf ACBP=A9
 0001:000155A0 0000008E C=CODE    S=_TEXT    G=(none)   M=C:\WORK\BCC7\LIB\CW32.LIB|fclose ACBP=A9
 0001:00015630 0000007F C=CODE    S=_TEXT    G=(none)   M=C:\WORK\BCC7\LIB\CW32.LIB|fflush ACBP=A9
 0001:000156B0 0000001E C=CODE    S=_TEXT    G=(none)   M=C:\WORK\BCC7\LIB\CW32.LIB|fgetpos ACBP=A9
 0001:000156D0 0000005A C=CODE    S=_TEXT    G=(none)   M=C:\WORK\BCC7\LIB\CW32.LIB|flushout ACBP=A9
 0001:0001572C 00000023 C=CODE    S=_TEXT    G=(none)   M=C:\WORK\BCC7\LIB\CW32.LIB|fmodeptr ACBP=A9
 0001:00015750 0000021B C=CODE    S=_TEXT    G=(none)   M=C:\WORK\BCC7\LIB\CW32.LIB|fopen ACBP=A9
 0001:0001596C 00000022 C=CODE    S=_TEXT    G=(none)   M=C:\WORK\BCC7\LIB\CW32.LIB|fprintf ACBP=A9
 0001:00015990 000000DC C=CODE    S=_TEXT    G=(none)   M=C:\WORK\BCC7\LIB\CW32.LIB|fputn ACBP=A9
 0001:00015A6C 00000056 C=CODE    S=_TEXT    G=(none)   M=C:\WORK\BCC7\LIB\CW32.LIB|fputs ACBP=A9
 0001:00015AC4 00000167 C=CODE    S=_TEXT    G=(none)   M=C:\WORK\BCC7\LIB\CW32.LIB|fread ACBP=A9
 0001:00015C2C 0000002E C=CODE    S=_TEXT    G=(none)   M=C:\WORK\BCC7\LIB\CW32.LIB|freopen ACBP=A9
 0001:00015C5C 0000014C C=CODE    S=_TEXT    G=(none)   M=C:\WORK\BCC7\LIB\CW32.LIB|fseek ACBP=A9
 0001:00015DA8 00000019 C=CODE    S=_TEXT    G=(none)   M=C:\WORK\BCC7\LIB\CW32.LIB|fsetpos ACBP=A9
 0001:00015DC4 00000031 C=CODE    S=_TEXT    G=(none)   M=C:\WORK\BCC7\LIB\CW32.LIB|fwrite ACBP=A9
 0001:00015DF8 000002B9 C=CODE    S=_TEXT    G=(none)   M=C:\WORK\BCC7\LIB\CW32.LIB|handles ACBP=A9
 0001:000160B4 0000007E C=CODE    S=_TEXT    G=(none)   M=C:\WORK\BCC7\LIB\CW32.LIB|ioerror ACBP=A9
 0001:00016134 000001A6 C=CODE    S=_TEXT    G=(none)   M=C:\WORK\BCC7\LIB\CW32.LIB|lgetc ACBP=A9
 0001:000162DC 000001A8 C=CODE    S=_TEXT    G=(none)   M=C:\WORK\BCC7\LIB\CW32.LIB|lgetwc ACBP=A9
 0001:00016484 0000011A C=CODE    S=_TEXT    G=(none)   M=C:\WORK\BCC7\LIB\CW32.LIB|lputc ACBP=A9
 0001:000165A0 00000144 C=CODE    S=_TEXT    G=(none)   M=C:\WORK\BCC7\LIB\CW32.LIB|lputwc ACBP=A9
 0001:000166E4 00000091 C=CODE    S=_TEXT    G=(none)   M=C:\WORK\BCC7\LIB\CW32.LIB|mkname ACBP=A9
 0001:00016775 00000083 C=CODE    S=_TEXT    G=(none)   M=C:\WORK\BCC7\LIB\CW32.LIB|perror ACBP=A9
 0001:00016778 00000023 C=CODE    S=_TEXT    G=(none)   M=C:\WORK\BCC7\LIB\CW32.LIB|printf ACBP=A9
 0001:0001679C 0000004D C=CODE    S=_TEXT    G=(none)   M=C:\WORK\BCC7\LIB\CW32.LIB|setvbuf ACBP=A9
 0001:000167EC 00000101 C=CODE    S=_TEXT    G=(none)   M=C:\WORK\BCC7\LIB\CW32.LIB|streams ACBP=A9
 0001:000168F0 00000052 C=CODE    S=_TEXT    G=(none)   M=C:\WORK\BCC7\LIB\CW32.LIB|ungetc ACBP=A9
 0001:00016944 0000005C C=CODE    S=_TEXT    G=(none)   M=C:\WORK\BCC7\LIB\CW32.LIB|ungetwc ACBP=A9
 0001:000169A0 0000001A C=CODE    S=_TEXT    G=(none)   M=C:\WORK\BCC7\LIB\CW32.LIB|unlink ACBP=A9
 0001:000169BC 00000A98 C=CODE    S=_TEXT    G=(none)   M=C:\WORK\BCC7\LIB\CW32.LIB|vprinter ACBP=A9
 0001:00017454 0000020F C=CODE    S=_TEXT    G=(none)   M=C:\WORK\BCC7\LIB\CW32.LIB|wfopen ACBP=A9
 0001:00017664 0000002E C=CODE    S=_TEXT    G=(none)   M=C:\WORK\BCC7\LIB\CW32.LIB|xfclose ACBP=A9
 0001:00017694 00000027 C=CODE    S=_TEXT    G=(none)   M=C:\WORK\BCC7\LIB\CW32.LIB|xfflush ACBP=A9
 0001:000176BC 00000008 C=CODE    S=_TEXT    G=(none)   M=C:\WORK\BCC7\LIB\CW32.LIB|access ACBP=A9
 0001:000176C4 00000006 C=CODE    S=_TEXT    G=(none)   M=C:\WORK\BCC7\LIB\CW32.LIB|cconv ACBP=A9
 0001:000176CC 000002CC C=CODE    S=_TEXT    G=(none)   M=C:\WORK\BCC7\LIB\CW32.LIB|convt ACBP=A9
 0001:00017998 0000006C C=CODE    S=_TEXT    G=(none)   M=C:\WORK\BCC7\LIB\CW32.LIB|getinfo ACBP=A9
 0001:00017A04 00000116 C=CODE    S=_TEXT    G=(none)   M=C:\WORK\BCC7\LIB\CW32.LIB|is ACBP=A9
 0001:00017B1C 0000011B C=CODE    S=_TEXT    G=(none)   M=C:\WORK\BCC7\LIB\CW32.LIB|wis ACBP=A9
 0001:00017C38 0000009F C=CODE    S=_TEXT    G=(none)   M=C:\WORK\BCC7\LIB\CW32.LIB|isctype ACBP=A9
 0001:00017CD8 000000E6 C=CODE    S=_TEXT    G=(none)   M=C:\WORK\BCC7\LIB\CW32.LIB|iswctype ACBP=A9
 0001:00017DC0 0000118F C=CODE    S=_TEXT    G=(none)   M=C:\WORK\BCC7\LIB\CW32.LIB|locale ACBP=A9
 0001:00018F50 00000816 C=CODE    S=_TEXT    G=(none)   M=C:\WORK\BCC7\LIB\CW32.LIB|initcat ACBP=A9
 0001:00019768 000000DD C=CODE    S=_TEXT    G=(none)   M=C:\WORK\BCC7\LIB\CW32.LIB|lconv ACBP=A9
 0001:00019848 00000024 C=CODE    S=_TEXT    G=(none)   M=C:\WORK\BCC7\LIB\CW32.LIB|lstrlwr ACBP=A9
 0001:0001986C 000000C0 C=CODE    S=_TEXT    G=(none)   M=C:\WORK\BCC7\LIB\CW32.LIB|ltolower ACBP=A9
 0001:0001992C 000000C0 C=CODE    S=_TEXT    G=(none)   M=C:\WORK\BCC7\LIB\CW32.LIB|ltoupper ACBP=A9
 0001:000199EC 00000681 C=CODE    S=_TEXT    G=(none)   M=C:\WORK\BCC7\LIB\CW32.LIB|mbyte1 ACBP=A9
 0001:0001A070 00000252 C=CODE    S=_TEXT    G=(none)   M=C:\WORK\BCC7\LIB\CW32.LIB|mbrtowc ACBP=A9
 0001:0001A2C4 00000016 C=CODE    S=_TEXT    G=(none)   M=C:\WORK\BCC7\LIB\CW32.LIB|lsetlocl ACBP=A9
 0001:0001A2DC 00000268 C=CODE    S=_TEXT    G=(none)   M=C:\WORK\BCC7\LIB\CW32.LIB|_ll ACBP=A9
 0001:0001A544 0000001D C=CODE    S=_TEXT    G=(none)   M=C:\WORK\BCC7\LIB\CW32.LIB|_finite ACBP=A9
 0001:0001A564 0000001E C=CODE    S=_TEXT    G=(none)   M=C:\WORK\BCC7\LIB\CW32.LIB|_finitel ACBP=A9
 0001:0001A584 00000045 C=CODE    S=_TEXT    G=(none)   M=C:\WORK\BCC7\LIB\CW32.LIB|_isnan ACBP=A9
 0001:0001A5CC 00000049 C=CODE    S=_TEXT    G=(none)   M=C:\WORK\BCC7\LIB\CW32.LIB|_isnanl ACBP=A9
 0001:0001A618 000000B0 C=CODE    S=_TEXT    G=(none)   M=C:\WORK\BCC7\LIB\CW32.LIB|_matherr ACBP=A9
 0001:0001A6C8 00000184 C=CODE    S=_TEXT    G=(none)   M=C:\WORK\BCC7\LIB\CW32.LIB|_pow10 ACBP=A9
 0001:0001A84C 0000011C C=CODE    S=_TEXT    G=(none)   M=C:\WORK\BCC7\LIB\CW32.LIB|acosasin ACBP=A9
 0001:0001A968 0000000F C=CODE    S=_TEXT    G=(none)   M=C:\WORK\BCC7\LIB\CW32.LIB|atan ACBP=A9
 0001:0001A978 000000B3 C=CODE    S=_TEXT    G=(none)   M=C:\WORK\BCC7\LIB\CW32.LIB|atan2 ACBP=A9
 0001:0001AA2C 00000077 C=CODE    S=_TEXT    G=(none)   M=C:\WORK\BCC7\LIB\CW32.LIB|atol ACBP=A9
 0001:0001AAA4 0000001C C=CODE    S=_TEXT    G=(none)   M=C:\WORK\BCC7\LIB\CW32.LIB|ceil ACBP=A9
 0001:0001AAC0 00000013 C=CODE    S=_TEXT    G=(none)   M=C:\WORK\BCC7\LIB\CW32.LIB|clear87 ACBP=A9
 0001:0001AAD4 0000003F C=CODE    S=_TEXT    G=(none)   M=C:\WORK\BCC7\LIB\CW32.LIB|cos ACBP=A9
 0001:0001AB14 0000006A C=CODE    S=_TEXT    G=(none)   M=C:\WORK\BCC7\LIB\CW32.LIB|cosh ACBP=A9
 0001:0001AB80 0000002F C=CODE    S=_TEXT    G=(none)   M=C:\WORK\BCC7\LIB\CW32.LIB|ctrl87 ACBP=A9
 0001:0001ABB0 00000018 C=CODE    S=_TEXT    G=(none)   M=C:\WORK\BCC7\LIB\CW32.LIB|cvtentry ACBP=A9
 0001:0001ABC8 00000018 C=CODE    S=_TEXT    G=(none)   M=C:\WORK\BCC7\LIB\CW32.LIB|cvtfak ACBP=A9
 0001:0001ABE0 00000018 C=CODE    S=_TEXT    G=(none)   M=C:\WORK\BCC7\LIB\CW32.LIB|cvtfakw ACBP=A9
 0001:0001ABF8 0000006C C=CODE    S=_TEXT    G=(none)   M=C:\WORK\BCC7\LIB\CW32.LIB|exp ACBP=A9
 0001:0001AC64 0000005F C=CODE    S=_TEXT    G=(none)   M=C:\WORK\BCC7\LIB\CW32.LIB|f87atan ACBP=A9
 0001:0001ACC4 000000D2 C=CODE    S=_TEXT    G=(none)   M=C:\WORK\BCC7\LIB\CW32.LIB|f87exp ACBP=A9
 0001:0001AD98 00000048 C=CODE    S=_TEXT    G=(none)   M=C:\WORK\BCC7\LIB\CW32.LIB|f87log ACBP=A9
 0001:0001ADE0 0000000D C=CODE    S=_TEXT    G=(none)   M=C:\WORK\BCC7\LIB\CW32.LIB|fabs ACBP=A9
 0001:0001ADF0 0000001C C=CODE    S=_TEXT    G=(none)   M=C:\WORK\BCC7\LIB\CW32.LIB|floor ACBP=A9
 0001:0001AE0C 0000004D C=CODE    S=_TEXT    G=(none)   M=C:\WORK\BCC7\LIB\CW32.LIB|fmod ACBP=A9
 0001:0001AE5C 00000016 C=CODE    S=_TEXT    G=(none)   M=C:\WORK\BCC7\LIB\CW32.LIB|fpreset ACBP=A9
 0001:0001AE74 00000030 C=CODE    S=_TEXT    G=(none)   M=C:\WORK\BCC7\LIB\CW32.LIB|ftol ACBP=A9
 0001:0001AEA4 0000002D C=CODE    S=_TEXT    G=(none)   M=C:\WORK\BCC7\LIB\CW32.LIB|fuildq ACBP=A9
 0001:0001AED4 00000021 C=CODE    S=_TEXT    G=(none)   M=C:\WORK\BCC7\LIB\CW32.LIB|fuistq ACBP=A9
 0001:0001AEF8 00000011 C=CODE    S=_TEXT    G=(none)   M=C:\WORK\BCC7\LIB\CW32.LIB|fxam ACBP=A9
 0001:0001AF0C 000000B1 C=CODE    S=_TEXT    G=(none)   M=C:\WORK\BCC7\LIB\CW32.LIB|int64toa ACBP=A9
 0001:0001AFC0 0000011B C=CODE    S=_TEXT    G=(none)   M=C:\WORK\BCC7\LIB\CW32.LIB|ldtrunc ACBP=A9
 0001:0001B0DC 0000006D C=CODE    S=_TEXT    G=(none)   M=C:\WORK\BCC7\LIB\CW32.LIB|log ACBP=A9
 0001:0001B14C 0000006D C=CODE    S=_TEXT    G=(none)   M=C:\WORK\BCC7\LIB\CW32.LIB|log10 ACBP=A9
 0001:0001B1BC 0000008F C=CODE    S=_TEXT    G=(none)   M=C:\WORK\BCC7\LIB\CW32.LIB|longtoa ACBP=A9
 0001:0001B24C 00000075 C=CODE    S=_TEXT    G=(none)   M=C:\WORK\BCC7\LIB\CW32.LIB|ltoa1 ACBP=A9
 0001:0001B2C4 0000002A C=CODE    S=_TEXT    G=(none)   M=C:\WORK\BCC7\LIB\CW32.LIB|matherr ACBP=A9
 0001:0001B2F0 0000002E C=CODE    S=_TEXT    G=(none)   M=C:\WORK\BCC7\LIB\CW32.LIB|matherrl ACBP=A9
 0001:0001B320 00000016 C=CODE    S=_TEXT    G=(none)   M=C:\WORK\BCC7\LIB\CW32.LIB|mathptr ACBP=A9
 0001:0001B338 00000030 C=CODE    S=_TEXT    G=(none)   M=C:\WORK\BCC7\LIB\CW32.LIB|modf ACBP=A9
 0001:0001B368 00000030 C=CODE    S=_TEXT    G=(none)   M=C:\WORK\BCC7\LIB\CW32.LIB|modfl ACBP=A9
 0001:0001B398 000001DC C=CODE    S=_TEXT    G=(none)   M=C:\WORK\BCC7\LIB\CW32.LIB|pow ACBP=A9
 0001:0001B574 00000025 C=CODE    S=_TEXT    G=(none)   M=C:\WORK\BCC7\LIB\CW32.LIB|qdiv10 ACBP=A9
 0001:0001B59C 0000002E C=CODE    S=_TEXT    G=(none)   M=C:\WORK\BCC7\LIB\CW32.LIB|qmul10 ACBP=A9
 0001:0001B5CC 00000084 C=CODE    S=_TEXT    G=(none)   M=C:\WORK\BCC7\LIB\CW32.LIB|rand ACBP=A9
 0001:0001B650 000002F9 C=CODE    S=_TEXT    G=(none)   M=C:\WORK\BCC7\LIB\CW32.LIB|realcvt ACBP=A9
 0001:0001B94C 00000331 C=CODE    S=_TEXT    G=(none)   M=C:\WORK\BCC7\LIB\CW32.LIB|realcvtw ACBP=A9
 0001:0001BC80 0000002C C=CODE    S=_TEXT    G=(none)   M=C:\WORK\BCC7\LIB\CW32.LIB|round ACBP=A9
 0001:0001BCAC 000004E9 C=CODE    S=_TEXT    G=(none)   M=C:\WORK\BCC7\LIB\CW32.LIB|scantod ACBP=A9
 0001:0001C198 000004F5 C=CODE    S=_TEXT    G=(none)   M=C:\WORK\BCC7\LIB\CW32.LIB|scanwtod ACBP=A9
 0001:0001C690 0000003F C=CODE    S=_TEXT    G=(none)   M=C:\WORK\BCC7\LIB\CW32.LIB|sin ACBP=A9
 0001:0001C6D0 00000095 C=CODE    S=_TEXT    G=(none)   M=C:\WORK\BCC7\LIB\CW32.LIB|sinh ACBP=A9
 0001:0001C768 0000003A C=CODE    S=_TEXT    G=(none)   M=C:\WORK\BCC7\LIB\CW32.LIB|sqrt ACBP=A9
 0001:0001C7A4 00000041 C=CODE    S=_TEXT    G=(none)   M=C:\WORK\BCC7\LIB\CW32.LIB|tan ACBP=A9
 0001:0001C7E8 00000065 C=CODE    S=_TEXT    G=(none)   M=C:\WORK\BCC7\LIB\CW32.LIB|tanh ACBP=A9
 0001:0001C850 000002D8 C=CODE    S=_TEXT    G=(none)   M=C:\WORK\BCC7\LIB\CW32.LIB|xcvt ACBP=A9
 0001:0001CB28 000002F7 C=CODE    S=_TEXT    G=(none)   M=C:\WORK\BCC7\LIB\CW32.LIB|xcvtw ACBP=A9
 0001:0001CE20 0000014D C=CODE    S=_TEXT    G=(none)   M=C:\WORK\BCC7\LIB\CW32.LIB|mbctype ACBP=A9
 0001:0001CF70 0000003D C=CODE    S=_TEXT    G=(none)   M=C:\WORK\BCC7\LIB\CW32.LIB|mbisalp ACBP=A9
 0001:0001CFB0 0000001A C=CODE    S=_TEXT    G=(none)   M=C:\WORK\BCC7\LIB\CW32.LIB|mbisdgt ACBP=A9
 0001:0001CFCC 0000001A C=CODE    S=_TEXT    G=(none)   M=C:\WORK\BCC7\LIB\CW32.LIB|mbisspc ACBP=A9
 0001:0001CFE8 00000054 C=CODE    S=_TEXT    G=(none)   M=C:\WORK\BCC7\LIB\CW32.LIB|mbsnbcpy ACBP=A9
 0001:0001D03C 000000BF C=CODE    S=_TEXT    G=(none)   M=C:\WORK\BCC7\LIB\CW32.LIB|mbsnbicm ACBP=A9
 0001:0001D0FC 00000058 C=CODE    S=_TEXT    G=(none)   M=C:\WORK\BCC7\LIB\CW32.LIB|mbsrchr ACBP=A9
 0001:0001D154 000000A6 C=CODE    S=_TEXT    G=(none)   M=C:\WORK\BCC7\LIB\CW32.LIB|assert ACBP=A9
 0001:0001D1FC 000000BA C=CODE    S=_TEXT    G=(none)   M=C:\WORK\BCC7\LIB\CW32.LIB|ermsghlp ACBP=A9
 0001:0001D2B8 00000006 C=CODE    S=_TEXT    G=(none)   M=C:\WORK\BCC7\LIB\CW32.LIB|errno ACBP=A9
 0001:0001D2C0 0000019F C=CODE    S=_TEXT    G=(none)   M=C:\WORK\BCC7\LIB\CW32.LIB|errormsg ACBP=A9
 0001:0001D45F 00000011 C=CODE    S=_TEXT    G=(none)   M=C:\WORK\BCC7\LIB\CW32.LIB|pureerr ACBP=A9
 0001:0001D470 00000236 C=CODE    S=_TEXT    G=(none)   M=C:\WORK\BCC7\LIB\CW32.LIB|qsort ACBP=A9
 0001:0001D6A8 00000348 C=CODE    S=_TEXT    G=(none)   M=C:\WORK\BCC7\LIB\CW32.LIB|debug_wrapper ACBP=A9
 0001:0001D9EC 000000A6 C=CODE    S=_TEXT    G=(none)   M=C:\WORK\BCC7\LIB\CW32.LIB|abort ACBP=A9
 0001:0001DA94 0000011E C=CODE    S=_TEXT    G=(none)   M=C:\WORK\BCC7\LIB\CW32.LIB|__atexit ACBP=A9
 0001:0001DBB4 00000047 C=CODE    S=_TEXT    G=(none)   M=C:\WORK\BCC7\LIB\CW32.LIB|__exit ACBP=A9
 0001:0001DBFC 00000065 C=CODE    S=_TEXT    G=(none)   M=C:\WORK\BCC7\LIB\CW32.LIB|exit ACBP=A9
 0001:0001DC64 00000067 C=CODE    S=_TEXT    G=(none)   M=C:\WORK\BCC7\LIB\CW32.LIB|getenv ACBP=A9
 0001:0001DCCC 0000001A C=CODE    S=_TEXT    G=(none)   M=C:\WORK\BCC7\LIB\CW32.LIB|initwild ACBP=A9
 0001:0001DCE8 00000011 C=CODE    S=_TEXT    G=(none)   M=C:\WORK\BCC7\LIB\CW32.LIB|exparg ACBP=A9
 0001:0001DCFC 00000011 C=CODE    S=_TEXT    G=(none)   M=C:\WORK\BCC7\LIB\CW32.LIB|wexparg ACBP=A9
 0001:0001DD10 00000027 C=CODE    S=_TEXT    G=(none)   M=C:\WORK\BCC7\LIB\CW32.LIB|initargv ACBP=A9
 0001:0001DD38 0000016C C=CODE    S=_TEXT    G=(none)   M=C:\WORK\BCC7\LIB\CW32.LIB|setargv ACBP=A9
 0001:0001DEA4 00000224 C=CODE    S=_TEXT    G=(none)   M=C:\WORK\BCC7\LIB\CW32.LIB|hsargv ACBP=A9
 0001:0001E0C8 0000026D C=CODE    S=_TEXT    G=(none)   M=C:\WORK\BCC7\LIB\CW32.LIB|whsargv ACBP=A9
 0001:0001E338 00000045 C=CODE    S=_TEXT    G=(none)   M=C:\WORK\BCC7\LIB\CW32.LIB|setargv0 ACBP=A9
 0001:0001E380 000001A0 C=CODE    S=_TEXT    G=(none)   M=C:\WORK\BCC7\LIB\CW32.LIB|setenvp ACBP=A9
 0001:0001E520 000002FA C=CODE    S=_TEXT    G=(none)   M=C:\WORK\BCC7\LIB\CW32.LIB|signal ACBP=A9
 0001:0001E81C 00000122 C=CODE    S=_TEXT    G=(none)   M=C:\WORK\BCC7\LIB\CW32.LIB|initexit ACBP=A9
 0001:0001E940 0000016C C=CODE    S=_TEXT    G=(none)   M=C:\WORK\BCC7\LIB\CW32.LIB|startup ACBP=A9
 0001:0001EAAC 0000004F C=CODE    S=_TEXT    G=(none)   M=C:\WORK\BCC7\LIB\CW32.LIB|tlsstat ACBP=A9
 0001:0001EAFC 00000369 C=CODE    S=_TEXT    G=(none)   M=C:\WORK\BCC7\LIB\CW32.LIB|timefunc ACBP=A9
 0001:0001EE68 00000006 C=CODE    S=_TEXT    G=(none)   M=C:\WORK\BCC7\LIB\CW32.LIB|tzdata ACBP=A9
 0001:0001EE70 000001EE C=CODE    S=_TEXT    G=(none)   M=C:\WORK\BCC7\LIB\CW32.LIB|tzset ACBP=A9
 0001:0001F060 00000008 C=CODE    S=_TEXT    G=(none)   M=C:\WORK\BCC7\LIB\CW32.LIB|_tzset ACBP=A9
 0001:0001F068 0000004E C=CODE    S=_TEXT    G=(none)   M=C:\WORK\BCC7\LIB\CW32.LIB|time ACBP=A9
 0001:0001F0B8 00000070 C=CODE    S=_TEXT    G=(none)   M=C:\WORK\BCC7\LIB\CW32.LIB|xxa ACBP=A9
 0001:0001F128 000008B9 C=CODE    S=_TEXT    G=(none)   M=C:\WORK\BCC7\LIB\CW32.LIB|xxtype ACBP=A9
 0001:0001F9AB 0000005A C=CODE    S=_TEXT    G=(none)   M=C:\WORK\BCC7\LIB\CW32.LIB|xxut ACBP=A9
 0001:0001F9D4 00000147 C=CODE    S=_TEXT    G=(none)   M=C:\WORK\BCC7\LIB\CW32.LIB|xxv ACBP=A9
 0001:0001FB1C 0000000A C=CODE    S=_TEXT    G=(none)   M=C:\WORK\BCC7\LIB\CW32.LIB|defhandl ACBP=A9
 0001:0001FB28 00000195 C=CODE    S=_TEXT    G=(none)   M=C:\WORK\BCC7\LIB\CW32.LIB|except ACBP=A9
 0001:0001FCC0 00000046 C=CODE    S=_TEXT    G=(none)   M=C:\WORK\BCC7\LIB\CW32.LIB|setexc ACBP=A9
 0001:0001FD08 00000031 C=CODE    S=_TEXT    G=(none)   M=C:\WORK\BCC7\LIB\CW32.LIB|ta ACBP=A9
 0001:0001FD3C 00003E15 C=CODE    S=_TEXT    G=(none)   M=C:\WORK\BCC7\LIB\CW32.LIB|pcre ACBP=A9
 0001:00023B54 00000008 C=CODE    S=_TEXT    G=(none)   M=C:\WORK\BCC7\LIB\CW32.LIB|_pcomp ACBP=A9
 0001:00023B5C 00000008 C=CODE    S=_TEXT    G=(none)   M=C:\WORK\BCC7\LIB\CW32.LIB|_pexec ACBP=A9
 0001:00023B64 00001F24 C=CODE    S=_TEXT    G=(none)   M=C:\WORK\BCC7\LIB\CW32.LIB|xx ACBP=A9
 0001:00025A3C 000001EA C=CODE    S=_TEXT    G=(none)   M=C:\WORK\FWH\LIB\FIVEH.LIB|ACTIVEX ACBP=A9
 0001:00025C28 0000081D C=CODE    S=_TEXT    G=(none)   M=C:\WORK\FWH\LIB\FIVEH.LIB|ADOFUNCS ACBP=A9
 0001:00026448 00000082 C=CODE    S=_TEXT    G=(none)   M=C:\WORK\FWH\LIB\FIVEH.LIB|ALERT ACBP=A9
 0001:000264CC 0000030D C=CODE    S=_TEXT    G=(none)   M=C:\WORK\FWH\LIB\FIVEH.LIB|BAR ACBP=A9
 0001:000267DC 0000039D C=CODE    S=_TEXT    G=(none)   M=C:\WORK\FWH\LIB\FIVEH.LIB|BITMAP ACBP=A9
 0001:00026B7C 00000205 C=CODE    S=_TEXT    G=(none)   M=C:\WORK\FWH\LIB\FIVEH.LIB|BRUSH ACBP=A9
 0001:00026D84 00000082 C=CODE    S=_TEXT    G=(none)   M=C:\WORK\FWH\LIB\FIVEH.LIB|BRUSHEX ACBP=A9
 0001:00026E08 000003E5 C=CODE    S=_TEXT    G=(none)   M=C:\WORK\FWH\LIB\FIVEH.LIB|BTNBMP ACBP=A9
 0001:000271F0 0000015A C=CODE    S=_TEXT    G=(none)   M=C:\WORK\FWH\LIB\FIVEH.LIB|BUTTON ACBP=A9
 0001:0002734C 000000FA C=CODE    S=_TEXT    G=(none)   M=C:\WORK\FWH\LIB\FIVEH.LIB|BUTTONB ACBP=A9
 0001:00027448 0000009A C=CODE    S=_TEXT    G=(none)   M=C:\WORK\FWH\LIB\FIVEH.LIB|CALLSTAC ACBP=A9
 0001:000274E4 0000033D C=CODE    S=_TEXT    G=(none)   M=C:\WORK\FWH\LIB\FIVEH.LIB|C5LIB ACBP=A9
 0001:00027824 0000015D C=CODE    S=_TEXT    G=(none)   M=C:\WORK\FWH\LIB\FIVEH.LIB|C5TOOLTP ACBP=A9
 0001:00027984 000001A2 C=CODE    S=_TEXT    G=(none)   M=C:\WORK\FWH\LIB\FIVEH.LIB|CHECKBOX ACBP=A9
 0001:00027B28 00000148 C=CODE    S=_TEXT    G=(none)   M=C:\WORK\FWH\LIB\FIVEH.LIB|CHECKRES ACBP=A9
 0001:00027C70 000001B3 C=CODE    S=_TEXT    G=(none)   M=C:\WORK\FWH\LIB\FIVEH.LIB|CLIPBRD ACBP=A9
 0001:00027E24 000003CD C=CODE    S=_TEXT    G=(none)   M=C:\WORK\FWH\LIB\FIVEH.LIB|COMBOBOX ACBP=A9
 0001:000281F4 0000048D C=CODE    S=_TEXT    G=(none)   M=C:\WORK\FWH\LIB\FIVEH.LIB|CONTROL ACBP=A9
 0001:00028684 00000082 C=CODE    S=_TEXT    G=(none)   M=C:\WORK\FWH\LIB\FIVEH.LIB|CURSOR ACBP=A9
 0001:00028708 0000069D C=CODE    S=_TEXT    G=(none)   M=C:\WORK\FWH\LIB\FIVEH.LIB|DATAROW ACBP=A9
 0001:00028DA8 00000202 C=CODE    S=_TEXT    G=(none)   M=C:\WORK\FWH\LIB\FIVEH.LIB|DBCOMBO ACBP=A9
 0001:00028FAC 000000FA C=CODE    S=_TEXT    G=(none)   M=C:\WORK\FWH\LIB\FIVEH.LIB|DBFFUNC1 ACBP=A9
 0001:000290A8 00000253 C=CODE    S=_TEXT    G=(none)   M=C:\WORK\FWH\LIB\FIVEH.LIB|DBFFUNC2 ACBP=A9
 0001:000292FC 00000052 C=CODE    S=_TEXT    G=(none)   M=C:\WORK\FWH\LIB\FIVEH.LIB|DBFFUNC9 ACBP=A9
 0001:00029350 000000B2 C=CODE    S=_TEXT    G=(none)   M=C:\WORK\FWH\LIB\FIVEH.LIB|DBTOOLS ACBP=A9
 0001:00029404 000000CA C=CODE    S=_TEXT    G=(none)   M=C:\WORK\FWH\LIB\FIVEH.LIB|DDE ACBP=A9
 0001:000294D0 000002F5 C=CODE    S=_TEXT    G=(none)   M=C:\WORK\FWH\LIB\FIVEH.LIB|DIALOG ACBP=A9
 0001:000297C8 00000082 C=CODE    S=_TEXT    G=(none)   M=C:\WORK\FWH\LIB\FIVEH.LIB|DLGFIND ACBP=A9
 0001:0002984C 00000082 C=CODE    S=_TEXT    G=(none)   M=C:\WORK\FWH\LIB\FIVEH.LIB|DLGS32 ACBP=A9
 0001:000298D0 00000142 C=CODE    S=_TEXT    G=(none)   M=C:\WORK\FWH\LIB\FIVEH.LIB|DOSTOFWH ACBP=A9
 0001:00029A14 0000006A C=CODE    S=_TEXT    G=(none)   M=C:\WORK\FWH\LIB\FIVEH.LIB|DRAWBMP ACBP=A9
 0001:00029A80 00000172 C=CODE    S=_TEXT    G=(none)   M=C:\WORK\FWH\LIB\FIVEH.LIB|EDIT ACBP=A9
 0001:00029BF4 0000018A C=CODE    S=_TEXT    G=(none)   M=C:\WORK\FWH\LIB\FIVEH.LIB|ERRSYSW ACBP=A9
 0001:00029D80 0000006A C=CODE    S=_TEXT    G=(none)   M=C:\WORK\FWH\LIB\FIVEH.LIB|ETC ACBP=A9
 0001:00029DEC 00000ABD C=CODE    S=_TEXT    G=(none)   M=C:\WORK\FWH\LIB\FIVEH.LIB|FGET ACBP=A9
 0001:0002A8AC 000002F4 C=CODE    S=_TEXT    G=(none)   M=C:\WORK\FWH\LIB\FIVEH.LIB|FILENAME ACBP=A9
 0001:0002ABA0 00000082 C=CODE    S=_TEXT    G=(none)   M=C:\WORK\FWH\LIB\FIVEH.LIB|FLINE ACBP=A9
 0001:0002AC24 00000265 C=CODE    S=_TEXT    G=(none)   M=C:\WORK\FWH\LIB\FIVEH.LIB|FOLDER ACBP=A9
 0001:0002AE8C 0000027D C=CODE    S=_TEXT    G=(none)   M=C:\WORK\FWH\LIB\FIVEH.LIB|FONT ACBP=A9
 0001:0002B10C 000001D2 C=CODE    S=_TEXT    G=(none)   M=C:\WORK\FWH\LIB\FIVEH.LIB|FWBARCOD ACBP=A9
 0001:0002B2E0 000000FA C=CODE    S=_TEXT    G=(none)   M=C:\WORK\FWH\LIB\FIVEH.LIB|FWDECODE ACBP=A9
 0001:0002B3DC 0000006A C=CODE    S=_TEXT    G=(none)   M=C:\WORK\FWH\LIB\FIVEH.LIB|FWERROR ACBP=A9
 0001:0002B448 0000021D C=CODE    S=_TEXT    G=(none)   M=C:\WORK\FWH\LIB\FIVEH.LIB|FWMSWORD ACBP=A9
 0001:0002B668 00000629 C=CODE    S=_TEXT    G=(none)   M=C:\WORK\FWH\LIB\FIVEH.LIB|GETSYSIN ACBP=A9
 0001:0002BC94 000000E2 C=CODE    S=_TEXT    G=(none)   M=C:\WORK\FWH\LIB\FIVEH.LIB|GETTASKS ACBP=A9
 0001:0002BD78 000000FA C=CODE    S=_TEXT    G=(none)   M=C:\WORK\FWH\LIB\FIVEH.LIB|GROUP ACBP=A9
 0001:0002BE74 000000E2 C=CODE    S=_TEXT    G=(none)   M=C:\WORK\FWH\LIB\FIVEH.LIB|GTF ACBP=A9
 0001:0002BF58 00000435 C=CODE    S=_TEXT    G=(none)   M=C:\WORK\FWH\LIB\FIVEH.LIB|HARBOUR ACBP=A9
 0001:0002C390 0000012A C=CODE    S=_TEXT    G=(none)   M=C:\WORK\FWH\LIB\FIVEH.LIB|HELP32 ACBP=A9
 0001:0002C4BC 0000035B C=CODE    S=_TEXT    G=(none)   M=C:\WORK\FWH\LIB\FIVEH.LIB|HELPCHM ACBP=A9
 0001:0002C818 00000112 C=CODE    S=_TEXT    G=(none)   M=C:\WORK\FWH\LIB\FIVEH.LIB|ICON ACBP=A9
 0001:0002C92C 0000042D C=CODE    S=_TEXT    G=(none)   M=C:\WORK\FWH\LIB\FIVEH.LIB|IMAGE ACBP=A9
 0001:0002CD5C 000008AA C=CODE    S=_TEXT    G=(none)   M=C:\WORK\FWH\LIB\FIVEH.LIB|IMGTXTIO ACBP=A9
 0001:0002D608 000000CA C=CODE    S=_TEXT    G=(none)   M=C:\WORK\FWH\LIB\FIVEH.LIB|INI ACBP=A9
 0001:0002D6D4 0000018A C=CODE    S=_TEXT    G=(none)   M=C:\WORK\FWH\LIB\FIVEH.LIB|LINKLIST ACBP=A9
 0001:0002D860 0000027D C=CODE    S=_TEXT    G=(none)   M=C:\WORK\FWH\LIB\FIVEH.LIB|LISTBOX ACBP=A9
 0001:0002DAE0 00000112 C=CODE    S=_TEXT    G=(none)   M=C:\WORK\FWH\LIB\FIVEH.LIB|LONGNAM2 ACBP=A9
 0001:0002DBF4 00000115 C=CODE    S=_TEXT    G=(none)   M=C:\WORK\FWH\LIB\FIVEH.LIB|MDICHILD ACBP=A9
 0001:0002DD0C 00000112 C=CODE    S=_TEXT    G=(none)   M=C:\WORK\FWH\LIB\FIVEH.LIB|MDICLIEN ACBP=A9
 0001:0002DE20 00000115 C=CODE    S=_TEXT    G=(none)   M=C:\WORK\FWH\LIB\FIVEH.LIB|MDIFRAME ACBP=A9
 0001:0002DF38 0000018D C=CODE    S=_TEXT    G=(none)   M=C:\WORK\FWH\LIB\FIVEH.LIB|MEMOEDIT ACBP=A9
 0001:0002E0C8 000004ED C=CODE    S=_TEXT    G=(none)   M=C:\WORK\FWH\LIB\FIVEH.LIB|MENU ACBP=A9
 0001:0002E5B8 000001ED C=CODE    S=_TEXT    G=(none)   M=C:\WORK\FWH\LIB\FIVEH.LIB|MENUITEM ACBP=A9
 0001:0002E7A8 0000033D C=CODE    S=_TEXT    G=(none)   M=C:\WORK\FWH\LIB\FIVEH.LIB|MGET ACBP=A9
 0001:0002EAE8 000002DD C=CODE    S=_TEXT    G=(none)   M=C:\WORK\FWH\LIB\FIVEH.LIB|MSGBAR ACBP=A9
 0001:0002EDC8 0000006A C=CODE    S=_TEXT    G=(none)   M=C:\WORK\FWH\LIB\FIVEH.LIB|MSGGET ACBP=A9
 0001:0002EE34 0000009A C=CODE    S=_TEXT    G=(none)   M=C:\WORK\FWH\LIB\FIVEH.LIB|MSGRUN ACBP=A9
 0001:0002EED0 00000262 C=CODE    S=_TEXT    G=(none)   M=C:\WORK\FWH\LIB\FIVEH.LIB|PGSUPORT ACBP=A9
 0001:0002F134 0000003A C=CODE    S=_TEXT    G=(none)   M=C:\WORK\FWH\LIB\FIVEH.LIB|ODATA ACBP=A9
 0001:0002F170 000001EA C=CODE    S=_TEXT    G=(none)   M=C:\WORK\FWH\LIB\FIVEH.LIB|OLEFUNCS ACBP=A9
 0001:0002F35C 000002C5 C=CODE    S=_TEXT    G=(none)   M=C:\WORK\FWH\LIB\FIVEH.LIB|PDMENU ACBP=A9
 0001:0002F624 0000009A C=CODE    S=_TEXT    G=(none)   M=C:\WORK\FWH\LIB\FIVEH.LIB|PDREPORT ACBP=A9
 0001:0002F6C0 0000006A C=CODE    S=_TEXT    G=(none)   M=C:\WORK\FWH\LIB\FIVEH.LIB|PEN ACBP=A9
 0001:0002F72C 00000505 C=CODE    S=_TEXT    G=(none)   M=C:\WORK\FWH\LIB\FIVEH.LIB|PRINTER ACBP=A9
 0001:0002FC34 0000061D C=CODE    S=_TEXT    G=(none)   M=C:\WORK\FWH\LIB\FIVEH.LIB|PRV2PDF ACBP=A9
 0001:00030254 000001A2 C=CODE    S=_TEXT    G=(none)   M=C:\WORK\FWH\LIB\FIVEH.LIB|RADIO ACBP=A9
 0001:000303F8 00000142 C=CODE    S=_TEXT    G=(none)   M=C:\WORK\FWH\LIB\FIVEH.LIB|RADMENU ACBP=A9
 0001:0003053C 0000015D C=CODE    S=_TEXT    G=(none)   M=C:\WORK\FWH\LIB\FIVEH.LIB|RCOLUMN ACBP=A9
 0001:0003069C 00000082 C=CODE    S=_TEXT    G=(none)   M=C:\WORK\FWH\LIB\FIVEH.LIB|REBAR ACBP=A9
 0001:00030720 00000142 C=CODE    S=_TEXT    G=(none)   M=C:\WORK\FWH\LIB\FIVEH.LIB|RECT ACBP=A9
 0001:00030864 000000CA C=CODE    S=_TEXT    G=(none)   M=C:\WORK\FWH\LIB\FIVEH.LIB|REG32 ACBP=A9
 0001:00030930 00000325 C=CODE    S=_TEXT    G=(none)   M=C:\WORK\FWH\LIB\FIVEH.LIB|REPORT ACBP=A9
 0001:00030C58 0000009A C=CODE    S=_TEXT    G=(none)   M=C:\WORK\FWH\LIB\FIVEH.LIB|RFILE ACBP=A9
 0001:00030CF4 000000E2 C=CODE    S=_TEXT    G=(none)   M=C:\WORK\FWH\LIB\FIVEH.LIB|RGROUP ACBP=A9
 0001:00030DD8 000000E2 C=CODE    S=_TEXT    G=(none)   M=C:\WORK\FWH\LIB\FIVEH.LIB|RLINE ACBP=A9
 0001:00030EBC 000003FD C=CODE    S=_TEXT    G=(none)   M=C:\WORK\FWH\LIB\FIVEH.LIB|RPREVIEW ACBP=A9
 0001:000312BC 00000142 C=CODE    S=_TEXT    G=(none)   M=C:\WORK\FWH\LIB\FIVEH.LIB|SAY ACBP=A9
 0001:00031400 00000A5D C=CODE    S=_TEXT    G=(none)   M=C:\WORK\FWH\LIB\FIVEH.LIB|SCINTILA ACBP=A9
 0001:00031E60 000000FA C=CODE    S=_TEXT    G=(none)   M=C:\WORK\FWH\LIB\FIVEH.LIB|SCRLLBAR ACBP=A9
 0001:00031F5C 0000024D C=CODE    S=_TEXT    G=(none)   M=C:\WORK\FWH\LIB\FIVEH.LIB|SCRLPANL ACBP=A9
 0001:000321AC 000000CA C=CODE    S=_TEXT    G=(none)   M=C:\WORK\FWH\LIB\FIVEH.LIB|SHELLAPI ACBP=A9
 0001:00032278 0000015A C=CODE    S=_TEXT    G=(none)   M=C:\WORK\FWH\LIB\FIVEH.LIB|STATUSBA ACBP=A9
 0001:000323D4 00000172 C=CODE    S=_TEXT    G=(none)   M=C:\WORK\FWH\LIB\FIVEH.LIB|STRINGS ACBP=A9
 0001:00032548 000000CA C=CODE    S=_TEXT    G=(none)   M=C:\WORK\FWH\LIB\FIVEH.LIB|TACCTBL ACBP=A9
 0001:00032614 000005AD C=CODE    S=_TEXT    G=(none)   M=C:\WORK\FWH\LIB\FIVEH.LIB|TARRDATA ACBP=A9
 0001:00032BC4 0000006A C=CODE    S=_TEXT    G=(none)   M=C:\WORK\FWH\LIB\FIVEH.LIB|TCLIPGET ACBP=A9
 0001:00032C30 00000745 C=CODE    S=_TEXT    G=(none)   M=C:\WORK\FWH\LIB\FIVEH.LIB|TDTPICKE ACBP=A9
 0001:00033378 00000172 C=CODE    S=_TEXT    G=(none)   M=C:\WORK\FWH\LIB\FIVEH.LIB|TFILE ACBP=A9
 0001:000334EC 0000066D C=CODE    S=_TEXT    G=(none)   M=C:\WORK\FWH\LIB\FIVEH.LIB|TGDIPLUS ACBP=A9
 0001:00033B5C 000000B2 C=CODE    S=_TEXT    G=(none)   M=C:\WORK\FWH\LIB\FIVEH.LIB|TIMAGLST ACBP=A9
 0001:00033C10 000000B2 C=CODE    S=_TEXT    G=(none)   M=C:\WORK\FWH\LIB\FIVEH.LIB|TIMER ACBP=A9
 0001:00033CC4 000001EA C=CODE    S=_TEXT    G=(none)   M=C:\WORK\FWH\LIB\FIVEH.LIB|TLISTVIE ACBP=A9
 0001:00033EB0 00000082 C=CODE    S=_TEXT    G=(none)   M=C:\WORK\FWH\LIB\FIVEH.LIB|TMAIL ACBP=A9
 0001:00033F34 000001D0 C=CODE    S=_TEXT    G=(none)   M=C:\WORK\FWH\LIB\FIVEH.LIB|TMETAFIL ACBP=A9
 0001:00034104 00000145 C=CODE    S=_TEXT    G=(none)   M=C:\WORK\FWH\LIB\FIVEH.LIB|TMSGITEM ACBP=A9
 0001:0003424C 00000142 C=CODE    S=_TEXT    G=(none)   M=C:\WORK\FWH\LIB\FIVEH.LIB|TOOLBAR ACBP=A9
 0001:00034390 000000CA C=CODE    S=_TEXT    G=(none)   M=C:\WORK\FWH\LIB\FIVEH.LIB|TPANEL ACBP=A9
 0001:0003445C 00000235 C=CODE    S=_TEXT    G=(none)   M=C:\WORK\FWH\LIB\FIVEH.LIB|TRBGROUP ACBP=A9
 0001:00034694 00000265 C=CODE    S=_TEXT    G=(none)   M=C:\WORK\FWH\LIB\FIVEH.LIB|TRBTN ACBP=A9
 0001:000348FC 000003B5 C=CODE    S=_TEXT    G=(none)   M=C:\WORK\FWH\LIB\FIVEH.LIB|TRECSET ACBP=A9
 0001:00034CB4 00000232 C=CODE    S=_TEXT    G=(none)   M=C:\WORK\FWH\LIB\FIVEH.LIB|TREEITEM ACBP=A9
 0001:00034EE8 000000B2 C=CODE    S=_TEXT    G=(none)   M=C:\WORK\FWH\LIB\FIVEH.LIB|TREES ACBP=A9
 0001:00034F9C 000006FD C=CODE    S=_TEXT    G=(none)   M=C:\WORK\FWH\LIB\FIVEH.LIB|TRIBBON ACBP=A9
 0001:0003569C 000005DD C=CODE    S=_TEXT    G=(none)   M=C:\WORK\FWH\LIB\FIVEH.LIB|TRICHEDI ACBP=A9
 0001:00035C7C 00000865 C=CODE    S=_TEXT    G=(none)   M=C:\WORK\FWH\LIB\FIVEH.LIB|TRICHED5 ACBP=A9
 0001:000364E4 00000082 C=CODE    S=_TEXT    G=(none)   M=C:\WORK\FWH\LIB\FIVEH.LIB|TRPANEL ACBP=A9
 0001:00036568 000000E2 C=CODE    S=_TEXT    G=(none)   M=C:\WORK\FWH\LIB\FIVEH.LIB|TSTRUCT ACBP=A9
 0001:0003664C 0000018D C=CODE    S=_TEXT    G=(none)   M=C:\WORK\FWH\LIB\FIVEH.LIB|TSWITCH ACBP=A9
 0001:000367DC 0000015A C=CODE    S=_TEXT    G=(none)   M=C:\WORK\FWH\LIB\FIVEH.LIB|TTMPICKE ACBP=A9
 0001:00036938 0000021A C=CODE    S=_TEXT    G=(none)   M=C:\WORK\FWH\LIB\FIVEH.LIB|TTREEVIE ACBP=A9
 0001:00036B54 00000112 C=CODE    S=_TEXT    G=(none)   M=C:\WORK\FWH\LIB\FIVEH.LIB|TTVITEM ACBP=A9
 0001:00036C68 0000018A C=CODE    S=_TEXT    G=(none)   M=C:\WORK\FWH\LIB\FIVEH.LIB|TTXTFILE ACBP=A9
 0001:00036DF4 0000015A C=CODE    S=_TEXT    G=(none)   M=C:\WORK\FWH\LIB\FIVEH.LIB|VALBLANK ACBP=A9
 0001:00036F50 0000094F C=CODE    S=_TEXT    G=(none)   M=C:\WORK\FWH\LIB\FIVEH.LIB|VALTOSTR ACBP=A9
 0001:000378A0 000000F5 C=CODE    S=_TEXT    G=(none)   M=C:\WORK\FWH\LIB\FIVEH.LIB|VALTOSTT ACBP=A9
 0001:00037998 00000575 C=CODE    S=_TEXT    G=(none)   M=C:\WORK\FWH\LIB\FIVEH.LIB|VISTAMNU ACBP=A9
 0001:00037F10 0000057D C=CODE    S=_TEXT    G=(none)   M=C:\WORK\FWH\LIB\FIVEH.LIB|VSTRFUN1 ACBP=A9
 0001:00038490 00000C9D C=CODE    S=_TEXT    G=(none)   M=C:\WORK\FWH\LIB\FIVEH.LIB|WINDOW ACBP=A9
 0001:00039130 0000003A C=CODE    S=_TEXT    G=(none)   M=C:\WORK\FWH\LIB\FIVEH.LIB|WQOUT ACBP=A9
 0001:0003916C 000000CD C=CODE    S=_TEXT    G=(none)   M=C:\WORK\FWH\LIB\FIVEH.LIB|XBROWSER ACBP=A9
 0001:0003923C 00000849 C=CODE    S=_TEXT    G=(none)   M=C:\WORK\FWH\LIB\FIVEH.LIB|XIMAGE ACBP=A9
 0001:00039A88 0000009A C=CODE    S=_TEXT    G=(none)   M=C:\WORK\FWH\LIB\FIVEH.LIB|XPAD ACBP=A9
 0001:00039B24 0000063D C=CODE    S=_TEXT    G=(none)   M=C:\WORK\FWH\LIB\FIVEH.LIB|TGET ACBP=A9
 0001:0003A164 00001E3D C=CODE    S=_TEXT    G=(none)   M=C:\WORK\FWH\LIB\FIVEH.LIB|XBROWSE ACBP=A9
 0001:0003BFA4 0000007D C=CODE    S=_TEXT    G=(none)   M=C:\WORK\FWH\LIB\FIVEHC.LIB|__WNDPRO ACBP=A9
 0001:0003C024 00000157 C=CODE    S=_TEXT    G=(none)   M=C:\WORK\FWH\LIB\FIVEHC.LIB|BMPREAD ACBP=A9
 0001:0003C17C 0000018F C=CODE    S=_TEXT    G=(none)   M=C:\WORK\FWH\LIB\FIVEHC.LIB|FFDLGPRC ACBP=A9
 0001:0003C30C 00000184 C=CODE    S=_TEXT    G=(none)   M=C:\WORK\FWH\LIB\FIVEHC.LIB|FFWNDRUN ACBP=A9
 0001:0003C490 0000025E C=CODE    S=_TEXT    G=(none)   M=C:\WORK\FWH\LIB\FIVEHC.LIB|HARBOURC ACBP=A9
 0001:0003C6F0 000000D5 C=CODE    S=_TEXT    G=(none)   M=C:\WORK\FWH\LIB\FIVEHC.LIB|REBARS ACBP=A9
 0001:0003C7C8 00000212 C=CODE    S=_TEXT    G=(none)   M=C:\WORK\FWH\LIB\FIVEHC.LIB|SYSREFRE ACBP=A9
 0001:0003C9DC 000003B6 C=CODE    S=_TEXT    G=(none)   M=C:\WORK\FWH\LIB\FIVEHC.LIB|TOOLBARS ACBP=A9
 0001:0003CD94 00000228 C=CODE    S=_TEXT    G=(none)   M=C:\WORK\FWH\LIB\FIVEHC.LIB|WNDRUN ACBP=A9
 0001:0003CFBC 00000098 C=CODE    S=_TEXT    G=(none)   M=C:\WORK\FWH\LIB\FIVEHC.LIB|XPROC ACBP=A9
 0001:0003D054 00000461 C=CODE    S=_TEXT    G=(none)   M=C:\WORK\FWH\LIB\FIVEHC.LIB|DLGBOX ACBP=A9
 0001:0003D4B8 00001734 C=CODE    S=_TEXT    G=(none)   M=C:\WORK\FWH\LIB\FIVEHC.LIB|CTLHDLEH ACBP=A9
 0001:0003EBEC 000016F8 C=CODE    S=_TEXT    G=(none)   M=C:\WORK\FWH\LIB\FIVEHC.LIB|ACTX ACBP=A9
 0001:000402E4 00006DA8 C=CODE    S=_TEXT    G=(none)   M=C:\WORK\FWH\LIB\FIVEHC.LIB|GDIPFWH ACBP=A9
 0001:0004708C 000060C2 C=CODE    S=_TEXT    G=(none)   M=C:\WORK\FWH\LIB\FIVEHC.LIB|GDIPLUS ACBP=A9
 0001:0004D12C 000000D7 C=CODE    S=_TEXT    G=(none)   M=C:\WORK\FWH\LIB\FIVEHC.LIB|AAT ACBP=A9
 0001:0004D204 000001B4 C=CODE    S=_TEXT    G=(none)   M=C:\WORK\FWH\LIB\FIVEHC.LIB|ACCELERA ACBP=A9
 0001:0004D3B8 00000071 C=CODE    S=_TEXT    G=(none)   M=C:\WORK\FWH\LIB\FIVEHC.LIB|ATOM ACBP=A9
 0001:0004D42C 00000391 C=CODE    S=_TEXT    G=(none)   M=C:\WORK\FWH\LIB\FIVEHC.LIB|BARTOOLS ACBP=A9
 0001:0004D7C0 00000544 C=CODE    S=_TEXT    G=(none)   M=C:\WORK\FWH\LIB\FIVEHC.LIB|BITMAPS ACBP=A9
 0001:0004DD04 00000FD3 C=CODE    S=_TEXT    G=(none)   M=C:\WORK\FWH\LIB\FIVEHC.LIB|BMPDRAW ACBP=A9
 0001:0004ECD8 0000012F C=CODE    S=_TEXT    G=(none)   M=C:\WORK\FWH\LIB\FIVEHC.LIB|BMPS ACBP=A9
 0001:0004EE08 00001B4E C=CODE    S=_TEXT    G=(none)   M=C:\WORK\FWH\LIB\FIVEHC.LIB|BRUSHES ACBP=A9
 0001:00050958 000047CA C=CODE    S=_TEXT    G=(none)   M=C:\WORK\FWH\LIB\FIVEHC.LIB|C5CNEW ACBP=A9
 0001:00055124 000001CC C=CODE    S=_TEXT    G=(none)   M=C:\WORK\FWH\LIB\FIVEHC.LIB|CALDLL32 ACBP=A9
 0001:000552F0 0000056B C=CODE    S=_TEXT    G=(none)   M=C:\WORK\FWH\LIB\FIVEHC.LIB|CALLDLL ACBP=A9
 0001:0005585C 000000B3 C=CODE    S=_TEXT    G=(none)   M=C:\WORK\FWH\LIB\FIVEHC.LIB|CARET ACBP=A9
 0001:00055910 00000068 C=CODE    S=_TEXT    G=(none)   M=C:\WORK\FWH\LIB\FIVEHC.LIB|CHANGEPR ACBP=A9
 0001:00055978 000002B0 C=CODE    S=_TEXT    G=(none)   M=C:\WORK\FWH\LIB\FIVEHC.LIB|CLPBRD ACBP=A9
 0001:00055C28 0000012E C=CODE    S=_TEXT    G=(none)   M=C:\WORK\FWH\LIB\FIVEHC.LIB|CLRCHOOS ACBP=A9
 0001:00055D58 00000104 C=CODE    S=_TEXT    G=(none)   M=C:\WORK\FWH\LIB\FIVEHC.LIB|CLT2SCR ACBP=A9
 0001:00055E5C 000002B5 C=CODE    S=_TEXT    G=(none)   M=C:\WORK\FWH\LIB\FIVEHC.LIB|CODEGTF ACBP=A9
 0001:00056114 00000A00 C=CODE    S=_TEXT    G=(none)   M=C:\WORK\FWH\LIB\FIVEHC.LIB|COLOR ACBP=A9
 0001:00056B14 00000373 C=CODE    S=_TEXT    G=(none)   M=C:\WORK\FWH\LIB\FIVEHC.LIB|COLORTON ACBP=A9
 0001:00056E88 0000002C C=CODE    S=_TEXT    G=(none)   M=C:\WORK\FWH\LIB\FIVEHC.LIB|CREATEPA ACBP=A9
 0001:00056EB4 0000002C C=CODE    S=_TEXT    G=(none)   M=C:\WORK\FWH\LIB\FIVEHC.LIB|CREATEPE ACBP=A9
 0001:00056EE0 00000096 C=CODE    S=_TEXT    G=(none)   M=C:\WORK\FWH\LIB\FIVEHC.LIB|CREATESO ACBP=A9
 0001:00056F78 000000D6 C=CODE    S=_TEXT    G=(none)   M=C:\WORK\FWH\LIB\FIVEHC.LIB|CREATWND ACBP=A9
 0001:00057050 000002FE C=CODE    S=_TEXT    G=(none)   M=C:\WORK\FWH\LIB\FIVEHC.LIB|CTL3D ACBP=A9
 0001:00057350 000001E4 C=CODE    S=_TEXT    G=(none)   M=C:\WORK\FWH\LIB\FIVEHC.LIB|CTRL2CHR ACBP=A9
 0001:00057534 00000793 C=CODE    S=_TEXT    G=(none)   M=C:\WORK\FWH\LIB\FIVEHC.LIB|CTRLDRAW ACBP=A9
 0001:00057CC8 00000ACC C=CODE    S=_TEXT    G=(none)   M=C:\WORK\FWH\LIB\FIVEHC.LIB|CURSORS ACBP=A9
 0001:00058794 0000014E C=CODE    S=_TEXT    G=(none)   M=C:\WORK\FWH\LIB\FIVEHC.LIB|DATEPICK ACBP=A9
 0001:000588E4 0000072E C=CODE    S=_TEXT    G=(none)   M=C:\WORK\FWH\LIB\FIVEHC.LIB|DC ACBP=A9
 0001:00059014 0000007A C=CODE    S=_TEXT    G=(none)   M=C:\WORK\FWH\LIB\FIVEHC.LIB|DDEXC ACBP=A9
 0001:00059090 00000070 C=CODE    S=_TEXT    G=(none)   M=C:\WORK\FWH\LIB\FIVEHC.LIB|DELOBJEC ACBP=A9
 0001:00059100 000000A1 C=CODE    S=_TEXT    G=(none)   M=C:\WORK\FWH\LIB\FIVEHC.LIB|DESKTOP ACBP=A9
 0001:000591A4 0000021D C=CODE    S=_TEXT    G=(none)   M=C:\WORK\FWH\LIB\FIVEHC.LIB|DEVICE ACBP=A9
 0001:000593C4 00000558 C=CODE    S=_TEXT    G=(none)   M=C:\WORK\FWH\LIB\FIVEHC.LIB|DIB ACBP=A9
 0001:0005991C 000003C9 C=CODE    S=_TEXT    G=(none)   M=C:\WORK\FWH\LIB\FIVEHC.LIB|DIBBMP ACBP=A9
 0001:00059CE8 000001E0 C=CODE    S=_TEXT    G=(none)   M=C:\WORK\FWH\LIB\FIVEHC.LIB|DLG2CHR ACBP=A9
 0001:00059EC8 00000034 C=CODE    S=_TEXT    G=(none)   M=C:\WORK\FWH\LIB\FIVEHC.LIB|DLL ACBP=A9
 0001:00059EFC 000002E3 C=CODE    S=_TEXT    G=(none)   M=C:\WORK\FWH\LIB\FIVEHC.LIB|DLOGBOX ACBP=A9
 0001:0005A1E0 000002B5 C=CODE    S=_TEXT    G=(none)   M=C:\WORK\FWH\LIB\FIVEHC.LIB|DOTS ACBP=A9
 0001:0005A498 00000661 C=CODE    S=_TEXT    G=(none)   M=C:\WORK\FWH\LIB\FIVEHC.LIB|DRAWING ACBP=A9
 0001:0005AAFC 00000106 C=CODE    S=_TEXT    G=(none)   M=C:\WORK\FWH\LIB\FIVEHC.LIB|DRAWITEM ACBP=A9
 0001:0005AC04 000000D8 C=CODE    S=_TEXT    G=(none)   M=C:\WORK\FWH\LIB\FIVEHC.LIB|DRIVES ACBP=A9
 0001:0005ACDC 000000E8 C=CODE    S=_TEXT    G=(none)   M=C:\WORK\FWH\LIB\FIVEHC.LIB|DROPFILE ACBP=A9
 0001:0005ADC4 0000025C C=CODE    S=_TEXT    G=(none)   M=C:\WORK\FWH\LIB\FIVEHC.LIB|FGETCLIP ACBP=A9
 0001:0005B020 00001395 C=CODE    S=_TEXT    G=(none)   M=C:\WORK\FWH\LIB\FIVEHC.LIB|FGETLINE ACBP=A9
 0001:0005C3B8 000000A9 C=CODE    S=_TEXT    G=(none)   M=C:\WORK\FWH\LIB\FIVEHC.LIB|FINDTEXT ACBP=A9
 0001:0005C464 00000BD2 C=CODE    S=_TEXT    G=(none)   M=C:\WORK\FWH\LIB\FIVEHC.LIB|FONTS ACBP=A9
 0001:0005D038 000002DF C=CODE    S=_TEXT    G=(none)   M=C:\WORK\FWH\LIB\FIVEHC.LIB|FTEXT ACBP=A9
 0001:0005D318 00000556 C=CODE    S=_TEXT    G=(none)   M=C:\WORK\FWH\LIB\FIVEHC.LIB|FWARRAY ACBP=A9
 0001:0005D870 00001B69 C=CODE    S=_TEXT    G=(none)   M=C:\WORK\FWH\LIB\FIVEHC.LIB|FWBMP ACBP=A9
 0001:0005F3DC 000002DA C=CODE    S=_TEXT    G=(none)   M=C:\WORK\FWH\LIB\FIVEHC.LIB|FWPALCTL ACBP=A9
 0001:0005F6B8 000001E1 C=CODE    S=_TEXT    G=(none)   M=C:\WORK\FWH\LIB\FIVEHC.LIB|FWSTR ACBP=A9
 0001:0005F89C 00000278 C=CODE    S=_TEXT    G=(none)   M=C:\WORK\FWH\LIB\FIVEHC.LIB|GETDIR ACBP=A9
 0001:0005FB14 0000006C C=CODE    S=_TEXT    G=(none)   M=C:\WORK\FWH\LIB\FIVEHC.LIB|GETDLGIT ACBP=A9
 0001:0005FB80 00000846 C=CODE    S=_TEXT    G=(none)   M=C:\WORK\FWH\LIB\FIVEHC.LIB|GETFILE ACBP=A9
 0001:000603C8 000000DF C=CODE    S=_TEXT    G=(none)   M=C:\WORK\FWH\LIB\FIVEHC.LIB|GETPROCA ACBP=A9
 0001:000604A8 0000005E C=CODE    S=_TEXT    G=(none)   M=C:\WORK\FWH\LIB\FIVEHC.LIB|GETSTKOB ACBP=A9
 0001:00060508 0000027B C=CODE    S=_TEXT    G=(none)   M=C:\WORK\FWH\LIB\FIVEHC.LIB|GETTEXT ACBP=A9
 0001:00060784 0000018B C=CODE    S=_TEXT    G=(none)   M=C:\WORK\FWH\LIB\FIVEHC.LIB|GETTEXTW ACBP=A9
 0001:00060910 000000C4 C=CODE    S=_TEXT    G=(none)   M=C:\WORK\FWH\LIB\FIVEHC.LIB|GETWND ACBP=A9
 0001:000609D4 000004AA C=CODE    S=_TEXT    G=(none)   M=C:\WORK\FWH\LIB\FIVEHC.LIB|HANDLIST ACBP=A9
 0001:00060E80 0000026E C=CODE    S=_TEXT    G=(none)   M=C:\WORK\FWH\LIB\FIVEHC.LIB|HELP ACBP=A9
 0001:000610F0 000000EA C=CODE    S=_TEXT    G=(none)   M=C:\WORK\FWH\LIB\FIVEHC.LIB|HEX2DEC ACBP=A9
 0001:000611DC 000000D4 C=CODE    S=_TEXT    G=(none)   M=C:\WORK\FWH\LIB\FIVEHC.LIB|HILOWORD ACBP=A9
 0001:000612B0 00000CA2 C=CODE    S=_TEXT    G=(none)   M=C:\WORK\FWH\LIB\FIVEHC.LIB|ICONS ACBP=A9
 0001:00061F54 000001FF C=CODE    S=_TEXT    G=(none)   M=C:\WORK\FWH\LIB\FIVEHC.LIB|IMAGELIS ACBP=A9
 0001:00062154 00000119 C=CODE    S=_TEXT    G=(none)   M=C:\WORK\FWH\LIB\FIVEHC.LIB|INSTANCE ACBP=A9
 0001:00062270 000001F9 C=CODE    S=_TEXT    G=(none)   M=C:\WORK\FWH\LIB\FIVEHC.LIB|KEYBRD ACBP=A9
 0001:0006246C 00000123 C=CODE    S=_TEXT    G=(none)   M=C:\WORK\FWH\LIB\FIVEHC.LIB|LBX ACBP=A9
 0001:00062590 00000526 C=CODE    S=_TEXT    G=(none)   M=C:\WORK\FWH\LIB\FIVEHC.LIB|LISTVIEW ACBP=A9
 0001:00062AB8 000000B1 C=CODE    S=_TEXT    G=(none)   M=C:\WORK\FWH\LIB\FIVEHC.LIB|LOADBMP ACBP=A9
 0001:00062B6C 00000034 C=CODE    S=_TEXT    G=(none)   M=C:\WORK\FWH\LIB\FIVEHC.LIB|MAKELONG ACBP=A9
 0001:00062BA0 00000F19 C=CODE    S=_TEXT    G=(none)   M=C:\WORK\FWH\LIB\FIVEHC.LIB|MAPI ACBP=A9
 0001:00063ABC 00000304 C=CODE    S=_TEXT    G=(none)   M=C:\WORK\FWH\LIB\FIVEHC.LIB|MDI ACBP=A9
 0001:00063DC0 000001BE C=CODE    S=_TEXT    G=(none)   M=C:\WORK\FWH\LIB\FIVEHC.LIB|MEM ACBP=A9
 0001:00063F80 00002DAF C=CODE    S=_TEXT    G=(none)   M=C:\WORK\FWH\LIB\FIVEHC.LIB|MENUDRAW ACBP=A9
 0001:00066D30 00000855 C=CODE    S=_TEXT    G=(none)   M=C:\WORK\FWH\LIB\FIVEHC.LIB|MENUS ACBP=A9
 0001:00067588 000002B8 C=CODE    S=_TEXT    G=(none)   M=C:\WORK\FWH\LIB\FIVEHC.LIB|METAFI32 ACBP=A9
 0001:00067840 0000032E C=CODE    S=_TEXT    G=(none)   M=C:\WORK\FWH\LIB\FIVEHC.LIB|METAFILE ACBP=A9
 0001:00067B70 00000181 C=CODE    S=_TEXT    G=(none)   M=C:\WORK\FWH\LIB\FIVEHC.LIB|MGETCREA ACBP=A9
 0001:00067CF4 00000293 C=CODE    S=_TEXT    G=(none)   M=C:\WORK\FWH\LIB\FIVEHC.LIB|MKDIR ACBP=A9
 0001:00067F88 000000C8 C=CODE    S=_TEXT    G=(none)   M=C:\WORK\FWH\LIB\FIVEHC.LIB|MOVETO ACBP=A9
 0001:00068050 0000001F C=CODE    S=_TEXT    G=(none)   M=C:\WORK\FWH\LIB\FIVEHC.LIB|MSGBEEP ACBP=A9
 0001:00068070 000006BD C=CODE    S=_TEXT    G=(none)   M=C:\WORK\FWH\LIB\FIVEHC.LIB|MSGS ACBP=A9
 0001:00068730 000003B6 C=CODE    S=_TEXT    G=(none)   M=C:\WORK\FWH\LIB\FIVEHC.LIB|MSGSAPI ACBP=A9
 0001:00068AE8 0000040C C=CODE    S=_TEXT    G=(none)   M=C:\WORK\FWH\LIB\FIVEHC.LIB|MSGTOOLS ACBP=A9
 0001:00068EF4 00000A02 C=CODE    S=_TEXT    G=(none)   M=C:\WORK\FWH\LIB\FIVEHC.LIB|NONCLIENT ACBP=A9
 0001:000698F8 0000006D C=CODE    S=_TEXT    G=(none)   M=C:\WORK\FWH\LIB\FIVEHC.LIB|NOTIFY ACBP=A9
 0001:00069968 000001D5 C=CODE    S=_TEXT    G=(none)   M=C:\WORK\FWH\LIB\FIVEHC.LIB|OEMANSI ACBP=A9
 0001:00069B40 00000079 C=CODE    S=_TEXT    G=(none)   M=C:\WORK\FWH\LIB\FIVEHC.LIB|ONOFFBMP ACBP=A9
 0001:00069BBC 000001EF C=CODE    S=_TEXT    G=(none)   M=C:\WORK\FWH\LIB\FIVEHC.LIB|OR ACBP=A9
 0001:00069DAC 00000058 C=CODE    S=_TEXT    G=(none)   M=C:\WORK\FWH\LIB\FIVEHC.LIB|PAINT ACBP=A9
 0001:00069E04 0000005C C=CODE    S=_TEXT    G=(none)   M=C:\WORK\FWH\LIB\FIVEHC.LIB|PEEKMSG ACBP=A9
 0001:00069E60 00000C84 C=CODE    S=_TEXT    G=(none)   M=C:\WORK\FWH\LIB\FIVEHC.LIB|PRINTDC ACBP=A9
 0001:0006AAE4 00000215 C=CODE    S=_TEXT    G=(none)   M=C:\WORK\FWH\LIB\FIVEHC.LIB|PROFILE ACBP=A9
 0001:0006ACFC 0000074F C=CODE    S=_TEXT    G=(none)   M=C:\WORK\FWH\LIB\FIVEHC.LIB|RECTS ACBP=A9
 0001:0006B44C 0000010D C=CODE    S=_TEXT    G=(none)   M=C:\WORK\FWH\LIB\FIVEHC.LIB|REGCLASS ACBP=A9
 0001:0006B55C 00000391 C=CODE    S=_TEXT    G=(none)   M=C:\WORK\FWH\LIB\FIVEHC.LIB|REGEDIT ACBP=A9
 0001:0006B8F0 00000429 C=CODE    S=_TEXT    G=(none)   M=C:\WORK\FWH\LIB\FIVEHC.LIB|REGIONS ACBP=A9
 0001:0006BD1C 000002B5 C=CODE    S=_TEXT    G=(none)   M=C:\WORK\FWH\LIB\FIVEHC.LIB|RESOURCE ACBP=A9
 0001:0006BFD4 00001A15 C=CODE    S=_TEXT    G=(none)   M=C:\WORK\FWH\LIB\FIVEHC.LIB|RIBBON ACBP=A9
 0001:0006D9EC 0000212C C=CODE    S=_TEXT    G=(none)   M=C:\WORK\FWH\LIB\FIVEHC.LIB|RICHEDIT ACBP=A9
 0001:0006FB18 0000365E C=CODE    S=_TEXT    G=(none)   M=C:\WORK\FWH\LIB\FIVEHC.LIB|RICHEDI5 ACBP=A9
 0001:00073178 000003CA C=CODE    S=_TEXT    G=(none)   M=C:\WORK\FWH\LIB\FIVEHC.LIB|SAVEICON ACBP=A9
 0001:00073544 00000A59 C=CODE    S=_TEXT    G=(none)   M=C:\WORK\FWH\LIB\FIVEHC.LIB|SCINTILC ACBP=A9
 0001:00073FA0 000001EC C=CODE    S=_TEXT    G=(none)   M=C:\WORK\FWH\LIB\FIVEHC.LIB|SCROLL ACBP=A9
 0001:0007418C 00000023 C=CODE    S=_TEXT    G=(none)   M=C:\WORK\FWH\LIB\FIVEHC.LIB|SELOBJEC ACBP=A9
 0001:000741B0 00000057 C=CODE    S=_TEXT    G=(none)   M=C:\WORK\FWH\LIB\FIVEHC.LIB|SETMAPMO ACBP=A9
 0001:00074208 0000005B C=CODE    S=_TEXT    G=(none)   M=C:\WORK\FWH\LIB\FIVEHC.LIB|SETTEXT ACBP=A9
 0001:00074264 000002CC C=CODE    S=_TEXT    G=(none)   M=C:\WORK\FWH\LIB\FIVEHC.LIB|STRTOKEN ACBP=A9
 0001:00074530 000002BD C=CODE    S=_TEXT    G=(none)   M=C:\WORK\FWH\LIB\FIVEHC.LIB|TABCTRL ACBP=A9
 0001:000747F0 000002E7 C=CODE    S=_TEXT    G=(none)   M=C:\WORK\FWH\LIB\FIVEHC.LIB|TABCTRLW ACBP=A9
 0001:00074AD8 00000AF9 C=CODE    S=_TEXT    G=(none)   M=C:\WORK\FWH\LIB\FIVEHC.LIB|TEXT ACBP=A9
 0001:000755D4 00001062 C=CODE    S=_TEXT    G=(none)   M=C:\WORK\FWH\LIB\FIVEHC.LIB|THEMES ACBP=A9
 0001:00076638 000000CB C=CODE    S=_TEXT    G=(none)   M=C:\WORK\FWH\LIB\FIVEHC.LIB|TIMEPICK ACBP=A9
 0001:00076704 00000069 C=CODE    S=_TEXT    G=(none)   M=C:\WORK\FWH\LIB\FIVEHC.LIB|TIMERS ACBP=A9
 0001:00076770 00000346 C=CODE    S=_TEXT    G=(none)   M=C:\WORK\FWH\LIB\FIVEHC.LIB|TOOLTIPW ACBP=A9
 0001:00076AB8 00000240 C=CODE    S=_TEXT    G=(none)   M=C:\WORK\FWH\LIB\FIVEHC.LIB|TOOLTIPA ACBP=A9
 0001:00076CF8 000002DE C=CODE    S=_TEXT    G=(none)   M=C:\WORK\FWH\LIB\FIVEHC.LIB|TOUCH ACBP=A9
 0001:00076FD8 00000551 C=CODE    S=_TEXT    G=(none)   M=C:\WORK\FWH\LIB\FIVEHC.LIB|TREEVIEW ACBP=A9
 0001:0007752C 00001261 C=CODE    S=_TEXT    G=(none)   M=C:\WORK\FWH\LIB\FIVEHC.LIB|UNICODE ACBP=A9
 0001:00078790 00000035 C=CODE    S=_TEXT    G=(none)   M=C:\WORK\FWH\LIB\FIVEHC.LIB|WIN2000 ACBP=A9
 0001:000787C8 000001B6 C=CODE    S=_TEXT    G=(none)   M=C:\WORK\FWH\LIB\FIVEHC.LIB|WINDOWS ACBP=A9
 0001:00078980 0000021C C=CODE    S=_TEXT    G=(none)   M=C:\WORK\FWH\LIB\FIVEHC.LIB|WINEXEC ACBP=A9
 0001:00078B9C 000000A9 C=CODE    S=_TEXT    G=(none)   M=C:\WORK\FWH\LIB\FIVEHC.LIB|WMOUSE ACBP=A9
 0001:00078C48 00000760 C=CODE    S=_TEXT    G=(none)   M=C:\WORK\FWH\LIB\FIVEHC.LIB|WNDBOXES ACBP=A9
 0001:000793A8 00000250 C=CODE    S=_TEXT    G=(none)   M=C:\WORK\FWH\LIB\FIVEHC.LIB|WNDCENTE ACBP=A9
 0001:000795F8 00000033 C=CODE    S=_TEXT    G=(none)   M=C:\WORK\FWH\LIB\FIVEHC.LIB|WNDDESTR ACBP=A9
 0001:0007962C 000005CF C=CODE    S=_TEXT    G=(none)   M=C:\WORK\FWH\LIB\FIVEHC.LIB|WNDIS ACBP=A9
 0001:00079BFC 0000007B C=CODE    S=_TEXT    G=(none)   M=C:\WORK\FWH\LIB\FIVEHC.LIB|WNDISOVE ACBP=A9
 0001:00079C78 00000B95 C=CODE    S=_TEXT    G=(none)   M=C:\WORK\FWH\LIB\FIVEHC.LIB|WNDMOVE ACBP=A9
 0001:0007A810 000000D1 C=CODE    S=_TEXT    G=(none)   M=C:\WORK\FWH\LIB\FIVEHC.LIB|WNDPOS ACBP=A9
 0001:0007A8E4 000001BA C=CODE    S=_TEXT    G=(none)   M=C:\WORK\FWH\LIB\FIVEHC.LIB|WNDPRINT ACBP=A9
 0001:0007AAA0 0000039C C=CODE    S=_TEXT    G=(none)   M=C:\WORK\FWH\LIB\FIVEHC.LIB|WNDSAY ACBP=A9
 0001:0007AE3C 00000270 C=CODE    S=_TEXT    G=(none)   M=C:\WORK\FWH\LIB\FIVEHC.LIB|WNDSCROL ACBP=A9
 0001:0007B0AC 0000003B C=CODE    S=_TEXT    G=(none)   M=C:\WORK\FWH\LIB\FIVEHC.LIB|WNDUPDAT ACBP=A9
 0001:0007B0E8 0000029A C=CODE    S=_TEXT    G=(none)   M=C:\WORK\FWH\LIB\FIVEHC.LIB|XBROWSEC ACBP=A9
 0001:0007B384 00000141 C=CODE    S=_TEXT    G=(none)   M=C:\WORK\HARBOUR\LIB\HBPCRE.LIB|pcreconf ACBP=A9
 0001:0007B4C5 00000044 C=CODE    S=_TEXT    G=(none)   M=C:\WORK\HARBOUR\LIB\HBPCRE.LIB|pcreglob ACBP=A9
 0001:0007B4C8 00000184 C=CODE    S=_TEXT    G=(none)   M=C:\WORK\HARBOUR\LIB\HBRTL.LIB|abs ACBP=A9
 0001:0007B64C 00000323 C=CODE    S=_TEXT    G=(none)   M=C:\WORK\HARBOUR\LIB\HBRTL.LIB|arc4 ACBP=A9
 0001:0007B970 00000228 C=CODE    S=_TEXT    G=(none)   M=C:\WORK\HARBOUR\LIB\HBRTL.LIB|at ACBP=A9
 0001:0007BB98 0000012C C=CODE    S=_TEXT    G=(none)   M=C:\WORK\HARBOUR\LIB\HBRTL.LIB|base64d ACBP=A9
 0001:0007BCC4 0000010A C=CODE    S=_TEXT    G=(none)   M=C:\WORK\HARBOUR\LIB\HBRTL.LIB|binnum ACBP=A9
 0001:0007BDD0 0000471E C=CODE    S=_TEXT    G=(none)   M=C:\WORK\HARBOUR\LIB\HBRTL.LIB|cdpapi ACBP=A9
 0001:000804F0 00000CE2 C=CODE    S=_TEXT    G=(none)   M=C:\WORK\HARBOUR\LIB\HBRTL.LIB|cdpapihb ACBP=A9
 0001:000811D4 000000E3 C=CODE    S=_TEXT    G=(none)   M=C:\WORK\HARBOUR\LIB\HBRTL.LIB|chrasc ACBP=A9
 0001:000812B8 00000F49 C=CODE    S=_TEXT    G=(none)   M=C:\WORK\HARBOUR\LIB\HBRTL.LIB|chruni ACBP=A9
 0001:00082204 000000AB C=CODE    S=_TEXT    G=(none)   M=C:\WORK\HARBOUR\LIB\HBRTL.LIB|colorind ACBP=A9
 0001:000822B0 00000B55 C=CODE    S=_TEXT    G=(none)   M=C:\WORK\HARBOUR\LIB\HBRTL.LIB|console ACBP=A9
 0001:00082E08 000000E4 C=CODE    S=_TEXT    G=(none)   M=C:\WORK\HARBOUR\LIB\HBRTL.LIB|cputime ACBP=A9
 0001:00082EEC 00000175 C=CODE    S=_TEXT    G=(none)   M=C:\WORK\HARBOUR\LIB\HBRTL.LIB|datec ACBP=A9
 0001:00083064 00000B22 C=CODE    S=_TEXT    G=(none)   M=C:\WORK\HARBOUR\LIB\HBRTL.LIB|dates ACBP=A9
 0001:00083B88 00000F57 C=CODE    S=_TEXT    G=(none)   M=C:\WORK\HARBOUR\LIB\HBRTL.LIB|dateshb ACBP=A9
 0001:00084AE0 00000032 C=CODE    S=_TEXT    G=(none)   M=C:\WORK\HARBOUR\LIB\HBRTL.LIB|datesx ACBP=A9
 0001:00084B14 000001BC C=CODE    S=_TEXT    G=(none)   M=C:\WORK\HARBOUR\LIB\HBRTL.LIB|dirdrive ACBP=A9
 0001:00084CD0 000001B4 C=CODE    S=_TEXT    G=(none)   M=C:\WORK\HARBOUR\LIB\HBRTL.LIB|direct ACBP=A9
 0001:00084E84 0000039B C=CODE    S=_TEXT    G=(none)   M=C:\WORK\HARBOUR\LIB\HBRTL.LIB|disksphb ACBP=A9
 0001:00085220 000000F6 C=CODE    S=_TEXT    G=(none)   M=C:\WORK\HARBOUR\LIB\HBRTL.LIB|do ACBP=A9
 0001:00085318 00000234 C=CODE    S=_TEXT    G=(none)   M=C:\WORK\HARBOUR\LIB\HBRTL.LIB|empty ACBP=A9
 0001:0008554C 00001517 C=CODE    S=_TEXT    G=(none)   M=C:\WORK\HARBOUR\LIB\HBRTL.LIB|errapi ACBP=A9
 0001:00086A64 00000046 C=CODE    S=_TEXT    G=(none)   M=C:\WORK\HARBOUR\LIB\HBRTL.LIB|errint ACBP=A9
 0001:00086AAC 000002D4 C=CODE    S=_TEXT    G=(none)   M=C:\WORK\HARBOUR\LIB\HBRTL.LIB|errintlo ACBP=A9
 0001:00086D80 000000E1 C=CODE    S=_TEXT    G=(none)   M=C:\WORK\HARBOUR\LIB\HBRTL.LIB|file ACBP=A9
 0001:00086E64 000016F0 C=CODE    S=_TEXT    G=(none)   M=C:\WORK\HARBOUR\LIB\HBRTL.LIB|filebuf ACBP=A9
 0001:00088554 00000027 C=CODE    S=_TEXT    G=(none)   M=C:\WORK\HARBOUR\LIB\HBRTL.LIB|filehb ACBP=A9
 0001:0008857C 000023D7 C=CODE    S=_TEXT    G=(none)   M=C:\WORK\HARBOUR\LIB\HBRTL.LIB|filesys ACBP=A9
 0001:0008A954 00000017 C=CODE    S=_TEXT    G=(none)   M=C:\WORK\HARBOUR\LIB\HBRTL.LIB|fmhb ACBP=A9
 0001:0008A96C 0000009C C=CODE    S=_TEXT    G=(none)   M=C:\WORK\HARBOUR\LIB\HBRTL.LIB|fnsplit ACBP=A9
 0001:0008AA08 00000172 C=CODE    S=_TEXT    G=(none)   M=C:\WORK\HARBOUR\LIB\HBRTL.LIB|fscopy ACBP=A9
 0001:0008AB7C 000000CA C=CODE    S=_TEXT    G=(none)   M=C:\WORK\HARBOUR\LIB\HBRTL.LIB|fserr ACBP=A9
 0001:0008AC48 000003C6 C=CODE    S=_TEXT    G=(none)   M=C:\WORK\HARBOUR\LIB\HBRTL.LIB|fslink ACBP=A9
 0001:0008B010 0000018B C=CODE    S=_TEXT    G=(none)   M=C:\WORK\HARBOUR\LIB\HBRTL.LIB|fssize ACBP=A9
 0001:0008B19C 000003FF C=CODE    S=_TEXT    G=(none)   M=C:\WORK\HARBOUR\LIB\HBRTL.LIB|fstemp ACBP=A9
 0001:0008B59C 000000DC C=CODE    S=_TEXT    G=(none)   M=C:\WORK\HARBOUR\LIB\HBRTL.LIB|gete ACBP=A9
 0001:0008B678 000011D2 C=CODE    S=_TEXT    G=(none)   M=C:\WORK\HARBOUR\LIB\HBRTL.LIB|gtapi ACBP=A9
 0001:0008C84C 00000355 C=CODE    S=_TEXT    G=(none)   M=C:\WORK\HARBOUR\LIB\HBRTL.LIB|gtclip ACBP=A9
 0001:0008CBA4 00000225 C=CODE    S=_TEXT    G=(none)   M=C:\WORK\HARBOUR\LIB\HBRTL.LIB|gtkbstat ACBP=A9
 0001:0008CDCC 0000027C C=CODE    S=_TEXT    G=(none)   M=C:\WORK\HARBOUR\LIB\HBRTL.LIB|gttone ACBP=A9
 0001:0008D048 0000017F C=CODE    S=_TEXT    G=(none)   M=C:\WORK\HARBOUR\LIB\HBRTL.LIB|hbadler ACBP=A9
 0001:0008D1C8 000001F7 C=CODE    S=_TEXT    G=(none)   M=C:\WORK\HARBOUR\LIB\HBRTL.LIB|hbascii ACBP=A9
 0001:0008D3C0 0000030F C=CODE    S=_TEXT    G=(none)   M=C:\WORK\HARBOUR\LIB\HBRTL.LIB|hbbit ACBP=A9
 0001:0008D6D0 0000050A C=CODE    S=_TEXT    G=(none)   M=C:\WORK\HARBOUR\LIB\HBRTL.LIB|hbcrc ACBP=A9
 0001:0008DBDC 0000019A C=CODE    S=_TEXT    G=(none)   M=C:\WORK\HARBOUR\LIB\HBRTL.LIB|hbdef ACBP=A9
 0001:0008DD78 00000047 C=CODE    S=_TEXT    G=(none)   M=C:\WORK\HARBOUR\LIB\HBRTL.LIB|hbfile ACBP=A9
 0001:0008DDC0 00000149 C=CODE    S=_TEXT    G=(none)   M=C:\WORK\HARBOUR\LIB\HBRTL.LIB|hbfilehc ACBP=A9
 0001:0008DF0C 00005068 C=CODE    S=_TEXT    G=(none)   M=C:\WORK\HARBOUR\LIB\HBRTL.LIB|hbgtcore ACBP=A9
 0001:00092F74 000003D2 C=CODE    S=_TEXT    G=(none)   M=C:\WORK\HARBOUR\LIB\HBRTL.LIB|hbhex ACBP=A9
 0001:00093348 00001852 C=CODE    S=_TEXT    G=(none)   M=C:\WORK\HARBOUR\LIB\HBRTL.LIB|hbi18n1 ACBP=A9
 0001:00094B9C 00001088 C=CODE    S=_TEXT    G=(none)   M=C:\WORK\HARBOUR\LIB\HBRTL.LIB|hbjson ACBP=A9
 0001:00095C24 0000016A C=CODE    S=_TEXT    G=(none)   M=C:\WORK\HARBOUR\LIB\HBRTL.LIB|hbntos ACBP=A9
 0001:00095D90 00000092 C=CODE    S=_TEXT    G=(none)   M=C:\WORK\HARBOUR\LIB\HBRTL.LIB|hbrand ACBP=A9
 0001:00095E24 000002F4 C=CODE    S=_TEXT    G=(none)   M=C:\WORK\HARBOUR\LIB\HBRTL.LIB|hbrandom ACBP=A9
 0001:00096118 00000A56 C=CODE    S=_TEXT    G=(none)   M=C:\WORK\HARBOUR\LIB\HBRTL.LIB|hbregex ACBP=A9
 0001:00096B70 000001D1 C=CODE    S=_TEXT    G=(none)   M=C:\WORK\HARBOUR\LIB\HBRTL.LIB|hbregexc ACBP=A9
 0001:00096D44 000000AB C=CODE    S=_TEXT    G=(none)   M=C:\WORK\HARBOUR\LIB\HBRTL.LIB|hbstrsh ACBP=A9
 0001:00096DF0 00000773 C=CODE    S=_TEXT    G=(none)   M=C:\WORK\HARBOUR\LIB\HBRTL.LIB|hbtoken ACBP=A9
 0001:00097564 000000BE C=CODE    S=_TEXT    G=(none)   M=C:\WORK\HARBOUR\LIB\HBRTL.LIB|hbzlibc ACBP=A9
 0001:00097624 00000322 C=CODE    S=_TEXT    G=(none)   M=C:\WORK\HARBOUR\LIB\HBRTL.LIB|idle ACBP=A9
 0001:00097948 00000507 C=CODE    S=_TEXT    G=(none)   M=C:\WORK\HARBOUR\LIB\HBRTL.LIB|inkey ACBP=A9
 0001:00097E50 000005DF C=CODE    S=_TEXT    G=(none)   M=C:\WORK\HARBOUR\LIB\HBRTL.LIB|inkeyapi ACBP=A9
 0001:00098430 000000B0 C=CODE    S=_TEXT    G=(none)   M=C:\WORK\HARBOUR\LIB\HBRTL.LIB|is ACBP=A9
 0001:000984E0 000031D2 C=CODE    S=_TEXT    G=(none)   M=C:\WORK\HARBOUR\LIB\HBRTL.LIB|itemseri ACBP=A9
 0001:0009B6B4 000004CD C=CODE    S=_TEXT    G=(none)   M=C:\WORK\HARBOUR\LIB\HBRTL.LIB|langapi ACBP=A9
 0001:0009BB84 000001BA C=CODE    S=_TEXT    G=(none)   M=C:\WORK\HARBOUR\LIB\HBRTL.LIB|left ACBP=A9
 0001:0009BD40 00000096 C=CODE    S=_TEXT    G=(none)   M=C:\WORK\HARBOUR\LIB\HBRTL.LIB|len ACBP=A9
 0001:0009BDD8 00000984 C=CODE    S=_TEXT    G=(none)   M=C:\WORK\HARBOUR\LIB\HBRTL.LIB|math ACBP=A9
 0001:0009C75C 0000007F C=CODE    S=_TEXT    G=(none)   M=C:\WORK\HARBOUR\LIB\HBRTL.LIB|maxrow ACBP=A9
 0001:0009C7DC 00000154 C=CODE    S=_TEXT    G=(none)   M=C:\WORK\HARBOUR\LIB\HBRTL.LIB|memofile ACBP=A9
 0001:0009C930 000003A0 C=CODE    S=_TEXT    G=(none)   M=C:\WORK\HARBOUR\LIB\HBRTL.LIB|minmax ACBP=A9
 0001:0009CCD0 00000CBB C=CODE    S=_TEXT    G=(none)   M=C:\WORK\HARBOUR\LIB\HBRTL.LIB|mlcfunc ACBP=A9
 0001:0009D98C 0000005F C=CODE    S=_TEXT    G=(none)   M=C:\WORK\HARBOUR\LIB\HBRTL.LIB|net ACBP=A9
 0001:0009D9EC 00000067 C=CODE    S=_TEXT    G=(none)   M=C:\WORK\HARBOUR\LIB\HBRTL.LIB|netusr ACBP=A9
 0001:0009DA54 00000006 C=CODE    S=_TEXT    G=(none)   M=C:\WORK\HARBOUR\LIB\HBRTL.LIB|pad ACBP=A9
 0001:0009DA5C 000004A9 C=CODE    S=_TEXT    G=(none)   M=C:\WORK\HARBOUR\LIB\HBRTL.LIB|padx ACBP=A9
 0001:0009DF08 00000BF0 C=CODE    S=_TEXT    G=(none)   M=C:\WORK\HARBOUR\LIB\HBRTL.LIB|philes ACBP=A9
 0001:0009EAF8 000001EF C=CODE    S=_TEXT    G=(none)   M=C:\WORK\HARBOUR\LIB\HBRTL.LIB|rat ACBP=A9
 0001:0009ECE8 00000140 C=CODE    S=_TEXT    G=(none)   M=C:\WORK\HARBOUR\LIB\HBRTL.LIB|replic ACBP=A9
 0001:0009EE28 000000D1 C=CODE    S=_TEXT    G=(none)   M=C:\WORK\HARBOUR\LIB\HBRTL.LIB|right ACBP=A9
 0001:0009EEFC 0000010E C=CODE    S=_TEXT    G=(none)   M=C:\WORK\HARBOUR\LIB\HBRTL.LIB|round ACBP=A9
 0001:0009F00C 00000074 C=CODE    S=_TEXT    G=(none)   M=C:\WORK\HARBOUR\LIB\HBRTL.LIB|seconds ACBP=A9
 0001:0009F080 00000119 C=CODE    S=_TEXT    G=(none)   M=C:\WORK\HARBOUR\LIB\HBRTL.LIB|setcolor ACBP=A9
 0001:0009F19C 00000057 C=CODE    S=_TEXT    G=(none)   M=C:\WORK\HARBOUR\LIB\HBRTL.LIB|setcurs ACBP=A9
 0001:0009F1F4 000005BD C=CODE    S=_TEXT    G=(none)   M=C:\WORK\HARBOUR\LIB\HBRTL.LIB|setkey ACBP=A9
 0001:0009F7B4 00000097 C=CODE    S=_TEXT    G=(none)   M=C:\WORK\HARBOUR\LIB\HBRTL.LIB|setpos ACBP=A9
 0001:0009F84C 0000002B C=CODE    S=_TEXT    G=(none)   M=C:\WORK\HARBOUR\LIB\HBRTL.LIB|setposbs ACBP=A9
 0001:0009F878 00000066 C=CODE    S=_TEXT    G=(none)   M=C:\WORK\HARBOUR\LIB\HBRTL.LIB|space ACBP=A9
 0001:0009F8E0 000002FA C=CODE    S=_TEXT    G=(none)   M=C:\WORK\HARBOUR\LIB\HBRTL.LIB|spfiles ACBP=A9
 0001:0009FBDC 0000008E C=CODE    S=_TEXT    G=(none)   M=C:\WORK\HARBOUR\LIB\HBRTL.LIB|str ACBP=A9
 0001:0009FC6C 000000C0 C=CODE    S=_TEXT    G=(none)   M=C:\WORK\HARBOUR\LIB\HBRTL.LIB|strcase ACBP=A9
 0001:0009FD2C 0000012F C=CODE    S=_TEXT    G=(none)   M=C:\WORK\HARBOUR\LIB\HBRTL.LIB|strmatch ACBP=A9
 0001:0009FE5C 000004C8 C=CODE    S=_TEXT    G=(none)   M=C:\WORK\HARBOUR\LIB\HBRTL.LIB|strrepl ACBP=A9
 0001:000A0324 00000185 C=CODE    S=_TEXT    G=(none)   M=C:\WORK\HARBOUR\LIB\HBRTL.LIB|strtoexp ACBP=A9
 0001:000A04AC 00000264 C=CODE    S=_TEXT    G=(none)   M=C:\WORK\HARBOUR\LIB\HBRTL.LIB|strtran ACBP=A9
 0001:000A0710 000000EA C=CODE    S=_TEXT    G=(none)   M=C:\WORK\HARBOUR\LIB\HBRTL.LIB|strzero ACBP=A9
 0001:000A07FC 0000019A C=CODE    S=_TEXT    G=(none)   M=C:\WORK\HARBOUR\LIB\HBRTL.LIB|stuff ACBP=A9
 0001:000A0998 00000156 C=CODE    S=_TEXT    G=(none)   M=C:\WORK\HARBOUR\LIB\HBRTL.LIB|substr ACBP=A9
 0001:000A0AF0 00000058 C=CODE    S=_TEXT    G=(none)   M=C:\WORK\HARBOUR\LIB\HBRTL.LIB|tone ACBP=A9
 0001:000A0B48 00001520 C=CODE    S=_TEXT    G=(none)   M=C:\WORK\HARBOUR\LIB\HBRTL.LIB|transfrm ACBP=A9
 0001:000A2068 000001D1 C=CODE    S=_TEXT    G=(none)   M=C:\WORK\HARBOUR\LIB\HBRTL.LIB|trim ACBP=A9
 0001:000A223C 00000042 C=CODE    S=_TEXT    G=(none)   M=C:\WORK\HARBOUR\LIB\HBRTL.LIB|type ACBP=A9
 0001:000A2280 000000F5 C=CODE    S=_TEXT    G=(none)   M=C:\WORK\HARBOUR\LIB\HBRTL.LIB|val ACBP=A9
 0001:000A2378 00000064 C=CODE    S=_TEXT    G=(none)   M=C:\WORK\HARBOUR\LIB\HBRTL.LIB|valtostr ACBP=A9
 0001:000A23DC 0000027F C=CODE    S=_TEXT    G=(none)   M=C:\WORK\HARBOUR\LIB\HBRTL.LIB|valtype ACBP=A9
 0001:000A265C 000003CD C=CODE    S=_TEXT    G=(none)   M=C:\WORK\HARBOUR\LIB\HBRTL.LIB|version ACBP=A9
 0001:000A2A2C 00000FD7 C=CODE    S=_TEXT    G=(none)   M=C:\WORK\HARBOUR\LIB\HBRTL.LIB|vfile ACBP=A9
 0001:000A3A04 00000036 C=CODE    S=_TEXT    G=(none)   M=C:\WORK\HARBOUR\LIB\HBRTL.LIB|word ACBP=A9
 0001:000A3A3C 00000069 C=CODE    S=_TEXT    G=(none)   M=C:\WORK\HARBOUR\LIB\HBRTL.LIB|xhelp ACBP=A9
 0001:000A3AA8 00000673 C=CODE    S=_TEXT    G=(none)   M=C:\WORK\HARBOUR\LIB\HBRTL.LIB|gui ACBP=A9
 0001:000A411C 00002698 C=CODE    S=_TEXT    G=(none)   M=C:\WORK\HARBOUR\LIB\HBRTL.LIB|hbfilehi ACBP=A9
 0001:000A67B4 000033BE C=CODE    S=_TEXT    G=(none)   M=C:\WORK\HARBOUR\LIB\HBRTL.LIB|langcomp ACBP=A9
 0001:000A9B74 00001A43 C=CODE    S=_TEXT    G=(none)   M=C:\WORK\HARBOUR\LIB\HBRTL.LIB|objfunc ACBP=A9
 0001:000AB5B8 00003182 C=CODE    S=_TEXT    G=(none)   M=C:\WORK\HARBOUR\LIB\HBRTL.LIB|tclass ACBP=A9
 0001:000AE73C 000122D2 C=CODE    S=_TEXT    G=(none)   M=C:\WORK\HARBOUR\LIB\HBRTL.LIB|tget ACBP=A9
 0001:000C0A10 00000552 C=CODE    S=_TEXT    G=(none)   M=C:\WORK\HARBOUR\LIB\HBRTL.LIB|tobject ACBP=A9
 0001:000C0F64 00001DE5 C=CODE    S=_TEXT    G=(none)   M=C:\WORK\HARBOUR\LIB\HBRTL.LIB|valtoexp ACBP=A9
 0001:000C2D4C 0000E566 C=CODE    S=_TEXT    G=(none)   M=C:\WORK\HARBOUR\LIB\HBVM.LIB|hvm ACBP=A9
 0001:000D12B4 00001E2E C=CODE    S=_TEXT    G=(none)   M=C:\WORK\HARBOUR\LIB\HBVM.LIB|arrays ACBP=A9
 0001:000D30E4 000064C0 C=CODE    S=_TEXT    G=(none)   M=C:\WORK\HARBOUR\LIB\HBVM.LIB|classes ACBP=A9
 0001:000D95A4 000008A4 C=CODE    S=_TEXT    G=(none)   M=C:\WORK\HARBOUR\LIB\HBVM.LIB|dynsym ACBP=A9
 0001:000D9E48 00000308 C=CODE    S=_TEXT    G=(none)   M=C:\WORK\HARBOUR\LIB\HBVM.LIB|codebloc ACBP=A9
 0001:000DA150 00000C31 C=CODE    S=_TEXT    G=(none)   M=C:\WORK\HARBOUR\LIB\HBVM.LIB|estack ACBP=A9
 0001:000DAD84 00002A1C C=CODE    S=_TEXT    G=(none)   M=C:\WORK\HARBOUR\LIB\HBVM.LIB|extend ACBP=A9
 0001:000DD7A0 00004221 C=CODE    S=_TEXT    G=(none)   M=C:\WORK\HARBOUR\LIB\HBVM.LIB|fm ACBP=A9
 0001:000E19C4 00000733 C=CODE    S=_TEXT    G=(none)   M=C:\WORK\HARBOUR\LIB\HBVM.LIB|garbage ACBP=A9
 0001:000E20F8 00001777 C=CODE    S=_TEXT    G=(none)   M=C:\WORK\HARBOUR\LIB\HBVM.LIB|hashes ACBP=A9
 0001:000E3870 000031AC C=CODE    S=_TEXT    G=(none)   M=C:\WORK\HARBOUR\LIB\HBVM.LIB|itemapi ACBP=A9
 0001:000E6A1C 00001268 C=CODE    S=_TEXT    G=(none)   M=C:\WORK\HARBOUR\LIB\HBVM.LIB|strapi ACBP=A9
 0001:000E7C84 00001D0E C=CODE    S=_TEXT    G=(none)   M=C:\WORK\HARBOUR\LIB\HBVM.LIB|macro ACBP=A9
 0001:000E9994 0000173F C=CODE    S=_TEXT    G=(none)   M=C:\WORK\HARBOUR\LIB\HBVM.LIB|memvars ACBP=A9
 0001:000EB0D4 00003DEF C=CODE    S=_TEXT    G=(none)   M=C:\WORK\HARBOUR\LIB\HBVM.LIB|set ACBP=A9
 0001:000EEEC4 00000E4C C=CODE    S=_TEXT    G=(none)   M=C:\WORK\HARBOUR\LIB\HBVM.LIB|thread ACBP=A9
 0001:000EFD10 000007B0 C=CODE    S=_TEXT    G=(none)   M=C:\WORK\HARBOUR\LIB\HBVM.LIB|arrayshb ACBP=A9
 0001:000F04C0 00000651 C=CODE    S=_TEXT    G=(none)   M=C:\WORK\HARBOUR\LIB\HBVM.LIB|asort ACBP=A9
 0001:000F0B14 00000014 C=CODE    S=_TEXT    G=(none)   M=C:\WORK\HARBOUR\LIB\HBVM.LIB|break ACBP=A9
 0001:000F0B28 00000C26 C=CODE    S=_TEXT    G=(none)   M=C:\WORK\HARBOUR\LIB\HBVM.LIB|cmdarg ACBP=A9
 0001:000F1750 00000494 C=CODE    S=_TEXT    G=(none)   M=C:\WORK\HARBOUR\LIB\HBVM.LIB|debug ACBP=A9
 0001:000F1BE4 00000287 C=CODE    S=_TEXT    G=(none)   M=C:\WORK\HARBOUR\LIB\HBVM.LIB|dynlibhb ACBP=A9
 0001:000F1E6C 00000804 C=CODE    S=_TEXT    G=(none)   M=C:\WORK\HARBOUR\LIB\HBVM.LIB|eval ACBP=A9
 0001:000F2670 000004FD C=CODE    S=_TEXT    G=(none)   M=C:\WORK\HARBOUR\LIB\HBVM.LIB|extrap ACBP=A9
 0001:000F2B70 00001295 C=CODE    S=_TEXT    G=(none)   M=C:\WORK\HARBOUR\LIB\HBVM.LIB|hashfunc ACBP=A9
 0001:000F3E08 00000006 C=CODE    S=_TEXT    G=(none)   M=C:\WORK\HARBOUR\LIB\HBVM.LIB|initexit ACBP=A9
 0001:000F3E10 00000019 C=CODE    S=_TEXT    G=(none)   M=C:\WORK\HARBOUR\LIB\HBVM.LIB|initsymb ACBP=A9
 0001:000F3E2C 00000058 C=CODE    S=_TEXT    G=(none)   M=C:\WORK\HARBOUR\LIB\HBVM.LIB|pbyref ACBP=A9
 0001:000F3E84 0000001D C=CODE    S=_TEXT    G=(none)   M=C:\WORK\HARBOUR\LIB\HBVM.LIB|pcount ACBP=A9
 0001:000F3EA4 00000070 C=CODE    S=_TEXT    G=(none)   M=C:\WORK\HARBOUR\LIB\HBVM.LIB|pvalue ACBP=A9
 0001:000F3F14 00000006 C=CODE    S=_TEXT    G=(none)   M=C:\WORK\HARBOUR\LIB\HBVM.LIB|pvaluehb ACBP=A9
 0001:000F3F1C 00000508 C=CODE    S=_TEXT    G=(none)   M=C:\WORK\HARBOUR\LIB\HBVM.LIB|proc ACBP=A9
 0001:000F4424 00000F54 C=CODE    S=_TEXT    G=(none)   M=C:\WORK\HARBOUR\LIB\HBVM.LIB|runner ACBP=A9
 0001:000F5378 00000028 C=CODE    S=_TEXT    G=(none)   M=C:\WORK\HARBOUR\LIB\HBVM.LIB|mainwin ACBP=A9
 0001:000F53A0 00000084 C=CODE    S=_TEXT    G=(none)   M=C:\WORK\HARBOUR\LIB\HBVM.LIB|harbinit ACBP=A9
 0001:000F5424 000003C0 C=CODE    S=_TEXT    G=(none)   M=C:\WORK\HARBOUR\LIB\GTGUI.LIB|gtgui ACBP=A9
 0001:000F57E4 00001A9F C=CODE    S=_TEXT    G=(none)   M=C:\WORK\HARBOUR\LIB\HBMACRO.LIB|macroy ACBP=A9
 0001:000F7284 00000659 C=CODE    S=_TEXT    G=(none)   M=C:\WORK\HARBOUR\LIB\HBMACRO.LIB|macroa ACBP=A9
 0001:000F78E0 0000613C C=CODE    S=_TEXT    G=(none)   M=C:\WORK\HARBOUR\LIB\HBMACRO.LIB|macrob ACBP=A9
 0001:000FDA1C 000011ED C=CODE    S=_TEXT    G=(none)   M=C:\WORK\HARBOUR\LIB\HBMACRO.LIB|macrolex ACBP=A9
 0001:000FEC0C 00000F39 C=CODE    S=_TEXT    G=(none)   M=C:\WORK\HARBOUR\LIB\HBCOMMON.LIB|expropt1 ACBP=A9
 0001:000FFB48 000036A5 C=CODE    S=_TEXT    G=(none)   M=C:\WORK\HARBOUR\LIB\HBCOMMON.LIB|expropt2 ACBP=A9
 0001:001031F0 000001C5 C=CODE    S=_TEXT    G=(none)   M=C:\WORK\HARBOUR\LIB\HBCOMMON.LIB|funcid ACBP=A9
 0001:001033B8 000018FE C=CODE    S=_TEXT    G=(none)   M=C:\WORK\HARBOUR\LIB\HBCOMMON.LIB|hbdate ACBP=A9
 0001:00104CB8 0000070B C=CODE    S=_TEXT    G=(none)   M=C:\WORK\HARBOUR\LIB\HBCOMMON.LIB|hbffind ACBP=A9
 0001:001053C4 0000005D C=CODE    S=_TEXT    G=(none)   M=C:\WORK\HARBOUR\LIB\HBCOMMON.LIB|hbfopen ACBP=A9
 0001:00105424 000003D3 C=CODE    S=_TEXT    G=(none)   M=C:\WORK\HARBOUR\LIB\HBCOMMON.LIB|hbfsapi ACBP=A9
 0001:001057F8 00000150 C=CODE    S=_TEXT    G=(none)   M=C:\WORK\HARBOUR\LIB\HBCOMMON.LIB|hbgete ACBP=A9
 0001:00105948 0000032F C=CODE    S=_TEXT    G=(none)   M=C:\WORK\HARBOUR\LIB\HBCOMMON.LIB|hbhash ACBP=A9
 0001:00105C78 00001BF9 C=CODE    S=_TEXT    G=(none)   M=C:\WORK\HARBOUR\LIB\HBCOMMON.LIB|hbprintf ACBP=A9
 0001:00107874 000014CC C=CODE    S=_TEXT    G=(none)   M=C:\WORK\HARBOUR\LIB\HBCOMMON.LIB|hbstr ACBP=A9
 0001:00108D40 00000829 C=CODE    S=_TEXT    G=(none)   M=C:\WORK\HARBOUR\LIB\HBCOMMON.LIB|hbver ACBP=A9
 0001:0010956C 000002D9 C=CODE    S=_TEXT    G=(none)   M=C:\WORK\HARBOUR\LIB\HBCOMMON.LIB|hbverdsp ACBP=A9
 0001:00109848 000001CF C=CODE    S=_TEXT    G=(none)   M=C:\WORK\HARBOUR\LIB\HBCOMMON.LIB|hbwin ACBP=A9
 0001:00109A18 0000060D C=CODE    S=_TEXT    G=(none)   M=C:\WORK\HARBOUR\LIB\HBCOMMON.LIB|strwild ACBP=A9
 0001:0010A028 0000004F C=CODE    S=_TEXT    G=(none)   M=C:\WORK\HARBOUR\LIB\HBPP.LIB|pptable ACBP=A9
 0001:0010A078 0000A719 C=CODE    S=_TEXT    G=(none)   M=C:\WORK\HARBOUR\LIB\HBPP.LIB|ppcore ACBP=A9
 0001:00114794 00003242 C=CODE    S=_TEXT    G=(none)   M=C:\WORK\HARBOUR\LIB\HBRDD.LIB|dbcmd ACBP=A9
 0001:001179D8 00000A99 C=CODE    S=_TEXT    G=(none)   M=C:\WORK\HARBOUR\LIB\HBRDD.LIB|dbcmd53 ACBP=A9
 0001:00118474 00009CD8 C=CODE    S=_TEXT    G=(none)   M=C:\WORK\HARBOUR\LIB\HBRDD.LIB|dbf1 ACBP=A9
 0001:0012214C 00000016 C=CODE    S=_TEXT    G=(none)   M=C:\WORK\HARBOUR\LIB\HBRDD.LIB|fieldhb ACBP=A9
 0001:00122164 00000076 C=CODE    S=_TEXT    G=(none)   M=C:\WORK\HARBOUR\LIB\HBRDD.LIB|ordcount ACBP=A9
 0001:001221DC 00000148 C=CODE    S=_TEXT    G=(none)   M=C:\WORK\HARBOUR\LIB\HBRDD.LIB|ordwldsk ACBP=A9
 0001:00122324 000025C6 C=CODE    S=_TEXT    G=(none)   M=C:\WORK\HARBOUR\LIB\HBRDD.LIB|workarea ACBP=A9
 0001:001248EC 00000C17 C=CODE    S=_TEXT    G=(none)   M=C:\WORK\HARBOUR\LIB\HBRDD.LIB|wacore ACBP=A9
 0001:00125504 000016AB C=CODE    S=_TEXT    G=(none)   M=C:\WORK\HARBOUR\LIB\HBRDD.LIB|wafunc ACBP=A9
 0001:00126BB0 0000031C C=CODE    S=_TEXT    G=(none)   M=C:\WORK\HARBOUR\LIB\HBRDD.LIB|rddord ACBP=A9
 0001:00126ECC 00000021 C=CODE    S=_TEXT    G=(none)   M=C:\WORK\HARBOUR\LIB\HBRDD.LIB|rddsys ACBP=A9
 0001:00126EF0 0000AFD8 C=CODE    S=_TEXT    G=(none)   M=C:\WORK\HARBOUR\LIB\RDDNTX.LIB|dbfntx1 ACBP=A9
 0001:00131EC8 00007CC8 C=CODE    S=_TEXT    G=(none)   M=C:\WORK\HARBOUR\LIB\RDDFPT.LIB|dbffpt1 ACBP=A9
 0001:00139B90 000000AC C=CODE    S=_TEXT    G=(none)   M=C:\WORK\HARBOUR\LIB\HBWIN.LIB|oleauto ACBP=A9
 0001:00139C3C 00000034 C=CODE    S=_TEXT    G=(none)   M=C:\WORK\HARBOUR\LIB\HBWIN.LIB|axfunc ACBP=A9
 0001:00139C70 00000048 C=CODE    S=_TEXT    G=(none)   M=C:\WORK\HARBOUR\LIB\HBWIN.LIB|win_os ACBP=A9
 0001:00139CB8 000000C0 C=CODE    S=_TEXT    G=(none)   M=C:\WORK\HARBOUR\LIB\HBWIN.LIB|win_reg ACBP=A9
 0001:00139D78 00000A3C C=CODE    S=_TEXT    G=(none)   M=C:\WORK\HARBOUR\LIB\HBWIN.LIB|axcore ACBP=A9
 0001:0013A7B4 00003A3C C=CODE    S=_TEXT    G=(none)   M=C:\WORK\HARBOUR\LIB\HBWIN.LIB|olecore ACBP=A9
 0001:0013E1F0 0000025E C=CODE    S=_TEXT    G=(none)   M=C:\WORK\HARBOUR\LIB\HBWIN.LIB|wapi_alloc ACBP=A9
 0001:0013E450 00000026 C=CODE    S=_TEXT    G=(none)   M=C:\WORK\HARBOUR\LIB\HBWIN.LIB|wapi_err ACBP=A9
 0001:0013E478 00000132 C=CODE    S=_TEXT    G=(none)   M=C:\WORK\HARBOUR\LIB\HBWIN.LIB|wapi_misc ACBP=A9
 0001:0013E5AC 000000EC C=CODE    S=_TEXT    G=(none)   M=C:\WORK\HARBOUR\LIB\HBWIN.LIB|wapi_shellapi ACBP=A9
 0001:0013E698 000002AF C=CODE    S=_TEXT    G=(none)   M=C:\WORK\HARBOUR\LIB\HBWIN.LIB|wapi_winbase_2 ACBP=A9
 0001:0013E948 00001699 C=CODE    S=_TEXT    G=(none)   M=C:\WORK\HARBOUR\LIB\HBWIN.LIB|wapi_wingdi ACBP=A9
 0001:0013FFE4 00000FD3 C=CODE    S=_TEXT    G=(none)   M=C:\WORK\HARBOUR\LIB\HBWIN.LIB|wapi_winuser_1 ACBP=A9
 0001:00140FB8 00000176 C=CODE    S=_TEXT    G=(none)   M=C:\WORK\HARBOUR\LIB\HBWIN.LIB|wapi_winuser_2 ACBP=A9
 0001:00141130 00000410 C=CODE    S=_TEXT    G=(none)   M=C:\WORK\HARBOUR\LIB\HBWIN.LIB|win_misc_1 ACBP=A9
 0001:00141540 00000425 C=CODE    S=_TEXT    G=(none)   M=C:\WORK\HARBOUR\LIB\HBWIN.LIB|win_osc ACBP=A9
 0001:00141968 000004E2 C=CODE    S=_TEXT    G=(none)   M=C:\WORK\HARBOUR\LIB\HBWIN.LIB|win_regc ACBP=A9
 0001:00141E4C 000003A6 C=CODE    S=_TEXT    G=(none)   M=C:\WORK\HARBOUR\LIB\HBSIX.LIB|sxcrypt ACBP=A9
 0001:001421F4 000000E8 C=CODE    S=_TEXT    G=(none)   M=C:\WORK\HARBOUR\LIB\HBSIX.LIB|sxdate ACBP=A9
 0001:001422DC 00000188 C=CODE    S=_TEXT    G=(none)   M=C:\WORK\HARBOUR\LIB\HBZIPARC.LIB|ziparc ACBP=A9
 0001:00142464 0000002C C=CODE    S=_TEXT    G=(none)   M=C:\WORK\HARBOUR\LIB\HBCPAGE.LIB|cpcs852 ACBP=A9
 0001:00142490 0000002C C=CODE    S=_TEXT    G=(none)   M=C:\WORK\HARBOUR\LIB\HBCPAGE.LIB|cpde850 ACBP=A9
 0001:001424BC 0000002C C=CODE    S=_TEXT    G=(none)   M=C:\WORK\HARBOUR\LIB\HBCPAGE.LIB|cpel737 ACBP=A9
 0001:001424E8 000062E0 C=CODE    S=_TEXT    G=(none)   M=C:\WORK\HARBOUR\LIB\HBCPLR.LIB|harboury ACBP=A9
 0001:001487C8 00000FB8 C=CODE    S=_TEXT    G=(none)   M=C:\WORK\HARBOUR\LIB\HBCPLR.LIB|cmdcheck ACBP=A9
 0001:00149780 00000703 C=CODE    S=_TEXT    G=(none)   M=C:\WORK\HARBOUR\LIB\HBCPLR.LIB|compi18n ACBP=A9
 0001:00149E84 00002899 C=CODE    S=_TEXT    G=(none)   M=C:\WORK\HARBOUR\LIB\HBCPLR.LIB|complex ACBP=A9
 0001:0014C720 000009AF C=CODE    S=_TEXT    G=(none)   M=C:\WORK\HARBOUR\LIB\HBCPLR.LIB|expropta ACBP=A9
 0001:0014D0D0 00006E54 C=CODE    S=_TEXT    G=(none)   M=C:\WORK\HARBOUR\LIB\HBCPLR.LIB|exproptb ACBP=A9
 0001:00153F24 00004494 C=CODE    S=_TEXT    G=(none)   M=C:\WORK\HARBOUR\LIB\HBCPLR.LIB|genc ACBP=A9
 0001:001583B8 00004B30 C=CODE    S=_TEXT    G=(none)   M=C:\WORK\HARBOUR\LIB\HBCPLR.LIB|gencc ACBP=A9
 0001:0015CEE8 0000028F C=CODE    S=_TEXT    G=(none)   M=C:\WORK\HARBOUR\LIB\HBCPLR.LIB|genhrb ACBP=A9
 0001:0015D178 00000494 C=CODE    S=_TEXT    G=(none)   M=C:\WORK\HARBOUR\LIB\HBCPLR.LIB|hbcmplib ACBP=A9
 0001:0015D60C 000005E6 C=CODE    S=_TEXT    G=(none)   M=C:\WORK\HARBOUR\LIB\HBCPLR.LIB|hbcomp ACBP=A9
 0001:0015DBF4 00000250 C=CODE    S=_TEXT    G=(none)   M=C:\WORK\HARBOUR\LIB\HBCPLR.LIB|hbdbginf ACBP=A9
 0001:0015DE44 00000895 C=CODE    S=_TEXT    G=(none)   M=C:\WORK\HARBOUR\LIB\HBCPLR.LIB|hbdead ACBP=A9
 0001:0015E6DC 00000137 C=CODE    S=_TEXT    G=(none)   M=C:\WORK\HARBOUR\LIB\HBCPLR.LIB|hbfix ACBP=A9
 0001:0015E814 0000016E C=CODE    S=_TEXT    G=(none)   M=C:\WORK\HARBOUR\LIB\HBCPLR.LIB|hbfunchk ACBP=A9
 0001:0015E984 000002E4 C=CODE    S=_TEXT    G=(none)   M=C:\WORK\HARBOUR\LIB\HBCPLR.LIB|hbgenerr ACBP=A9
 0001:0015EC68 0000010D C=CODE    S=_TEXT    G=(none)   M=C:\WORK\HARBOUR\LIB\HBCPLR.LIB|hbident ACBP=A9
 0001:0015ED78 000003DD C=CODE    S=_TEXT    G=(none)   M=C:\WORK\HARBOUR\LIB\HBCPLR.LIB|hblbl ACBP=A9
 0001:0015F158 00005896 C=CODE    S=_TEXT    G=(none)   M=C:\WORK\HARBOUR\LIB\HBCPLR.LIB|hbmain ACBP=A9
 0001:001649F0 00002120 C=CODE    S=_TEXT    G=(none)   M=C:\WORK\HARBOUR\LIB\HBCPLR.LIB|hbopt ACBP=A9
 0001:00166B10 0000058F C=CODE    S=_TEXT    G=(none)   M=C:\WORK\HARBOUR\LIB\HBCPLR.LIB|hbpcode ACBP=A9
 0001:001670A0 00000102 C=CODE    S=_TEXT    G=(none)   M=C:\WORK\HARBOUR\LIB\HBCPLR.LIB|hbstripl ACBP=A9
 0001:001671A4 0000012A C=CODE    S=_TEXT    G=(none)   M=C:\WORK\HARBOUR\LIB\HBCPLR.LIB|hbusage ACBP=A9
 0001:001672D0 0000088F C=CODE    S=_TEXT    G=(none)   M=C:\WORK\HARBOUR\LIB\HBCPLR.LIB|ppcomp ACBP=A9
 0001:00167B60 00001EC6 C=CODE    S=_TEXT    G=(none)   M=C:\WORK\HARBOUR\LIB\HBMZIP.LIB|mzip ACBP=A9
 0001:00169A28 00000355 C=CODE    S=_TEXT    G=(none)   M=C:\WORK\HARBOUR\LIB\MINIZIP.LIB|ioapi ACBP=A9
 0001:00169D80 00002A18 C=CODE    S=_TEXT    G=(none)   M=C:\WORK\HARBOUR\LIB\MINIZIP.LIB|zip ACBP=A9
 0001:0016C798 00002500 C=CODE    S=_TEXT    G=(none)   M=C:\WORK\HARBOUR\LIB\MINIZIP.LIB|unzip ACBP=A9
 0001:0016EC98 0000005C C=CODE    S=_TEXT    G=(none)   M=C:\WORK\HARBOUR\LIB\XHB.LIB|decode ACBP=A9
 0001:0016ECF4 00000034 C=CODE    S=_TEXT    G=(none)   M=C:\WORK\HARBOUR\LIB\XHB.LIB|regexrpl ACBP=A9
 0001:0016ED28 00000034 C=CODE    S=_TEXT    G=(none)   M=C:\WORK\HARBOUR\LIB\XHB.LIB|xhbmisc ACBP=A9
 0001:0016ED5C 00000200 C=CODE    S=_TEXT    G=(none)   M=C:\WORK\HARBOUR\LIB\XHB.LIB|xhbole ACBP=A9
 0001:0016EF5C 00000316 C=CODE    S=_TEXT    G=(none)   M=C:\WORK\HARBOUR\LIB\XHB.LIB|xhbat ACBP=A9
 0001:0016F274 00000036 C=CODE    S=_TEXT    G=(none)   M=C:\WORK\HARBOUR\LIB\XHB.LIB|xhbdate ACBP=A9
 0001:0016F2AC 0000002F C=CODE    S=_TEXT    G=(none)   M=C:\WORK\HARBOUR\LIB\XHB.LIB|xhbenum ACBP=A9
 0001:0016F2DC 000004B2 C=CODE    S=_TEXT    G=(none)   M=C:\WORK\HARBOUR\LIB\XHB.LIB|xhbfunc ACBP=A9
 0001:0016F790 00000106 C=CODE    S=_TEXT    G=(none)   M=C:\WORK\HARBOUR\LIB\XHB.LIB|xhbhash ACBP=A9
 0001:0016F898 00000006 C=CODE    S=_TEXT    G=(none)   M=C:\WORK\HARBOUR\LIB\XHB.LIB|xhbi18n ACBP=A9
 0001:0016F8A0 00000051 C=CODE    S=_TEXT    G=(none)   M=C:\WORK\HARBOUR\LIB\XHB.LIB|xhbmtc ACBP=A9
 0001:0016F8F4 00000034 C=CODE    S=_TEXT    G=(none)   M=C:\WORK\HARBOUR\LIB\XHB.LIB|xhbolec ACBP=A9
 0001:0016F928 00000091 C=CODE    S=_TEXT    G=(none)   M=C:\WORK\HARBOUR\LIB\XHB.LIB|xhbwin ACBP=A9
 0001:0016F9BC 0000004F C=CODE    S=_TEXT    G=(none)   M=C:\WORK\HARBOUR\LIB\XHB.LIB|xthrow ACBP=A9
 0001:0016FA0C 0000009E C=CODE    S=_TEXT    G=(none)   M=C:\WORK\HARBOUR\LIB\XHB.LIB|xwin_ver ACBP=A9
 0001:0016FAAC 000000C0 C=CODE    S=_TEXT    G=(none)   M=C:\WORK\HARBOUR\LIB\HBCT.LIB|ctmisc ACBP=A9
 0001:0016FB6C 0000005C C=CODE    S=_TEXT    G=(none)   M=C:\WORK\HARBOUR\LIB\HBCT.LIB|cttime ACBP=A9
 0001:0016FBC8 000000E9 C=CODE    S=_TEXT    G=(none)   M=C:\WORK\HARBOUR\LIB\HBCT.LIB|ascpos ACBP=A9
 0001:0016FCB4 000003C5 C=CODE    S=_TEXT    G=(none)   M=C:\WORK\HARBOUR\LIB\HBCT.LIB|atnum ACBP=A9
 0001:0017007C 000001C3 C=CODE    S=_TEXT    G=(none)   M=C:\WORK\HARBOUR\LIB\HBCT.LIB|blank ACBP=A9
 0001:00170240 00000158 C=CODE    S=_TEXT    G=(none)   M=C:\WORK\HARBOUR\LIB\HBCT.LIB|charmirr ACBP=A9
 0001:00170398 00000329 C=CODE    S=_TEXT    G=(none)   M=C:\WORK\HARBOUR\LIB\HBCT.LIB|charone ACBP=A9
 0001:001706C4 00000251 C=CODE    S=_TEXT    G=(none)   M=C:\WORK\HARBOUR\LIB\HBCT.LIB|charonly ACBP=A9
 0001:00170918 00000252 C=CODE    S=_TEXT    G=(none)   M=C:\WORK\HARBOUR\LIB\HBCT.LIB|charrepl ACBP=A9
 0001:00170B6C 00000205 C=CODE    S=_TEXT    G=(none)   M=C:\WORK\HARBOUR\LIB\HBCT.LIB|charswap ACBP=A9
 0001:00170D74 000002DB C=CODE    S=_TEXT    G=(none)   M=C:\WORK\HARBOUR\LIB\HBCT.LIB|ctc ACBP=A9
 0001:00171050 000000AA C=CODE    S=_TEXT    G=(none)   M=C:\WORK\HARBOUR\LIB\HBCT.LIB|ctmath ACBP=A9
 0001:001710FC 0000047D C=CODE    S=_TEXT    G=(none)   M=C:\WORK\HARBOUR\LIB\HBCT.LIB|ctmath2 ACBP=A9
 0001:0017157C 000002CB C=CODE    S=_TEXT    G=(none)   M=C:\WORK\HARBOUR\LIB\HBCT.LIB|ctnet ACBP=A9
 0001:00171848 000001D1 C=CODE    S=_TEXT    G=(none)   M=C:\WORK\HARBOUR\LIB\HBCT.LIB|ctpad ACBP=A9
 0001:00171A1C 000004C4 C=CODE    S=_TEXT    G=(none)   M=C:\WORK\HARBOUR\LIB\HBCT.LIB|ctstr ACBP=A9
 0001:00171EE0 0000045E C=CODE    S=_TEXT    G=(none)   M=C:\WORK\HARBOUR\LIB\HBCT.LIB|ctstrfil ACBP=A9
[...]
 0002:00178A04  D2585_1
 0002:00179FE0  D2591_1
 0002:0017BECC  D2593_1
 0002:0017CD48  D2597_1
 0002:0017E04C  D2613_1
 0002:0017F10C  D2615_1
 0002:0018226C  D2621_1
 0002:00187778  D2623_1
 0002:00188214  D2626_1
 0002:00196E04  D2632_1
 0002:00196EF4  D2638_1
 0002:001996FC  D2642_1
 0002:0019E9E0  D2646_1
 0002:0019EC40  D2648_1
 0002:001AB59C  D2650_1
 0002:001E7FF0  D2652_1
 0002:001E7FFC  _bDbgBreak
 0002:001E8000  _bDbgActive
 0002:001E8008  D2654_1
 0002:001E800C  D2656_1
 0002:001E8030  D2658_1
 0002:001E8034  _wLastKey
 0002:001E803C  D2660_1
 0002:001E804C  D2666_1
 0002:001E8060  D2670_1
 0002:001E8074  D2674_1
 0002:001E8080  D2676_1
 0002:001E8080  _regex
 0002:001E8368  D2678_1
 0002:001E83B4  __odtbl__ TActiveX::TActiveX(HWND__ *)
 0002:001E83D4  __ectbl__ TActiveX::TActiveX(HWND__ *)
 0002:001E8410  __odtbl__ HB_FUN_CREATEACTIVEX()
 0002:001E8420  __ectbl__ HB_FUN_CREATEACTIVEX()
 0002:001E8450  @TActiveXEvent@3
 0002:001E8478  @TActiveX@3
 0002:001E8608  @IDispatch@3
 0002:001E8630  @IOleControlSite@3
 0002:001E8664  @IOleInPlaceUIWindow@3
 0002:001E8694  @IOleInPlaceFrame@3
 0002:001E86DC  @IOleWindow@3
 0002:001E86FC  @IOleInPlaceSite@3
 0002:001E8744  @IUnknown@3
 0002:001E875C  @IOleClientSite@3
 0002:001E878C  __ectbl__ __stdcall TActiveX::Release()
 0002:001E8798  D2684_1
 0002:001E8C9C  __odtbl__ HB_FUN_GDIP_IMAGEFROMSTR()
 0002:001E8CAC  __ectbl__ HB_FUN_GDIP_IMAGEFROMSTR()
 0002:001E8CDC  __odtbl__ HB_FUN_GDIP_IMAGEFROMFILE()
 0002:001E8CEC  __ectbl__ HB_FUN_GDIP_IMAGEFROMFILE()
 0002:001E8D1C  __odtbl__ DrawShapes(Gdiplus::Graphics *, Gdiplus::Rect *, void *)
 0002:001E8E2C  __ectbl__ DrawShapes(Gdiplus::Graphics *, Gdiplus::Rect *, void *)
 0002:001E909C  __odtbl__ HB_FUN_GDIP_NEWALPHABMP()
 0002:001E90CC  __ectbl__ HB_FUN_GDIP_NEWALPHABMP()
 0002:001E9144  __odtbl__ HB_FUN_GDIP_DRAWSHAPES()
 0002:001E9164  __ectbl__ HB_FUN_GDIP_DRAWSHAPES()
 0002:001E91B8  __odtbl__ HB_FUN_GDIP_FROMHBITMAP()
 0002:001E9218  __ectbl__ HB_FUN_GDIP_FROMHBITMAP()
 0002:001E92FC  __odtbl__ HB_FUN_GDIP_DRAWIMAGE()
 0002:001E933C  __ectbl__ HB_FUN_GDIP_DRAWIMAGE()
 0002:001E93C0  __odtbl__ HB_FUN_GDIP_SAYIMAGE()
 0002:001E9410  __ectbl__ HB_FUN_GDIP_SAYIMAGE()
 0002:001E94F4  __odtbl__ HB_FUN_GDIP_CLONEIMAGE()
 0002:001E9504  __ectbl__ HB_FUN_GDIP_CLONEIMAGE()
 0002:001E9534  __odtbl__ HB_FUN_GDIP_DELETEIMAGE()
 0002:001E9544  __ectbl__ HB_FUN_GDIP_DELETEIMAGE()
 0002:001E9574  __odtbl__ HB_FUN_GDIP_FILLRECT()
 0002:001E95A4  __ectbl__ HB_FUN_GDIP_FILLRECT()
 0002:001E961C  __odtbl__ HB_FUN_GDIP_COLORBRUSH()
 0002:001E962C  __ectbl__ HB_FUN_GDIP_COLORBRUSH()
 0002:001E965C  __odtbl__ HB_FUN_GDIP_IMAGEBRUSH()
 0002:001E966C  __ectbl__ HB_FUN_GDIP_IMAGEBRUSH()
 0002:001E969C  __odtbl__ HB_FUN_GDIP_DELETEBRUSH()
 0002:001E96AC  __ectbl__ HB_FUN_GDIP_DELETEBRUSH()
 0002:001E96DC  __odtbl__ HB_FUN_GDIP_DRAWARROW()
 0002:001E970C  __ectbl__ HB_FUN_GDIP_DRAWARROW()
 0002:001E9784  __odtbl__ HB_FUN_GDIP_DRAWTEXT()
 0002:001E97F0  __ectbl__ HB_FUN_GDIP_DRAWTEXT()
 0002:001E988C  __odtbl__ HB_FUN_GDIP_PIE()
 0002:001E98DC  __ectbl__ HB_FUN_GDIP_PIE()
 0002:001E999C  __odtbl__ HB_FUN_GDIP_HOLLOWTEXT()
 0002:001E9A3C  __ectbl__ HB_FUN_GDIP_HOLLOWTEXT()
 0002:001E9B80  __odtbl__ HB_FUN_GDIP_GRAD()
 0002:001E9BC0  __ectbl__ HB_FUN_GDIP_GRAD()
 0002:001E9C5C  __odtbl__ HB_FUN_GDIP_FROMRESOURCE()
 0002:001E9C9C  __ectbl__ HB_FUN_GDIP_FROMRESOURCE()
 0002:001E9D38  __odtbl__ HB_FUN_GDIP_SAVEIMAGE()
 0002:001E9D78  __ectbl__ HB_FUN_GDIP_SAVEIMAGE()
 0002:001E9E14  __ectbl__ Gdiplus::Point::Point()
 0002:001E9E20  __ectbl__ Gdiplus::Color::Color()
 0002:001E9E2C  @Gdiplus@LinearGradientBrush@3
 0002:001E9E40  @Gdiplus@CustomLineCap@3
 0002:001E9E50  @Gdiplus@AdjustableArrowCap@3
 0002:001E9E60  @Gdiplus@TextureBrush@3
 0002:001E9E74  @Gdiplus@Brush@3
 0002:001E9E88  @Gdiplus@SolidBrush@3
 0002:001E9E9C  @Gdiplus@Image@3
 0002:001E9EB0  @Gdiplus@Bitmap@3
 0002:001E9EC4  __ectbl__ Gdiplus::LinearGradientBrush::~LinearGradientBrush()
 0002:001E9ED0  __odtbl__ Gdiplus::Brush::Clone() const
 0002:001E9EE0  __ectbl__ Gdiplus::Brush::Clone() const
 0002:001E9F10  __ectbl__ Gdiplus::AdjustableArrowCap::~AdjustableArrowCap()
 0002:001E9F1C  __ectbl__ Gdiplus::TextureBrush::~TextureBrush()
 0002:001E9F28  __ectbl__ Gdiplus::SolidBrush::~SolidBrush()
 0002:001E9F34  __odtbl__ Gdiplus::Image::Clone()
 0002:001E9F44  __ectbl__ Gdiplus::Image::Clone()
 0002:001E9F74  __ectbl__ Gdiplus::Bitmap::~Bitmap()
 0002:001E9F80  D2686_1
 0002:001EA4AC  __odtbl__ HB_FUN_GDIPLUSNEWGRAPHICS()
 0002:001EA4BC  __ectbl__ HB_FUN_GDIPLUSNEWGRAPHICS()
 0002:001EA4EC  __odtbl__ HB_FUN_GDIPLUSNEWGRAPHICSWND()
 0002:001EA4FC  __ectbl__ HB_FUN_GDIPLUSNEWGRAPHICSWND()
 0002:001EA52C  __odtbl__ HB_FUN_GDIPLUSNEWGRAPHICSIMG()
 0002:001EA53C  __ectbl__ HB_FUN_GDIPLUSNEWGRAPHICSIMG()
 0002:001EA56C  __odtbl__ HB_FUN_GDIPLUSGRAPHICSFROMIMG()
 0002:001EA57C  __ectbl__ HB_FUN_GDIPLUSGRAPHICSFROMIMG()
 0002:001EA5AC  __ectbl__ HB_FUN_GDIPLUSDELETEGRAPHICS()
 0002:001EA5B8  __odtbl__ HB_FUN_GDIPLUSNEWPEN()
 0002:001EA5C8  __ectbl__ HB_FUN_GDIPLUSNEWPEN()
 0002:001EA5F8  __ectbl__ HB_FUN_GDIPLUSDELETEPEN()
 0002:001EA604  __odtbl__ HB_FUN_GDIPLUSNEWSOLIDBRUSH()
 0002:001EA614  __ectbl__ HB_FUN_GDIPLUSNEWSOLIDBRUSH()
 0002:001EA644  __odtbl__ HB_FUN_GDIPLUSDELETEBRUSH()
 0002:001EA654  __ectbl__ HB_FUN_GDIPLUSDELETEBRUSH()
 0002:001EA684  __odtbl__ HB_FUN_GDIPLUSDRAWTEXT()
 0002:001EA6B4  __ectbl__ HB_FUN_GDIPLUSDRAWTEXT()
 0002:001EA6FC  __odtbl__ HB_FUN_GDIPLUSDRAWTEXTFONT()
 0002:001EA71C  __ectbl__ HB_FUN_GDIPLUSDRAWTEXTFONT()
 0002:001EA740  __odtbl__ HB_FUN_GDIPLUSDRAWTEXTLF()
 0002:001EA760  __ectbl__ HB_FUN_GDIPLUSDRAWTEXTLF()
 0002:001EA784  __odtbl__ HB_FUN_GDIPLUSCREATEREGIONFROMGPATH()
 0002:001EA794  __ectbl__ HB_FUN_GDIPLUSCREATEREGIONFROMGPATH()
 0002:001EA7C4  __odtbl__ HB_FUN_GDIPLUSCREATEPATH()
 0002:001EA7D4  __ectbl__ HB_FUN_GDIPLUSCREATEPATH()
 0002:001EA804  __ectbl__ HB_FUN_GDIPLUSDELETEPATH()
 0002:001EA810  __odtbl__ HB_FUN_GDIPLUSROTATEPATH()
 0002:001EA820  __ectbl__ HB_FUN_GDIPLUSROTATEPATH()
 0002:001EA850  __odtbl__ HB_FUN_GDIPLUSROTATECENTERPATH()
 0002:001EA860  __ectbl__ HB_FUN_GDIPLUSROTATECENTERPATH()
 0002:001EA890  __odtbl__ HB_FUN_GDIPLUSSCALEPATH()
 0002:001EA8A0  __ectbl__ HB_FUN_GDIPLUSSCALEPATH()
 0002:001EA8D0  __odtbl__ HB_FUN_GDIPLUSTRANSLATEPATH()
 0002:001EA8E0  __ectbl__ HB_FUN_GDIPLUSTRANSLATEPATH()
 0002:001EA910  __odtbl__ HB_FUN_GDIPLUSNEWGRADIENTBRUSH()
 0002:001EA950  __ectbl__ HB_FUN_GDIPLUSNEWGRADIENTBRUSH()
 0002:001EA9EC  __odtbl__ HB_FUN_GDIPLUSANGLEGRADIENTBRUSH()
 0002:001EA9FC  __ectbl__ HB_FUN_GDIPLUSANGLEGRADIENTBRUSH()
 0002:001EAA2C  __odtbl__ HB_FUN_GDIPLUSPATHADDSTRING()
 0002:001EAA3C  __ectbl__ HB_FUN_GDIPLUSPATHADDSTRING()
 0002:001EAA6C  __odtbl__ HB_FUN_GDIPLUSCREATEIMAGEFROMRES()
 0002:001EAA7C  __ectbl__ HB_FUN_GDIPLUSCREATEIMAGEFROMRES()
 0002:001EAAAC  __odtbl__ HB_FUN_GDIPLUSIMAGERESIZE()
 0002:001EAACC  __ectbl__ HB_FUN_GDIPLUSIMAGERESIZE()
 0002:001EAB20  __odtbl__ HB_FUN_GDIPLUSIMAGESAVEQUALITY()
 0002:001EAB50  __ectbl__ HB_FUN_GDIPLUSIMAGESAVEQUALITY()
 0002:001EABC8  __odtbl__ HB_FUN_GDIPLUSIMAGECREATETHUMB()
 0002:001EABD8  __ectbl__ HB_FUN_GDIPLUSIMAGECREATETHUMB()
 0002:001EAC14  __odtbl__ HB_FUN_GDIPLUSIMAGEDISPOSE()
 0002:001EAC24  __ectbl__ HB_FUN_GDIPLUSIMAGEDISPOSE()
 0002:001EAC54  __odtbl__ HB_FUN_GDIPLUSIMAGESET32BITS()
 0002:001EAC84  __ectbl__ HB_FUN_GDIPLUSIMAGESET32BITS()
 0002:001EACFC  __odtbl__ HB_FUN_GDIPLUSIMAGELOADPNGFROMSTR()
 0002:001EAD0C  __ectbl__ HB_FUN_GDIPLUSIMAGELOADPNGFROMSTR()
 0002:001EAD3C  __odtbl__ HB_FUN_GDIPLUSIMAGELOADPNGFROMRESOURCES()
 0002:001EAD4C  __ectbl__ HB_FUN_GDIPLUSIMAGELOADPNGFROMRESOURCES()
 0002:001EAD7C  __odtbl__ HB_FUN_GDIPLUSEMFTOJPG()
 0002:001EADEC  __ectbl__ HB_FUN_GDIPLUSEMFTOJPG()
 0002:001EAEF4  __odtbl__ HB_FUN_GDIPLUSIMAGELOADCACHEDFILE()
 0002:001EAF34  __ectbl__ HB_FUN_GDIPLUSIMAGELOADCACHEDFILE()
 0002:001EAFD0  __odtbl__ HB_FUN_GDIPLUSIMAGEMATRIXCUSTOM()
 0002:001EB030  __ectbl__ HB_FUN_GDIPLUSIMAGEMATRIXCUSTOM()
 0002:001EB0F0  __odtbl__ HB_FUN_GDIPLUSIMAGECROP()
 0002:001EB110  __ectbl__ HB_FUN_GDIPLUSIMAGECROP()
 0002:001EB164  __odtbl__ HB_FUN_GDIPLUSIMAGEMATRIXTOGRAY()
 0002:001EB1C4  __ectbl__ HB_FUN_GDIPLUSIMAGEMATRIXTOGRAY()
 0002:001EB284  __odtbl__ HB_FUN_GDIPLUSIMAGEROTATEANGLE()
 0002:001EB2C4  __ectbl__ HB_FUN_GDIPLUSIMAGEROTATEANGLE()
 0002:001EB360  __odtbl__ HB_FUN_GDIPLUSEMFTOBMP()
 0002:001EB3A0  __ectbl__ HB_FUN_GDIPLUSEMFTOBMP()
 0002:001EB43C  __odtbl__ HB_FUN_GDIPLUSIMAGESCALE()
 0002:001EB46C  __ectbl__ HB_FUN_GDIPLUSIMAGESCALE()
 0002:001EB4E4  __odtbl__ HB_FUN_GDIPLUSBMPEMPTY()
 0002:001EB4F4  __ectbl__ HB_FUN_GDIPLUSBMPEMPTY()
 0002:001EB524  __odtbl__ HB_FUN_GDIPMESURETXT()
 0002:001EB584  __ectbl__ HB_FUN_GDIPMESURETXT()
 0002:001EB638  @Gdiplus@Metafile@3
 0002:001EB64C  __ectbl__ Gdiplus::Metafile::~Metafile()
 0002:001EB658  D2708_1
 0002:001EB664  D2710_1
 0002:001F3410  D2712_1
 0002:001F3438  D2714_1
 0002:001F6B54  D2718_1
 0002:001FA6BC  D2720_1
 0002:001FCF80  D2722_1
 0002:001FCFEC  D2724_1
 0002:001FCFF0  D2738_1
 0002:001FD030  D2744_1
 0002:001FD044  D2745_1
 0002:001FD05C  D2753_1
 0002:001FD064  D2757_1
 0002:001FD06C  D2761_1
 0002:001FD104  D2763_1
 0002:001FD108  D2765_1
 0002:001FD110  D2767_1
 0002:001FD76C  D2771_1
 0002:001FD7A0  D2787_1
 0002:001FD81C  D2789_1
 0002:001FD820  D2799_1
 0002:001FD824  D2809_1
 0002:001FD828  D2815_1
 0002:001FD82C  D2817_1
 0002:001FD83C  D2821_1
 0002:001FD860  D2823_1
 0002:001FD864  D2826_1
 0002:001FD87C  D2830_1
 0002:001FD8A0  D2832_1
 0002:001FD8A4  D2836_1
 0002:001FD8B4  D2840_1
 0002:001FD8D8  D2844_1
 0002:001FD8E0  D2848_1
 0002:001FD908  D2854_1
 0002:001FD90C  D2860_1
 0002:001FD91C  D2864_1
 0002:001FD920  D2870_1
 0002:001FDED8  D2872_1
 0002:001FDF78  D2874_1
 0002:001FDF7C  D2880_1
 0002:001FDF80  D2886_1
 0002:001FDF88  D2896_1
 0002:001FE054  D2904_1
 0002:001FFC80  D2908_1
 0002:001FFD6C  D2914_1
 0002:001FFD74  D2923_1
 0002:001FFE3C  D2925_1
 0002:001FFE40  D2927_1
 0002:001FFE44  D2933_1
 0002:001FFE48  D2945_1
 0002:001FFE4C  D2947_1
 0002:002006A0  D2949_1
 0002:002006A4  D2959_1
 0002:002006BC  D2961_1
 0002:002006C0  D2969_1
 0002:002006D0  D2975_1
 0002:002006F4  D2977_1
 0002:002006FC  D2979_1
 0002:002008DC  D2981_1
 0002:00200AD4  D2983_1
 0002:00200DDC  D2987_1
 0002:002016B0  D2988_1
 0002:002016C8  D3005_1
 0002:002017C8  D3007_1
 0002:002019C8  D3011_1
 0002:002019CC  D3015_1
 0002:00201B6C  D3017_1
 0002:00201B7C  D3023_1
 0002:00201BA0  D3025_1
 0002:00201BB4  D3027_1
 0002:00201C7C  D3029_1
 0002:00201C80  D3031_1
 0002:00201C94  D3039_1
 0002:00201C9C  D3047_1
 0002:00201CB4  D3055_1
 0002:00201CCC  D3061_1
 0002:00201D14  D3075_1
 0002:0020220C  D3083_1
 0002:00202210  _pcre_malloc
 0002:00202210  D3093_1
 0002:00202214  _pcre_free
 0002:00202218  _pcre_stack_malloc
 0002:0020221C  _pcre_stack_free
 0002:00202220  _pcre_callout
 0002:00202224  D3122_1
 0002:00202244  D3130_1
 0002:00202294  D3136_1
 0002:002024F4  _hb_uniTbl_437
 0002:0020261C  D3150_1
 0002:00202688  D3156_1
 0002:0020268C  D3160_1
 0002:00202694  D3171_1
 0002:00202698  D3175_1
 0002:002026E8  D3181_1
 0002:00202834  D3185_1
 0002:0020283C  D3187_1
 0002:0020291C  D3189_1
 0002:00202920  D3191_1
 0002:002029F0  D3197_1
 0002:00202A2C  D3208_1
 0002:00202A90  D3210_1
 0002:00202AC4  D3212_1
 0002:00202ACC  D3218_1
 0002:00202AD0  D3222_1
 0002:00202AEC  D3256_1
 0002:002030EC  D3270_1
 0002:002033B4  D3272_1
 0002:002033B8  D3274_1
 0002:002034E0  D3280_1
 0002:0020352C  D3298_1
 0002:0020353C  D3302_1
 0002:00203550  D3322_1
 0002:00203554  D3326_1
 0002:00203564  D3334_1
 0002:00203574  D3338_1
 0002:00203984  D3345_1
 0002:00203998  D3349_1
 0002:0020473C  D3359_1
 0002:00204850  D3382_1
 0002:0020485C  D3384_1
 0002:00204864  D3393_1
 0002:00204868  D3395_1
 0002:00204878  D3419_1
 0002:0020487C  D3423_1
 0002:0020488C  D3445_1
 0002:00204890  D3477_1
 0002:002048B8  D3479_1
 0002:002048C0  D3509_1
 0002:00204950  D3511_1
 0002:00204958  D3515_1
 0002:00204964  D3558_1
 0002:00204B78  D3562_1
 0002:00204FB8  D3570_1
 0002:0020556C  D3584_1
 0002:00205A84  D3610_1
 0002:002064A0  D3620_1
 0002:002081D0  D3634_1
 0002:002084F0  D3654_1
 0002:00208874  D3657_1
 0002:00208880  _hb_symEval
 0002:00208ABC  D3659_1
 0002:00208AC8  D3661_1
 0002:002095C4  D3663_1
 0002:0020960C  D3665_1
 0002:00209618  D3667_1
 0002:0020965C  D3669_1
 0002:00209660  D3671_1
 0002:002096D8  D3673_1
 0002:00209710  D3675_1
 0002:00209718  D3677_1
 0002:0020979C  D3679_1
 0002:002097A0  D3681_1
 0002:002097C4  D3683_1
 0002:002097F0  D3685_1
 0002:002098F0  D3687_1
 0002:00209908  D3695_1
 0002:00209A14  D3697_1
 0002:00209A1C  D3699_1
 0002:00209A24  D3705_1
 0002:00209C44  D3710_1
 0002:0020A180  D3722_1
 0002:0020A188  D3726_1
 0002:0020A1C8  D3736_1
 0002:0020A314  D3774_1
 0002:0020A43C  D3848_1
 0002:0020C140  D3850_1
 0002:0020C158  _hb_macro_ExprTable
 0002:0020C158  D3852_1
 0002:0020C258  D3854_1
 0002:0020C264  D3856_1
 0002:0020C430  D3858_1
 0002:0020C434  D3860_1
 0002:0020CC54  D3864_1
 0002:0020CD20  D3866_1
 0002:0020CD30  D3870_1
 0002:0020CD38  D3878_1
 0002:0020CD74  D3880_1
 0002:0020CD74  _hb_szAscii
 0002:0020D3FC  D3886_1
 0002:0020D63C  D3888_1
 0002:0020D758  D3896_1
 0002:002325F0  D3898_1
 0002:00233220  D3904_1
 0002:00233234  D3916_1
 0002:00233438  D3932_1
 0002:00233610  D3934_1
 0002:00233678  D3936_1
 0002:002336A4  D3962_1
 0002:002338EC  D3966_1
 0002:00233960  D3968_1
 0002:00233DE8  D3974_1
 0002:00234050  D3977_1
 0002:00234690  D3979_1
 0002:002347A4  D3983_1
 0002:00234DFC  D3985_1
 0002:00235764  D3993_1
 0002:002357D8  D3997_1
 0002:00235A64  D4001_1
 0002:00235A8C  D4005_1
 0002:00235A9C  D4007_1
 0002:00235AA0  D4011_1
 0002:00235AC8  D4019_1
 0002:00235C20  D4029_1
 0002:00235C50  D4047_1
 0002:00235C5C  D4095_1
 0002:00236D68  D4115_1
 0002:00236E08  D4125_1
 0002:00236E7C  D4137_1
 0002:00236F20  D4313_0
 0002:00237120  _hb_uniTbl_737
 0002:00237138  D4317_0
 0002:00237338  _hb_uniTbl_850
 0002:00237350  D4319_0
 0002:00237550  _hb_uniTbl_852
 0002:00237568  D4419_1
 0002:00241B80  D4421_1
 0002:00241C0C  D4423_1
 0002:00241CBC  D4425_1
 0002:00242350  D4427_1
 0002:0024238C  D4429_1
 0002:0024238C  _hb_comp_ExprTable
 0002:002424F4  D4431_1
 0002:00243DD4  D4433_1
 0002:00245B8C  D4435_1
 0002:00245BD4  D4437_1
 0002:00245C00  D4439_1
 0002:00245C60  D4441_1
 0002:00245C64  D4443_1
 0002:00245F38  D4445_1
 0002:00246210  D4447_1
 0002:0024671C  _hb_comp_szErrors
 0002:0024671C  D4449_1
 0002:00246854  _hb_comp_szWarnings
 0002:00247954  D4453_1
 0002:00247C28  D4455_1
 0002:00247E54  D4457_1
 0002:00248138  D4459_1
 0002:0024840C  _hb_comp_pcode_len
 0002:0024854C  D4461_1
 0002:00248820  D4463_1
 0002:0024A40C  D4465_1
 0002:0024A448  D4471_1
 0002:0024A480  D4473_1
 0002:0024A48C  D4475_1
 0002:0024A490  _zip_copyright
 0002:0024A4E8  D4477_1
 0002:0024A4E8  _unz_copyright
 0002:0024A540  D4486_1
 0002:0024A9B4  D4502_1
 0002:0024AB04  D4533_1
 0002:0024ABB8  D4537_1
 0002:0024BC2C  D4594_1
 0002:0024BC34  D4670_1
 0002:0024BF90  D4674_1
 0002:0024C2A4  D4746_1
 0002:0024C2B8  D4756_1
 0002:0024C2BC  D4758_1
 0002:0024C2D0  D4760_1
 0002:0024C2DC  D4766_1
 0002:0024C2EC  D4768_1
 0002:0024C2F4  D4776_1
 0002:0024C330  D4778_1
 0002:0024C350  D4781_1
 0002:0024C354  D4835_1
 0002:0024C360  D4853_1
 0002:0024C394  D4857_1
 0002:0024C3C4  D4868_1
 0002:0024C7C4  D4870_1
 0002:0024C844  _deflate_copyright
 0002:0024C88C  D4882_1
 0002:0024C8DC  D4884_1
 0002:0024D358  D4886_1
 0002:0024D454  _inflate_copyright
 0002:0024D484  D4887_1
 0002:0024DBEF  __dist_code
 0002:0024DDEF  __length_code
 0002:0024DEF0  _z_errmsg
 0002:0024DEF0  D4891_1
 0002:0024DF94  _GUID_NULL
 0002:0024DF94  D4959_0
 0002:0024DFA4  _IID_IUnknown
 0002:0024DFB4  _IID_IRichEditOleCallback
 0002:0024DFC4  _IID_IEnumVARIANT
 0002:0024DFD4  _IID_IDispatch
 0002:0024DFE4  _IID_IDataObject
 0002:0024DFF4  _IID_IPersistStreamInit
 0002:0024E004  _IID_IOleControlSite
 0002:0024E014  _IID_IProvideClassInfo2
 0002:0024E024  _IID_IProvideClassInfo
 0002:0024E034  _IID_IConnectionPointContainer
 0002:0024E044  _IID_IOleInPlaceSite
 0002:0024E054  _IID_IOleInPlaceObject
 0002:0024E064  _IID_IOleInPlaceFrame
 0002:0024E074  _IID_IOleInPlaceUIWindow
 0002:0024E084  _IID_IOleWindow
 0002:0024E094  _IID_IOleObject
 0002:0024E0A4  _IID_IOleClientSite
 0003:00000000  B97_2
 0003:00000000  std::_Ios_init
 0003:00000008  std::_Wios_init
 0003:000000C0  std::cin
 0003:00000110  std::cout
 0003:000001B0  std::cerr
 0003:000001F8  std::clog
 0003:00000244  B101_2
 0003:0000024C  B103_2
 0003:0000025C  B111_2
 0003:00000260  B125_2
 0003:00000368  std::wcin
 0003:000003B8  std::wcout
 0003:00000400  std::wcerr
 0003:00000448  std::wclog
 0003:00000494  B137_2
 0003:0000049C  __bormm_pfn_FreeMem
 0003:0000049C  B279_2
 0003:000004A0  __bormm_pfn_GetMem
 0003:000004A4  __bormm_pfn_AllocMem
 0003:000004A8  __bormm_pfn_ReallocMem
 0003:000004AC  __bormm_pfn_HeapAddRef
 0003:000004B0  __bormm_pfn_HeapRelease
 0003:000004B8  __borlndmm_GetMem
 0003:000004BC  B325_2
 0003:000004CD  __FastMM_AllocSize2SmallBlockTypeIndX4
 0003:00000614  __FastMM_LastSequentiallyFedMediumBlock
 0003:00000618  __FastMM_MediumSequentialFeedBytesLeft
 0003:0000061C  __FastMM_MediumBlockBinGroupBitmap
 0003:00000620  __FastMM_MediumBlockBinBitmaps
 0003:000006A0  __FastMM_MediumBlockBins
 0003:000026B8  __pidtab
 0003:000026B8  B733_1
 0003:00002780  __handles
 0003:00002848  B823_2
 0003:00002848  __doserrno
 0003:0000284C  B827_1
 0003:00002850  B829_1
 0003:00002854  B843_2
 0003:00002854  __tmpnum
 0003:00002864  B1581_2
 0003:00002864  __mbctype
 0003:00002968  __mbcsCodePage
 0003:0000296C  B1721_2
 0003:00002A6C  B1739_2
 0003:00002A88  B1755_1
 0003:00002A90  __dbk_fcall_wrapper_addr
 0003:00002A90  B1771_2
 0003:00002A94  B1777_1
 0003:00006A98  __argv
 0003:00006A98  B1841_2
 0003:00006AA4  B1843_2
 0003:00006AA8  B1845_2
 0003:00006AAC  __environ
 0003:00006AAC  B1915_2
 0003:00006AB4  __envsize
 0003:00006AB8  __env_lock
 0003:00006ABC  B1943_1
 0003:00006ABC  __C0argc
 0003:00006AC0  __C0argv
 0003:00006AC4  __C0environ
 0003:00006AC8  __oscmd
 0003:00006ACC  __osenv
 0003:00006AD0  __argc
 0003:00006AD4  __dll_table
 0003:00006ADC  __ExcRegPtr
 0003:00006AE0  __wosenv
 0003:00006AE4  __woscmd
 0003:00006AE8  __wC0argv
 0003:00006AEC  __wC0environ
 0003:00006AF0  __exe_table
 0003:00006AF8  __stkbase
 0003:00006AFC  B1993_2
 0003:00006B04  B2029_2
 0003:00006F0C  B2033_2
 0003:00006F0C  __DestructorCountPtr
 0003:00006F14  B2039_2
 0003:00006F14  __HandlerPtr
 0003:00006F18  __UserHandlerPtr
 0003:00006F1C  B2073_2
 0003:00006F20  ___pCPPdebugHook
 0003:00006F24  _pVCL_add_EH
 0003:00006F28  _pVCL_clear_EH
 0003:00006F2C  _getExceptionObject
 0003:00006F30  _raiseExceptObject
 0003:00006F3C  B2236_2
 0003:00006F3C  _pHTMLHELP
 0003:00006F40  B2338_2
 0003:00006F40  _fp
 0003:00006F44  _nDocLen
 0003:00006F48  B2670_2
 0003:000086B8  B2674_2
 0003:00008848  B2676_2
 0003:0000896C  B2686_2
 0003:0000896C  _gdiplusStartupInput
 0003:0000897C  _gdiplusToken
 0003:00008980  B2720_2
 0003:00008A84  B2724_2
 0003:00008ADC  B2826_2
 0003:00008B84  B2848_2
 0003:00008B88  B2864_2
 0003:00008C28  B2900_1
 0003:00008CA0  B2904_2
 0003:00008D1C  B2923_2
 0003:00008E5C  B2949_2
 0003:00008E64  B2959_2
 0003:00008EA8  B2981_2
 0003:00008EC0  B2983_2
 0003:00008ED8  B3055_2
 0003:00008ED8  _fnIsWow64Process
 0003:00008EDC  B3122_2
 0003:00008FEC  B3136_2
 0003:000092EC  B3191_2
 0003:000094EC  B3222_2
 0003:000094F4  B3270_2
 0003:00009580  B3300_1
 0003:00009584  B3657_2
 0003:00009588  B3667_2
 0003:00009588  _hb_stack
 0003:00009874  B3669_2
 0003:0000988C  B3671_2
 0003:00009A7C  B3774_2
 0003:00009C74  B3848_2
 0003:00009C84  B3916_2
 0003:00009E14  B3968_2
 0003:00009FA8  B3974_2
 0003:0000A138  B3997_2
 0003:0000A144  B4419_2
 0004:00000000  T2033_3
 0004:00000000  ___xxInfo
